<!doctype html public "-//w3c//dtd html 4.0 transitional//en">
<html><head>
<title>Static Call Graph - [.\Objects\SN34F780.axf]</title></head>
<body><HR>
<H1>Static Call Graph for image .\Objects\SN34F780.axf</H1><HR>
<BR><P>#&#060CALLGRAPH&#062# ARM Linker, 6140002: Last Updated: Sun Sep 28 01:48:43 2025
<BR><P>
<H3>Maximum Stack Usage =        176 bytes + Unknown(Cycles, Untraceable Function Pointers)</H3><H3>
Call chain for Maximum Stack Depth:</H3>
main &rArr; HAL_Init &rArr; HAL_InitFlash &rArr; HAL_FLASHEx_ConfigProgram &rArr; FLASH_CLKFreq_Config &rArr; FLASH_WaitForLastOperation
<P>
<H3>
Mutually Recursive functions
</H3> <LI><a href="#[1]">NMI_Handler</a>&nbsp;&nbsp;&nbsp;&rArr;&nbsp;&nbsp;&nbsp;<a href="#[1]">NMI_Handler</a><BR>
 <LI><a href="#[2]">HardFault_Handler</a>&nbsp;&nbsp;&nbsp;&rArr;&nbsp;&nbsp;&nbsp;<a href="#[2]">HardFault_Handler</a><BR>
 <LI><a href="#[3]">MemManage_Handler</a>&nbsp;&nbsp;&nbsp;&rArr;&nbsp;&nbsp;&nbsp;<a href="#[3]">MemManage_Handler</a><BR>
 <LI><a href="#[4]">BusFault_Handler</a>&nbsp;&nbsp;&nbsp;&rArr;&nbsp;&nbsp;&nbsp;<a href="#[4]">BusFault_Handler</a><BR>
 <LI><a href="#[5]">UsageFault_Handler</a>&nbsp;&nbsp;&nbsp;&rArr;&nbsp;&nbsp;&nbsp;<a href="#[5]">UsageFault_Handler</a><BR>
 <LI><a href="#[6]">SVC_Handler</a>&nbsp;&nbsp;&nbsp;&rArr;&nbsp;&nbsp;&nbsp;<a href="#[6]">SVC_Handler</a><BR>
 <LI><a href="#[7]">DebugMon_Handler</a>&nbsp;&nbsp;&nbsp;&rArr;&nbsp;&nbsp;&nbsp;<a href="#[7]">DebugMon_Handler</a><BR>
 <LI><a href="#[8]">PendSV_Handler</a>&nbsp;&nbsp;&nbsp;&rArr;&nbsp;&nbsp;&nbsp;<a href="#[8]">PendSV_Handler</a><BR>
 <LI><a href="#[16]">ADC0_IRQHandler</a>&nbsp;&nbsp;&nbsp;&rArr;&nbsp;&nbsp;&nbsp;<a href="#[16]">ADC0_IRQHandler</a><BR>
 <LI><a href="#[4c]">Error_Handler</a>&nbsp;&nbsp;&nbsp;&rArr;&nbsp;&nbsp;&nbsp;<a href="#[4c]">Error_Handler</a><BR>
</UL>
<P>
<H3>
Function Pointers
</H3><UL>
 <LI><a href="#[16]">ADC0_IRQHandler</a> from startup_sn34f780.o(.text) referenced from startup_sn34f780.o(RESET)
 <LI><a href="#[4]">BusFault_Handler</a> from startup_sn34f780.o(.text) referenced from startup_sn34f780.o(RESET)
 <LI><a href="#[1a]">CAN0_EW_IRQHandler</a> from startup_sn34f780.o(.text) referenced from startup_sn34f780.o(RESET)
 <LI><a href="#[18]">CAN0_RX_IRQHandler</a> from startup_sn34f780.o(.text) referenced from startup_sn34f780.o(RESET)
 <LI><a href="#[19]">CAN0_TT_IRQHandler</a> from startup_sn34f780.o(.text) referenced from startup_sn34f780.o(RESET)
 <LI><a href="#[17]">CAN0_TX_IRQHandler</a> from startup_sn34f780.o(.text) referenced from startup_sn34f780.o(RESET)
 <LI><a href="#[39]">CAN1_EW_IRQHandler</a> from startup_sn34f780.o(.text) referenced from startup_sn34f780.o(RESET)
 <LI><a href="#[37]">CAN1_RX_IRQHandler</a> from startup_sn34f780.o(.text) referenced from startup_sn34f780.o(RESET)
 <LI><a href="#[38]">CAN1_TT_IRQHandler</a> from startup_sn34f780.o(.text) referenced from startup_sn34f780.o(RESET)
 <LI><a href="#[36]">CAN1_TX_IRQHandler</a> from startup_sn34f780.o(.text) referenced from startup_sn34f780.o(RESET)
 <LI><a href="#[1b]">CT16B0_IRQHandler</a> from startup_sn34f780.o(.text) referenced from startup_sn34f780.o(RESET)
 <LI><a href="#[28]">CT16B1_IRQHandler</a> from startup_sn34f780.o(.text) referenced from startup_sn34f780.o(RESET)
 <LI><a href="#[1e]">CT16B2_IRQHandler</a> from startup_sn34f780.o(.text) referenced from startup_sn34f780.o(RESET)
 <LI><a href="#[1d]">CT16B3_IRQHandler</a> from startup_sn34f780.o(.text) referenced from startup_sn34f780.o(RESET)
 <LI><a href="#[27]">CT16B4_IRQHandler</a> from startup_sn34f780.o(.text) referenced from startup_sn34f780.o(RESET)
 <LI><a href="#[1f]">CT16B5_IRQHandler</a> from startup_sn34f780.o(.text) referenced from startup_sn34f780.o(RESET)
 <LI><a href="#[2e]">CT16B6_IRQHandler</a> from startup_sn34f780.o(.text) referenced from startup_sn34f780.o(RESET)
 <LI><a href="#[2f]">CT16B7_IRQHandler</a> from startup_sn34f780.o(.text) referenced from startup_sn34f780.o(RESET)
 <LI><a href="#[1c]">CT16B8_IRQHandler</a> from startup_sn34f780.o(.text) referenced from startup_sn34f780.o(RESET)
 <LI><a href="#[f]">DMA0_CH0_IRQHandler</a> from startup_sn34f780.o(.text) referenced from startup_sn34f780.o(RESET)
 <LI><a href="#[10]">DMA0_CH1_IRQHandler</a> from startup_sn34f780.o(.text) referenced from startup_sn34f780.o(RESET)
 <LI><a href="#[11]">DMA0_CH2_IRQHandler</a> from startup_sn34f780.o(.text) referenced from startup_sn34f780.o(RESET)
 <LI><a href="#[12]">DMA0_CH3_IRQHandler</a> from startup_sn34f780.o(.text) referenced from startup_sn34f780.o(RESET)
 <LI><a href="#[13]">DMA0_CH4_IRQHandler</a> from startup_sn34f780.o(.text) referenced from startup_sn34f780.o(RESET)
 <LI><a href="#[14]">DMA0_CH5_IRQHandler</a> from startup_sn34f780.o(.text) referenced from startup_sn34f780.o(RESET)
 <LI><a href="#[15]">DMA0_CH6_IRQHandler</a> from startup_sn34f780.o(.text) referenced from startup_sn34f780.o(RESET)
 <LI><a href="#[29]">DMA0_CH7_IRQHandler</a> from startup_sn34f780.o(.text) referenced from startup_sn34f780.o(RESET)
 <LI><a href="#[30]">DMA1_CH0_IRQHandler</a> from startup_sn34f780.o(.text) referenced from startup_sn34f780.o(RESET)
 <LI><a href="#[31]">DMA1_CH1_IRQHandler</a> from startup_sn34f780.o(.text) referenced from startup_sn34f780.o(RESET)
 <LI><a href="#[32]">DMA1_CH2_IRQHandler</a> from startup_sn34f780.o(.text) referenced from startup_sn34f780.o(RESET)
 <LI><a href="#[33]">DMA1_CH3_IRQHandler</a> from startup_sn34f780.o(.text) referenced from startup_sn34f780.o(RESET)
 <LI><a href="#[34]">DMA1_CH4_IRQHandler</a> from startup_sn34f780.o(.text) referenced from startup_sn34f780.o(RESET)
 <LI><a href="#[3a]">DMA1_CH5_IRQHandler</a> from startup_sn34f780.o(.text) referenced from startup_sn34f780.o(RESET)
 <LI><a href="#[3b]">DMA1_CH6_IRQHandler</a> from startup_sn34f780.o(.text) referenced from startup_sn34f780.o(RESET)
 <LI><a href="#[3c]">DMA1_CH7_IRQHandler</a> from startup_sn34f780.o(.text) referenced from startup_sn34f780.o(RESET)
 <LI><a href="#[7]">DebugMon_Handler</a> from startup_sn34f780.o(.text) referenced from startup_sn34f780.o(RESET)
 <LI><a href="#[35]">ETH_IRQHandler</a> from startup_sn34f780.o(.text) referenced from startup_sn34f780.o(RESET)
 <LI><a href="#[41]">ETH_WOL_IRQHandler</a> from startup_sn34f780.o(.text) referenced from startup_sn34f780.o(RESET)
 <LI><a href="#[e]">FLASH_IRQHandler</a> from startup_sn34f780.o(.text) referenced from startup_sn34f780.o(RESET)
 <LI><a href="#[3f]">FPU_IRQHandler</a> from startup_sn34f780.o(.text) referenced from startup_sn34f780.o(RESET)
 <LI><a href="#[45]">GPIO0_IRQHandler</a> from startup_sn34f780.o(.text) referenced from startup_sn34f780.o(RESET)
 <LI><a href="#[44]">GPIO1_IRQHandler</a> from startup_sn34f780.o(.text) referenced from startup_sn34f780.o(RESET)
 <LI><a href="#[43]">GPIO2_IRQHandler</a> from startup_sn34f780.o(.text) referenced from startup_sn34f780.o(RESET)
 <LI><a href="#[42]">GPIO3_IRQHandler</a> from sn34f78x_it.o(.text.GPIO3_IRQHandler) referenced from startup_sn34f780.o(RESET)
 <LI><a href="#[2]">HardFault_Handler</a> from startup_sn34f780.o(.text) referenced from startup_sn34f780.o(RESET)
 <LI><a href="#[20]">I2C0_IRQHandler</a> from startup_sn34f780.o(.text) referenced from startup_sn34f780.o(RESET)
 <LI><a href="#[21]">I2C1_IRQHandler</a> from startup_sn34f780.o(.text) referenced from startup_sn34f780.o(RESET)
 <LI><a href="#[3e]">I2C2_IRQHandler</a> from startup_sn34f780.o(.text) referenced from startup_sn34f780.o(RESET)
 <LI><a href="#[40]">LCM_IRQHandler</a> from startup_sn34f780.o(.text) referenced from startup_sn34f780.o(RESET)
 <LI><a href="#[b]">LVD_IRQHandler</a> from startup_sn34f780.o(.text) referenced from startup_sn34f780.o(RESET)
 <LI><a href="#[3]">MemManage_Handler</a> from startup_sn34f780.o(.text) referenced from startup_sn34f780.o(RESET)
 <LI><a href="#[1]">NMI_Handler</a> from startup_sn34f780.o(.text) referenced from startup_sn34f780.o(RESET)
 <LI><a href="#[8]">PendSV_Handler</a> from startup_sn34f780.o(.text) referenced from startup_sn34f780.o(RESET)
 <LI><a href="#[0]">Reset_Handler</a> from startup_sn34f780.o(.text) referenced from startup_sn34f780.o(RESET)
 <LI><a href="#[d]">SCU_IRQHandler</a> from sn34f78x_it.o(.text.SCU_IRQHandler) referenced from startup_sn34f780.o(RESET)
 <LI><a href="#[2a]">SDIO_IRQHandler</a> from startup_sn34f780.o(.text) referenced from startup_sn34f780.o(RESET)
 <LI><a href="#[22]">SPI0_IRQHandler</a> from startup_sn34f780.o(.text) referenced from startup_sn34f780.o(RESET)
 <LI><a href="#[23]">SPI1_IRQHandler</a> from startup_sn34f780.o(.text) referenced from startup_sn34f780.o(RESET)
 <LI><a href="#[2b]">SPI2_IRQHandler</a> from startup_sn34f780.o(.text) referenced from startup_sn34f780.o(RESET)
 <LI><a href="#[6]">SVC_Handler</a> from startup_sn34f780.o(.text) referenced from startup_sn34f780.o(RESET)
 <LI><a href="#[9]">SysTick_Handler</a> from sn34f78x_it.o(.text.SysTick_Handler) referenced from startup_sn34f780.o(RESET)
 <LI><a href="#[47]">SystemInit</a> from system_sn34f780.o(.text.SystemInit) referenced from startup_sn34f780.o(.text)
 <LI><a href="#[24]">UART0_IRQHandler</a> from startup_sn34f780.o(.text) referenced from startup_sn34f780.o(RESET)
 <LI><a href="#[25]">UART1_IRQHandler</a> from startup_sn34f780.o(.text) referenced from startup_sn34f780.o(RESET)
 <LI><a href="#[26]">UART2_IRQHandler</a> from startup_sn34f780.o(.text) referenced from startup_sn34f780.o(RESET)
 <LI><a href="#[2c]">UART3_IRQHandler</a> from startup_sn34f780.o(.text) referenced from startup_sn34f780.o(RESET)
 <LI><a href="#[2d]">UART4_IRQHandler</a> from startup_sn34f780.o(.text) referenced from startup_sn34f780.o(RESET)
 <LI><a href="#[3d]">UART5_IRQHandler</a> from startup_sn34f780.o(.text) referenced from startup_sn34f780.o(RESET)
 <LI><a href="#[5]">UsageFault_Handler</a> from startup_sn34f780.o(.text) referenced from startup_sn34f780.o(RESET)
 <LI><a href="#[c]">WDT_IRQHandler</a> from startup_sn34f780.o(.text) referenced from startup_sn34f780.o(RESET)
 <LI><a href="#[a]">WWDT_IRQHandler</a> from startup_sn34f780.o(.text) referenced from startup_sn34f780.o(RESET)
 <LI><a href="#[48]">__main</a> from entry.o(.ARM.Collect$$$$00000000) referenced from startup_sn34f780.o(.text)
 <LI><a href="#[49]">key_trigger</a> from my_stubs.o(.text.key_trigger) referenced 2 times from sn34f78x_hal_msp.o(.text.HAL_GPIO_Callback)
 <LI><a href="#[46]">main</a> from main.o(.text.main) referenced from entry9a.o(.ARM.Collect$$$$0000000B)
</UL>
<P>
<H3>
Global Symbols
</H3>
<P><STRONG><a name="[48]"></a>__main</STRONG> (Thumb, 0 bytes, Stack size unknown bytes, entry.o(.ARM.Collect$$$$00000000))
<BR>[Address Reference Count : 1]<UL><LI> startup_sn34f780.o(.text)
</UL>
<P><STRONG><a name="[74]"></a>_main_stk</STRONG> (Thumb, 0 bytes, Stack size unknown bytes, entry2.o(.ARM.Collect$$$$00000001))

<P><STRONG><a name="[4a]"></a>_main_scatterload</STRONG> (Thumb, 0 bytes, Stack size unknown bytes, entry5.o(.ARM.Collect$$$$00000004))
<BR><BR>[Calls]<UL><LI><a href="#[4b]">&gt;&gt;</a>&nbsp;&nbsp;&nbsp;__scatterload
</UL>

<P><STRONG><a name="[4d]"></a>__main_after_scatterload</STRONG> (Thumb, 0 bytes, Stack size unknown bytes, entry5.o(.ARM.Collect$$$$00000004))
<BR><BR>[Called By]<UL><LI><a href="#[4b]">&gt;&gt;</a>&nbsp;&nbsp;&nbsp;__scatterload
</UL>

<P><STRONG><a name="[75]"></a>_main_clock</STRONG> (Thumb, 0 bytes, Stack size unknown bytes, entry7b.o(.ARM.Collect$$$$00000008))

<P><STRONG><a name="[76]"></a>_main_cpp_init</STRONG> (Thumb, 0 bytes, Stack size unknown bytes, entry8b.o(.ARM.Collect$$$$0000000A))

<P><STRONG><a name="[77]"></a>_main_init</STRONG> (Thumb, 0 bytes, Stack size unknown bytes, entry9a.o(.ARM.Collect$$$$0000000B))

<P><STRONG><a name="[78]"></a>__rt_final_cpp</STRONG> (Thumb, 0 bytes, Stack size unknown bytes, entry10a.o(.ARM.Collect$$$$0000000D))

<P><STRONG><a name="[79]"></a>__rt_final_exit</STRONG> (Thumb, 0 bytes, Stack size unknown bytes, entry11a.o(.ARM.Collect$$$$0000000F))

<P><STRONG><a name="[4c]"></a>Error_Handler</STRONG> (Thumb, 2 bytes, Stack size 0 bytes, my_stubs.o(.text.Error_Handler))
<BR><BR>[Calls]<UL><LI><a href="#[4c]">&gt;&gt;</a>&nbsp;&nbsp;&nbsp;Error_Handler
</UL>
<BR>[Called By]<UL><LI><a href="#[46]">&gt;&gt;</a>&nbsp;&nbsp;&nbsp;main
<LI><a href="#[4c]">&gt;&gt;</a>&nbsp;&nbsp;&nbsp;Error_Handler
</UL>

<P><STRONG><a name="[55]"></a>HAL_MspDeInit</STRONG> (Thumb, 2 bytes, Stack size 0 bytes, sn34f78x_hal_msp.o(.text.HAL_MspDeInit))
<BR><BR>[Called By]<UL><LI><a href="#[54]">&gt;&gt;</a>&nbsp;&nbsp;&nbsp;HAL_DeInit
</UL>

<P><STRONG><a name="[61]"></a>HAL_MspInit</STRONG> (Thumb, 2 bytes, Stack size 0 bytes, sn34f78x_hal_msp.o(.text.HAL_MspInit))
<BR><BR>[Called By]<UL><LI><a href="#[5e]">&gt;&gt;</a>&nbsp;&nbsp;&nbsp;HAL_Init
</UL>

<P><STRONG><a name="[7a]"></a>__scatterload_null</STRONG> (Thumb, 2 bytes, Stack size unknown bytes, handlers.o(i.__scatterload_null), UNUSED)

<P><STRONG><a name="[0]"></a>Reset_Handler</STRONG> (Thumb, 26 bytes, Stack size 0 bytes, startup_sn34f780.o(.text))
<BR>[Address Reference Count : 1]<UL><LI> startup_sn34f780.o(RESET)
</UL>
<P><STRONG><a name="[1]"></a>NMI_Handler</STRONG> (Thumb, 2 bytes, Stack size 0 bytes, startup_sn34f780.o(.text))
<BR><BR>[Calls]<UL><LI><a href="#[1]">&gt;&gt;</a>&nbsp;&nbsp;&nbsp;NMI_Handler
</UL>
<BR>[Called By]<UL><LI><a href="#[1]">&gt;&gt;</a>&nbsp;&nbsp;&nbsp;NMI_Handler
</UL>
<BR>[Address Reference Count : 1]<UL><LI> startup_sn34f780.o(RESET)
</UL>
<P><STRONG><a name="[2]"></a>HardFault_Handler</STRONG> (Thumb, 2 bytes, Stack size 0 bytes, startup_sn34f780.o(.text))
<BR><BR>[Calls]<UL><LI><a href="#[2]">&gt;&gt;</a>&nbsp;&nbsp;&nbsp;HardFault_Handler
</UL>
<BR>[Called By]<UL><LI><a href="#[2]">&gt;&gt;</a>&nbsp;&nbsp;&nbsp;HardFault_Handler
</UL>
<BR>[Address Reference Count : 1]<UL><LI> startup_sn34f780.o(RESET)
</UL>
<P><STRONG><a name="[3]"></a>MemManage_Handler</STRONG> (Thumb, 2 bytes, Stack size 0 bytes, startup_sn34f780.o(.text))
<BR><BR>[Calls]<UL><LI><a href="#[3]">&gt;&gt;</a>&nbsp;&nbsp;&nbsp;MemManage_Handler
</UL>
<BR>[Called By]<UL><LI><a href="#[3]">&gt;&gt;</a>&nbsp;&nbsp;&nbsp;MemManage_Handler
</UL>
<BR>[Address Reference Count : 1]<UL><LI> startup_sn34f780.o(RESET)
</UL>
<P><STRONG><a name="[4]"></a>BusFault_Handler</STRONG> (Thumb, 2 bytes, Stack size 0 bytes, startup_sn34f780.o(.text))
<BR><BR>[Calls]<UL><LI><a href="#[4]">&gt;&gt;</a>&nbsp;&nbsp;&nbsp;BusFault_Handler
</UL>
<BR>[Called By]<UL><LI><a href="#[4]">&gt;&gt;</a>&nbsp;&nbsp;&nbsp;BusFault_Handler
</UL>
<BR>[Address Reference Count : 1]<UL><LI> startup_sn34f780.o(RESET)
</UL>
<P><STRONG><a name="[5]"></a>UsageFault_Handler</STRONG> (Thumb, 2 bytes, Stack size 0 bytes, startup_sn34f780.o(.text))
<BR><BR>[Calls]<UL><LI><a href="#[5]">&gt;&gt;</a>&nbsp;&nbsp;&nbsp;UsageFault_Handler
</UL>
<BR>[Called By]<UL><LI><a href="#[5]">&gt;&gt;</a>&nbsp;&nbsp;&nbsp;UsageFault_Handler
</UL>
<BR>[Address Reference Count : 1]<UL><LI> startup_sn34f780.o(RESET)
</UL>
<P><STRONG><a name="[6]"></a>SVC_Handler</STRONG> (Thumb, 2 bytes, Stack size 0 bytes, startup_sn34f780.o(.text))
<BR><BR>[Calls]<UL><LI><a href="#[6]">&gt;&gt;</a>&nbsp;&nbsp;&nbsp;SVC_Handler
</UL>
<BR>[Called By]<UL><LI><a href="#[6]">&gt;&gt;</a>&nbsp;&nbsp;&nbsp;SVC_Handler
</UL>
<BR>[Address Reference Count : 1]<UL><LI> startup_sn34f780.o(RESET)
</UL>
<P><STRONG><a name="[7]"></a>DebugMon_Handler</STRONG> (Thumb, 2 bytes, Stack size 0 bytes, startup_sn34f780.o(.text))
<BR><BR>[Calls]<UL><LI><a href="#[7]">&gt;&gt;</a>&nbsp;&nbsp;&nbsp;DebugMon_Handler
</UL>
<BR>[Called By]<UL><LI><a href="#[7]">&gt;&gt;</a>&nbsp;&nbsp;&nbsp;DebugMon_Handler
</UL>
<BR>[Address Reference Count : 1]<UL><LI> startup_sn34f780.o(RESET)
</UL>
<P><STRONG><a name="[8]"></a>PendSV_Handler</STRONG> (Thumb, 2 bytes, Stack size 0 bytes, startup_sn34f780.o(.text))
<BR><BR>[Calls]<UL><LI><a href="#[8]">&gt;&gt;</a>&nbsp;&nbsp;&nbsp;PendSV_Handler
</UL>
<BR>[Called By]<UL><LI><a href="#[8]">&gt;&gt;</a>&nbsp;&nbsp;&nbsp;PendSV_Handler
</UL>
<BR>[Address Reference Count : 1]<UL><LI> startup_sn34f780.o(RESET)
</UL>
<P><STRONG><a name="[16]"></a>ADC0_IRQHandler</STRONG> (Thumb, 0 bytes, Stack size 0 bytes, startup_sn34f780.o(.text))
<BR><BR>[Calls]<UL><LI><a href="#[16]">&gt;&gt;</a>&nbsp;&nbsp;&nbsp;ADC0_IRQHandler
</UL>
<BR>[Called By]<UL><LI><a href="#[16]">&gt;&gt;</a>&nbsp;&nbsp;&nbsp;ADC0_IRQHandler
</UL>
<BR>[Address Reference Count : 1]<UL><LI> startup_sn34f780.o(RESET)
</UL>
<P><STRONG><a name="[1a]"></a>CAN0_EW_IRQHandler</STRONG> (Thumb, 0 bytes, Stack size 0 bytes, startup_sn34f780.o(.text))
<BR>[Address Reference Count : 1]<UL><LI> startup_sn34f780.o(RESET)
</UL>
<P><STRONG><a name="[18]"></a>CAN0_RX_IRQHandler</STRONG> (Thumb, 0 bytes, Stack size 0 bytes, startup_sn34f780.o(.text))
<BR>[Address Reference Count : 1]<UL><LI> startup_sn34f780.o(RESET)
</UL>
<P><STRONG><a name="[19]"></a>CAN0_TT_IRQHandler</STRONG> (Thumb, 0 bytes, Stack size 0 bytes, startup_sn34f780.o(.text))
<BR>[Address Reference Count : 1]<UL><LI> startup_sn34f780.o(RESET)
</UL>
<P><STRONG><a name="[17]"></a>CAN0_TX_IRQHandler</STRONG> (Thumb, 0 bytes, Stack size 0 bytes, startup_sn34f780.o(.text))
<BR>[Address Reference Count : 1]<UL><LI> startup_sn34f780.o(RESET)
</UL>
<P><STRONG><a name="[39]"></a>CAN1_EW_IRQHandler</STRONG> (Thumb, 0 bytes, Stack size 0 bytes, startup_sn34f780.o(.text))
<BR>[Address Reference Count : 1]<UL><LI> startup_sn34f780.o(RESET)
</UL>
<P><STRONG><a name="[37]"></a>CAN1_RX_IRQHandler</STRONG> (Thumb, 0 bytes, Stack size 0 bytes, startup_sn34f780.o(.text))
<BR>[Address Reference Count : 1]<UL><LI> startup_sn34f780.o(RESET)
</UL>
<P><STRONG><a name="[38]"></a>CAN1_TT_IRQHandler</STRONG> (Thumb, 0 bytes, Stack size 0 bytes, startup_sn34f780.o(.text))
<BR>[Address Reference Count : 1]<UL><LI> startup_sn34f780.o(RESET)
</UL>
<P><STRONG><a name="[36]"></a>CAN1_TX_IRQHandler</STRONG> (Thumb, 0 bytes, Stack size 0 bytes, startup_sn34f780.o(.text))
<BR>[Address Reference Count : 1]<UL><LI> startup_sn34f780.o(RESET)
</UL>
<P><STRONG><a name="[1b]"></a>CT16B0_IRQHandler</STRONG> (Thumb, 0 bytes, Stack size 0 bytes, startup_sn34f780.o(.text))
<BR>[Address Reference Count : 1]<UL><LI> startup_sn34f780.o(RESET)
</UL>
<P><STRONG><a name="[28]"></a>CT16B1_IRQHandler</STRONG> (Thumb, 0 bytes, Stack size 0 bytes, startup_sn34f780.o(.text))
<BR>[Address Reference Count : 1]<UL><LI> startup_sn34f780.o(RESET)
</UL>
<P><STRONG><a name="[1e]"></a>CT16B2_IRQHandler</STRONG> (Thumb, 0 bytes, Stack size 0 bytes, startup_sn34f780.o(.text))
<BR>[Address Reference Count : 1]<UL><LI> startup_sn34f780.o(RESET)
</UL>
<P><STRONG><a name="[1d]"></a>CT16B3_IRQHandler</STRONG> (Thumb, 0 bytes, Stack size 0 bytes, startup_sn34f780.o(.text))
<BR>[Address Reference Count : 1]<UL><LI> startup_sn34f780.o(RESET)
</UL>
<P><STRONG><a name="[27]"></a>CT16B4_IRQHandler</STRONG> (Thumb, 0 bytes, Stack size 0 bytes, startup_sn34f780.o(.text))
<BR>[Address Reference Count : 1]<UL><LI> startup_sn34f780.o(RESET)
</UL>
<P><STRONG><a name="[1f]"></a>CT16B5_IRQHandler</STRONG> (Thumb, 0 bytes, Stack size 0 bytes, startup_sn34f780.o(.text))
<BR>[Address Reference Count : 1]<UL><LI> startup_sn34f780.o(RESET)
</UL>
<P><STRONG><a name="[2e]"></a>CT16B6_IRQHandler</STRONG> (Thumb, 0 bytes, Stack size 0 bytes, startup_sn34f780.o(.text))
<BR>[Address Reference Count : 1]<UL><LI> startup_sn34f780.o(RESET)
</UL>
<P><STRONG><a name="[2f]"></a>CT16B7_IRQHandler</STRONG> (Thumb, 0 bytes, Stack size 0 bytes, startup_sn34f780.o(.text))
<BR>[Address Reference Count : 1]<UL><LI> startup_sn34f780.o(RESET)
</UL>
<P><STRONG><a name="[1c]"></a>CT16B8_IRQHandler</STRONG> (Thumb, 0 bytes, Stack size 0 bytes, startup_sn34f780.o(.text))
<BR>[Address Reference Count : 1]<UL><LI> startup_sn34f780.o(RESET)
</UL>
<P><STRONG><a name="[f]"></a>DMA0_CH0_IRQHandler</STRONG> (Thumb, 0 bytes, Stack size 0 bytes, startup_sn34f780.o(.text))
<BR>[Address Reference Count : 1]<UL><LI> startup_sn34f780.o(RESET)
</UL>
<P><STRONG><a name="[10]"></a>DMA0_CH1_IRQHandler</STRONG> (Thumb, 0 bytes, Stack size 0 bytes, startup_sn34f780.o(.text))
<BR>[Address Reference Count : 1]<UL><LI> startup_sn34f780.o(RESET)
</UL>
<P><STRONG><a name="[11]"></a>DMA0_CH2_IRQHandler</STRONG> (Thumb, 0 bytes, Stack size 0 bytes, startup_sn34f780.o(.text))
<BR>[Address Reference Count : 1]<UL><LI> startup_sn34f780.o(RESET)
</UL>
<P><STRONG><a name="[12]"></a>DMA0_CH3_IRQHandler</STRONG> (Thumb, 0 bytes, Stack size 0 bytes, startup_sn34f780.o(.text))
<BR>[Address Reference Count : 1]<UL><LI> startup_sn34f780.o(RESET)
</UL>
<P><STRONG><a name="[13]"></a>DMA0_CH4_IRQHandler</STRONG> (Thumb, 0 bytes, Stack size 0 bytes, startup_sn34f780.o(.text))
<BR>[Address Reference Count : 1]<UL><LI> startup_sn34f780.o(RESET)
</UL>
<P><STRONG><a name="[14]"></a>DMA0_CH5_IRQHandler</STRONG> (Thumb, 0 bytes, Stack size 0 bytes, startup_sn34f780.o(.text))
<BR>[Address Reference Count : 1]<UL><LI> startup_sn34f780.o(RESET)
</UL>
<P><STRONG><a name="[15]"></a>DMA0_CH6_IRQHandler</STRONG> (Thumb, 0 bytes, Stack size 0 bytes, startup_sn34f780.o(.text))
<BR>[Address Reference Count : 1]<UL><LI> startup_sn34f780.o(RESET)
</UL>
<P><STRONG><a name="[29]"></a>DMA0_CH7_IRQHandler</STRONG> (Thumb, 0 bytes, Stack size 0 bytes, startup_sn34f780.o(.text))
<BR>[Address Reference Count : 1]<UL><LI> startup_sn34f780.o(RESET)
</UL>
<P><STRONG><a name="[30]"></a>DMA1_CH0_IRQHandler</STRONG> (Thumb, 0 bytes, Stack size 0 bytes, startup_sn34f780.o(.text))
<BR>[Address Reference Count : 1]<UL><LI> startup_sn34f780.o(RESET)
</UL>
<P><STRONG><a name="[31]"></a>DMA1_CH1_IRQHandler</STRONG> (Thumb, 0 bytes, Stack size 0 bytes, startup_sn34f780.o(.text))
<BR>[Address Reference Count : 1]<UL><LI> startup_sn34f780.o(RESET)
</UL>
<P><STRONG><a name="[32]"></a>DMA1_CH2_IRQHandler</STRONG> (Thumb, 0 bytes, Stack size 0 bytes, startup_sn34f780.o(.text))
<BR>[Address Reference Count : 1]<UL><LI> startup_sn34f780.o(RESET)
</UL>
<P><STRONG><a name="[33]"></a>DMA1_CH3_IRQHandler</STRONG> (Thumb, 0 bytes, Stack size 0 bytes, startup_sn34f780.o(.text))
<BR>[Address Reference Count : 1]<UL><LI> startup_sn34f780.o(RESET)
</UL>
<P><STRONG><a name="[34]"></a>DMA1_CH4_IRQHandler</STRONG> (Thumb, 0 bytes, Stack size 0 bytes, startup_sn34f780.o(.text))
<BR>[Address Reference Count : 1]<UL><LI> startup_sn34f780.o(RESET)
</UL>
<P><STRONG><a name="[3a]"></a>DMA1_CH5_IRQHandler</STRONG> (Thumb, 0 bytes, Stack size 0 bytes, startup_sn34f780.o(.text))
<BR>[Address Reference Count : 1]<UL><LI> startup_sn34f780.o(RESET)
</UL>
<P><STRONG><a name="[3b]"></a>DMA1_CH6_IRQHandler</STRONG> (Thumb, 0 bytes, Stack size 0 bytes, startup_sn34f780.o(.text))
<BR>[Address Reference Count : 1]<UL><LI> startup_sn34f780.o(RESET)
</UL>
<P><STRONG><a name="[3c]"></a>DMA1_CH7_IRQHandler</STRONG> (Thumb, 0 bytes, Stack size 0 bytes, startup_sn34f780.o(.text))
<BR>[Address Reference Count : 1]<UL><LI> startup_sn34f780.o(RESET)
</UL>
<P><STRONG><a name="[35]"></a>ETH_IRQHandler</STRONG> (Thumb, 0 bytes, Stack size 0 bytes, startup_sn34f780.o(.text))
<BR>[Address Reference Count : 1]<UL><LI> startup_sn34f780.o(RESET)
</UL>
<P><STRONG><a name="[41]"></a>ETH_WOL_IRQHandler</STRONG> (Thumb, 0 bytes, Stack size 0 bytes, startup_sn34f780.o(.text))
<BR>[Address Reference Count : 1]<UL><LI> startup_sn34f780.o(RESET)
</UL>
<P><STRONG><a name="[e]"></a>FLASH_IRQHandler</STRONG> (Thumb, 0 bytes, Stack size 0 bytes, startup_sn34f780.o(.text))
<BR>[Address Reference Count : 1]<UL><LI> startup_sn34f780.o(RESET)
</UL>
<P><STRONG><a name="[3f]"></a>FPU_IRQHandler</STRONG> (Thumb, 0 bytes, Stack size 0 bytes, startup_sn34f780.o(.text))
<BR>[Address Reference Count : 1]<UL><LI> startup_sn34f780.o(RESET)
</UL>
<P><STRONG><a name="[45]"></a>GPIO0_IRQHandler</STRONG> (Thumb, 0 bytes, Stack size 0 bytes, startup_sn34f780.o(.text))
<BR>[Address Reference Count : 1]<UL><LI> startup_sn34f780.o(RESET)
</UL>
<P><STRONG><a name="[44]"></a>GPIO1_IRQHandler</STRONG> (Thumb, 0 bytes, Stack size 0 bytes, startup_sn34f780.o(.text))
<BR>[Address Reference Count : 1]<UL><LI> startup_sn34f780.o(RESET)
</UL>
<P><STRONG><a name="[43]"></a>GPIO2_IRQHandler</STRONG> (Thumb, 0 bytes, Stack size 0 bytes, startup_sn34f780.o(.text))
<BR>[Address Reference Count : 1]<UL><LI> startup_sn34f780.o(RESET)
</UL>
<P><STRONG><a name="[20]"></a>I2C0_IRQHandler</STRONG> (Thumb, 0 bytes, Stack size 0 bytes, startup_sn34f780.o(.text))
<BR>[Address Reference Count : 1]<UL><LI> startup_sn34f780.o(RESET)
</UL>
<P><STRONG><a name="[21]"></a>I2C1_IRQHandler</STRONG> (Thumb, 0 bytes, Stack size 0 bytes, startup_sn34f780.o(.text))
<BR>[Address Reference Count : 1]<UL><LI> startup_sn34f780.o(RESET)
</UL>
<P><STRONG><a name="[3e]"></a>I2C2_IRQHandler</STRONG> (Thumb, 0 bytes, Stack size 0 bytes, startup_sn34f780.o(.text))
<BR>[Address Reference Count : 1]<UL><LI> startup_sn34f780.o(RESET)
</UL>
<P><STRONG><a name="[40]"></a>LCM_IRQHandler</STRONG> (Thumb, 0 bytes, Stack size 0 bytes, startup_sn34f780.o(.text))
<BR>[Address Reference Count : 1]<UL><LI> startup_sn34f780.o(RESET)
</UL>
<P><STRONG><a name="[b]"></a>LVD_IRQHandler</STRONG> (Thumb, 0 bytes, Stack size 0 bytes, startup_sn34f780.o(.text))
<BR>[Address Reference Count : 1]<UL><LI> startup_sn34f780.o(RESET)
</UL>
<P><STRONG><a name="[2a]"></a>SDIO_IRQHandler</STRONG> (Thumb, 0 bytes, Stack size 0 bytes, startup_sn34f780.o(.text))
<BR>[Address Reference Count : 1]<UL><LI> startup_sn34f780.o(RESET)
</UL>
<P><STRONG><a name="[22]"></a>SPI0_IRQHandler</STRONG> (Thumb, 0 bytes, Stack size 0 bytes, startup_sn34f780.o(.text))
<BR>[Address Reference Count : 1]<UL><LI> startup_sn34f780.o(RESET)
</UL>
<P><STRONG><a name="[23]"></a>SPI1_IRQHandler</STRONG> (Thumb, 0 bytes, Stack size 0 bytes, startup_sn34f780.o(.text))
<BR>[Address Reference Count : 1]<UL><LI> startup_sn34f780.o(RESET)
</UL>
<P><STRONG><a name="[2b]"></a>SPI2_IRQHandler</STRONG> (Thumb, 0 bytes, Stack size 0 bytes, startup_sn34f780.o(.text))
<BR>[Address Reference Count : 1]<UL><LI> startup_sn34f780.o(RESET)
</UL>
<P><STRONG><a name="[24]"></a>UART0_IRQHandler</STRONG> (Thumb, 0 bytes, Stack size 0 bytes, startup_sn34f780.o(.text))
<BR>[Address Reference Count : 1]<UL><LI> startup_sn34f780.o(RESET)
</UL>
<P><STRONG><a name="[25]"></a>UART1_IRQHandler</STRONG> (Thumb, 0 bytes, Stack size 0 bytes, startup_sn34f780.o(.text))
<BR>[Address Reference Count : 1]<UL><LI> startup_sn34f780.o(RESET)
</UL>
<P><STRONG><a name="[26]"></a>UART2_IRQHandler</STRONG> (Thumb, 0 bytes, Stack size 0 bytes, startup_sn34f780.o(.text))
<BR>[Address Reference Count : 1]<UL><LI> startup_sn34f780.o(RESET)
</UL>
<P><STRONG><a name="[2c]"></a>UART3_IRQHandler</STRONG> (Thumb, 0 bytes, Stack size 0 bytes, startup_sn34f780.o(.text))
<BR>[Address Reference Count : 1]<UL><LI> startup_sn34f780.o(RESET)
</UL>
<P><STRONG><a name="[2d]"></a>UART4_IRQHandler</STRONG> (Thumb, 0 bytes, Stack size 0 bytes, startup_sn34f780.o(.text))
<BR>[Address Reference Count : 1]<UL><LI> startup_sn34f780.o(RESET)
</UL>
<P><STRONG><a name="[3d]"></a>UART5_IRQHandler</STRONG> (Thumb, 0 bytes, Stack size 0 bytes, startup_sn34f780.o(.text))
<BR>[Address Reference Count : 1]<UL><LI> startup_sn34f780.o(RESET)
</UL>
<P><STRONG><a name="[c]"></a>WDT_IRQHandler</STRONG> (Thumb, 0 bytes, Stack size 0 bytes, startup_sn34f780.o(.text))
<BR>[Address Reference Count : 1]<UL><LI> startup_sn34f780.o(RESET)
</UL>
<P><STRONG><a name="[a]"></a>WWDT_IRQHandler</STRONG> (Thumb, 0 bytes, Stack size 0 bytes, startup_sn34f780.o(.text))
<BR>[Address Reference Count : 1]<UL><LI> startup_sn34f780.o(RESET)
</UL>
<P><STRONG><a name="[4b]"></a>__scatterload</STRONG> (Thumb, 28 bytes, Stack size 0 bytes, init.o(.text))
<BR><BR>[Calls]<UL><LI><a href="#[4d]">&gt;&gt;</a>&nbsp;&nbsp;&nbsp;__main_after_scatterload
</UL>
<BR>[Called By]<UL><LI><a href="#[4a]">&gt;&gt;</a>&nbsp;&nbsp;&nbsp;_main_scatterload
</UL>

<P><STRONG><a name="[7b]"></a>__scatterload_rt2</STRONG> (Thumb, 0 bytes, Stack size 0 bytes, init.o(.text), UNUSED)

<P><STRONG><a name="[4f]"></a>FLASH_WaitForLastOperation</STRONG> (Thumb, 108 bytes, Stack size 24 bytes, sn34f78x_hal_flash.o(.text.FLASH_WaitForLastOperation))
<BR><BR>[Stack]<UL><LI>Max Depth = 24<LI>Call Chain = FLASH_WaitForLastOperation
</UL>
<BR>[Calls]<UL><LI><a href="#[52]">&gt;&gt;</a>&nbsp;&nbsp;&nbsp;FLASH_SetErrorCode
<LI><a href="#[51]">&gt;&gt;</a>&nbsp;&nbsp;&nbsp;HAL_GetTick
</UL>
<BR>[Called By]<UL><LI><a href="#[50]">&gt;&gt;</a>&nbsp;&nbsp;&nbsp;FLASH_CLKFreq_Config
<LI><a href="#[4e]">&gt;&gt;</a>&nbsp;&nbsp;&nbsp;FLASH_AUTOHold_Config
</UL>

<P><STRONG><a name="[42]"></a>GPIO3_IRQHandler</STRONG> (Thumb, 16 bytes, Stack size 8 bytes, sn34f78x_it.o(.text.GPIO3_IRQHandler))
<BR><BR>[Stack]<UL><LI>Max Depth = 24<LI>Call Chain = GPIO3_IRQHandler &rArr; HAL_GPIO_IRQHandler
</UL>
<BR>[Calls]<UL><LI><a href="#[53]">&gt;&gt;</a>&nbsp;&nbsp;&nbsp;HAL_GPIO_IRQHandler
</UL>
<BR>[Address Reference Count : 1]<UL><LI> startup_sn34f780.o(RESET)
</UL>
<P><STRONG><a name="[54]"></a>HAL_DeInit</STRONG> (Thumb, 10 bytes, Stack size 8 bytes, sn34f78x_hal.o(.text.HAL_DeInit))
<BR><BR>[Stack]<UL><LI>Max Depth = 8<LI>Call Chain = HAL_DeInit
</UL>
<BR>[Calls]<UL><LI><a href="#[55]">&gt;&gt;</a>&nbsp;&nbsp;&nbsp;HAL_MspDeInit
</UL>
<BR>[Called By]<UL><LI><a href="#[6d]">&gt;&gt;</a>&nbsp;&nbsp;&nbsp;uninit
</UL>

<P><STRONG><a name="[56]"></a>HAL_Delay</STRONG> (Thumb, 38 bytes, Stack size 16 bytes, sn34f78x_hal_systick.o(.text.HAL_Delay))
<BR><BR>[Stack]<UL><LI>Max Depth = 16<LI>Call Chain = HAL_Delay
</UL>
<BR>[Calls]<UL><LI><a href="#[51]">&gt;&gt;</a>&nbsp;&nbsp;&nbsp;HAL_GetTick
</UL>
<BR>[Called By]<UL><LI><a href="#[46]">&gt;&gt;</a>&nbsp;&nbsp;&nbsp;main
</UL>

<P><STRONG><a name="[57]"></a>HAL_FLASHEx_ConfigProgram</STRONG> (Thumb, 38 bytes, Stack size 8 bytes, sn34f78x_hal_flash_ex.o(.text.HAL_FLASHEx_ConfigProgram))
<BR><BR>[Stack]<UL><LI>Max Depth = 40<LI>Call Chain = HAL_FLASHEx_ConfigProgram &rArr; FLASH_CLKFreq_Config &rArr; FLASH_WaitForLastOperation
</UL>
<BR>[Calls]<UL><LI><a href="#[50]">&gt;&gt;</a>&nbsp;&nbsp;&nbsp;FLASH_CLKFreq_Config
<LI><a href="#[4e]">&gt;&gt;</a>&nbsp;&nbsp;&nbsp;FLASH_AUTOHold_Config
</UL>
<BR>[Called By]<UL><LI><a href="#[60]">&gt;&gt;</a>&nbsp;&nbsp;&nbsp;HAL_InitFlash
</UL>

<P><STRONG><a name="[5b]"></a>HAL_GPIO_Callback</STRONG> (Thumb, 34 bytes, Stack size 0 bytes, sn34f78x_hal_msp.o(.text.HAL_GPIO_Callback))
<BR><BR>[Called By]<UL><LI><a href="#[53]">&gt;&gt;</a>&nbsp;&nbsp;&nbsp;HAL_GPIO_IRQHandler
</UL>

<P><STRONG><a name="[5a]"></a>HAL_GPIO_ChangeClockMode</STRONG> (Thumb, 12 bytes, Stack size 0 bytes, sn34f78x_hal_gpio.o(.text.HAL_GPIO_ChangeClockMode))
<BR><BR>[Called By]<UL><LI><a href="#[53]">&gt;&gt;</a>&nbsp;&nbsp;&nbsp;HAL_GPIO_IRQHandler
</UL>

<P><STRONG><a name="[58]"></a>HAL_GPIO_DeInit</STRONG> (Thumb, 96 bytes, Stack size 24 bytes, sn34f78x_hal_gpio.o(.text.HAL_GPIO_DeInit))
<BR><BR>[Stack]<UL><LI>Max Depth = 44<LI>Call Chain = HAL_GPIO_DeInit &rArr; _gpio_config_irq
</UL>
<BR>[Calls]<UL><LI><a href="#[59]">&gt;&gt;</a>&nbsp;&nbsp;&nbsp;_gpio_config_irq
</UL>
<BR>[Called By]<UL><LI><a href="#[6d]">&gt;&gt;</a>&nbsp;&nbsp;&nbsp;uninit
</UL>

<P><STRONG><a name="[53]"></a>HAL_GPIO_IRQHandler</STRONG> (Thumb, 52 bytes, Stack size 16 bytes, sn34f78x_hal_gpio.o(.text.HAL_GPIO_IRQHandler))
<BR><BR>[Stack]<UL><LI>Max Depth = 16<LI>Call Chain = HAL_GPIO_IRQHandler
</UL>
<BR>[Calls]<UL><LI><a href="#[5b]">&gt;&gt;</a>&nbsp;&nbsp;&nbsp;HAL_GPIO_Callback
<LI><a href="#[5a]">&gt;&gt;</a>&nbsp;&nbsp;&nbsp;HAL_GPIO_ChangeClockMode
</UL>
<BR>[Called By]<UL><LI><a href="#[42]">&gt;&gt;</a>&nbsp;&nbsp;&nbsp;GPIO3_IRQHandler
</UL>

<P><STRONG><a name="[5c]"></a>HAL_GPIO_Init</STRONG> (Thumb, 126 bytes, Stack size 24 bytes, sn34f78x_hal_gpio.o(.text.HAL_GPIO_Init))
<BR><BR>[Stack]<UL><LI>Max Depth = 48<LI>Call Chain = HAL_GPIO_Init &rArr; _gpio_config_pin_str
</UL>
<BR>[Calls]<UL><LI><a href="#[5d]">&gt;&gt;</a>&nbsp;&nbsp;&nbsp;_gpio_config_pin_str
<LI><a href="#[59]">&gt;&gt;</a>&nbsp;&nbsp;&nbsp;_gpio_config_irq
</UL>
<BR>[Called By]<UL><LI><a href="#[46]">&gt;&gt;</a>&nbsp;&nbsp;&nbsp;main
<LI><a href="#[6b]">&gt;&gt;</a>&nbsp;&nbsp;&nbsp;sn34f7_GPIO_Init
</UL>

<P><STRONG><a name="[6e]"></a>HAL_GPIO_ReadPin</STRONG> (Thumb, 10 bytes, Stack size 0 bytes, sn34f78x_hal_gpio.o(.text.HAL_GPIO_ReadPin))
<BR><BR>[Called By]<UL><LI><a href="#[46]">&gt;&gt;</a>&nbsp;&nbsp;&nbsp;main
</UL>

<P><STRONG><a name="[6f]"></a>HAL_GPIO_WritePin</STRONG> (Thumb, 18 bytes, Stack size 0 bytes, sn34f78x_hal_gpio.o(.text.HAL_GPIO_WritePin))
<BR><BR>[Called By]<UL><LI><a href="#[46]">&gt;&gt;</a>&nbsp;&nbsp;&nbsp;main
<LI><a href="#[6b]">&gt;&gt;</a>&nbsp;&nbsp;&nbsp;sn34f7_GPIO_Init
</UL>

<P><STRONG><a name="[51]"></a>HAL_GetTick</STRONG> (Thumb, 12 bytes, Stack size 0 bytes, sn34f78x_hal_systick.o(.text.HAL_GetTick))
<BR><BR>[Called By]<UL><LI><a href="#[56]">&gt;&gt;</a>&nbsp;&nbsp;&nbsp;HAL_Delay
<LI><a href="#[4f]">&gt;&gt;</a>&nbsp;&nbsp;&nbsp;FLASH_WaitForLastOperation
</UL>

<P><STRONG><a name="[68]"></a>HAL_IncTick</STRONG> (Thumb, 26 bytes, Stack size 0 bytes, sn34f78x_hal_systick.o(.text.HAL_IncTick))
<BR><BR>[Called By]<UL><LI><a href="#[9]">&gt;&gt;</a>&nbsp;&nbsp;&nbsp;SysTick_Handler
</UL>

<P><STRONG><a name="[5e]"></a>HAL_Init</STRONG> (Thumb, 20 bytes, Stack size 8 bytes, sn34f78x_hal.o(.text.HAL_Init))
<BR><BR>[Stack]<UL><LI>Max Depth = 104<LI>Call Chain = HAL_Init &rArr; HAL_InitFlash &rArr; HAL_FLASHEx_ConfigProgram &rArr; FLASH_CLKFreq_Config &rArr; FLASH_WaitForLastOperation
</UL>
<BR>[Calls]<UL><LI><a href="#[61]">&gt;&gt;</a>&nbsp;&nbsp;&nbsp;HAL_MspInit
<LI><a href="#[60]">&gt;&gt;</a>&nbsp;&nbsp;&nbsp;HAL_InitFlash
<LI><a href="#[5f]">&gt;&gt;</a>&nbsp;&nbsp;&nbsp;HAL_InitTick
</UL>
<BR>[Called By]<UL><LI><a href="#[46]">&gt;&gt;</a>&nbsp;&nbsp;&nbsp;main
</UL>

<P><STRONG><a name="[60]"></a>HAL_InitFlash</STRONG> (Thumb, 52 bytes, Stack size 56 bytes, sn34f78x_hal_flash.o(.text.HAL_InitFlash))
<BR><BR>[Stack]<UL><LI>Max Depth = 96<LI>Call Chain = HAL_InitFlash &rArr; HAL_FLASHEx_ConfigProgram &rArr; FLASH_CLKFreq_Config &rArr; FLASH_WaitForLastOperation
</UL>
<BR>[Calls]<UL><LI><a href="#[57]">&gt;&gt;</a>&nbsp;&nbsp;&nbsp;HAL_FLASHEx_ConfigProgram
</UL>
<BR>[Called By]<UL><LI><a href="#[5e]">&gt;&gt;</a>&nbsp;&nbsp;&nbsp;HAL_Init
</UL>

<P><STRONG><a name="[5f]"></a>HAL_InitTick</STRONG> (Thumb, 88 bytes, Stack size 8 bytes, sn34f78x_hal_systick.o(.text.HAL_InitTick))
<BR><BR>[Stack]<UL><LI>Max Depth = 24<LI>Call Chain = HAL_InitTick &rArr; SysTick_Config
</UL>
<BR>[Calls]<UL><LI><a href="#[62]">&gt;&gt;</a>&nbsp;&nbsp;&nbsp;SystemCoreClockUpdate
<LI><a href="#[66]">&gt;&gt;</a>&nbsp;&nbsp;&nbsp;__NVIC_SetPriority
<LI><a href="#[64]">&gt;&gt;</a>&nbsp;&nbsp;&nbsp;__NVIC_GetPriorityGrouping
<LI><a href="#[63]">&gt;&gt;</a>&nbsp;&nbsp;&nbsp;SysTick_Config
<LI><a href="#[65]">&gt;&gt;</a>&nbsp;&nbsp;&nbsp;NVIC_EncodePriority
</UL>
<BR>[Called By]<UL><LI><a href="#[5e]">&gt;&gt;</a>&nbsp;&nbsp;&nbsp;HAL_Init
</UL>

<P><STRONG><a name="[d]"></a>SCU_IRQHandler</STRONG> (Thumb, 8 bytes, Stack size 8 bytes, sn34f78x_it.o(.text.SCU_IRQHandler))
<BR><BR>[Stack]<UL><LI>Max Depth = 16<LI>Call Chain = SCU_IRQHandler &rArr; HAL_SCU_IRQHandler
</UL>
<BR>[Calls]<UL><LI><a href="#[67]">&gt;&gt;</a>&nbsp;&nbsp;&nbsp;HAL_SCU_IRQHandler
</UL>
<BR>[Address Reference Count : 1]<UL><LI> startup_sn34f780.o(RESET)
</UL>
<P><STRONG><a name="[9]"></a>SysTick_Handler</STRONG> (Thumb, 8 bytes, Stack size 8 bytes, sn34f78x_it.o(.text.SysTick_Handler))
<BR><BR>[Stack]<UL><LI>Max Depth = 8<LI>Call Chain = SysTick_Handler
</UL>
<BR>[Calls]<UL><LI><a href="#[68]">&gt;&gt;</a>&nbsp;&nbsp;&nbsp;HAL_IncTick
</UL>
<BR>[Address Reference Count : 1]<UL><LI> startup_sn34f780.o(RESET)
</UL>
<P><STRONG><a name="[6c]"></a>SystemClock_Config</STRONG> (Thumb, 2 bytes, Stack size 0 bytes, my_stubs.o(.text.SystemClock_Config))
<BR><BR>[Called By]<UL><LI><a href="#[46]">&gt;&gt;</a>&nbsp;&nbsp;&nbsp;main
</UL>

<P><STRONG><a name="[62]"></a>SystemCoreClockUpdate</STRONG> (Thumb, 144 bytes, Stack size 0 bytes, system_sn34f780.o(.text.SystemCoreClockUpdate))
<BR><BR>[Called By]<UL><LI><a href="#[5f]">&gt;&gt;</a>&nbsp;&nbsp;&nbsp;HAL_InitTick
</UL>

<P><STRONG><a name="[47]"></a>SystemInit</STRONG> (Thumb, 18 bytes, Stack size 0 bytes, system_sn34f780.o(.text.SystemInit))
<BR>[Address Reference Count : 1]<UL><LI> startup_sn34f780.o(.text)
</UL>
<P><STRONG><a name="[6a]"></a>init</STRONG> (Thumb, 14 bytes, Stack size 8 bytes, init.o(.text.init))
<BR><BR>[Stack]<UL><LI>Max Depth = 72<LI>Call Chain = init &rArr; sn34f7_GPIO_Init &rArr; HAL_GPIO_Init &rArr; _gpio_config_pin_str
</UL>
<BR>[Calls]<UL><LI><a href="#[6b]">&gt;&gt;</a>&nbsp;&nbsp;&nbsp;sn34f7_GPIO_Init
</UL>
<BR>[Called By]<UL><LI><a href="#[46]">&gt;&gt;</a>&nbsp;&nbsp;&nbsp;main
</UL>

<P><STRONG><a name="[49]"></a>key_trigger</STRONG> (Thumb, 2 bytes, Stack size 0 bytes, my_stubs.o(.text.key_trigger))
<BR>[Address Reference Count : 1]<UL><LI> sn34f78x_hal_msp.o(.text.HAL_GPIO_Callback)
</UL>
<P><STRONG><a name="[46]"></a>main</STRONG> (Thumb, 156 bytes, Stack size 72 bytes, main.o(.text.main))
<BR><BR>[Stack]<UL><LI>Max Depth = 176<LI>Call Chain = main &rArr; HAL_Init &rArr; HAL_InitFlash &rArr; HAL_FLASHEx_ConfigProgram &rArr; FLASH_CLKFreq_Config &rArr; FLASH_WaitForLastOperation
</UL>
<BR>[Calls]<UL><LI><a href="#[6d]">&gt;&gt;</a>&nbsp;&nbsp;&nbsp;uninit
<LI><a href="#[6a]">&gt;&gt;</a>&nbsp;&nbsp;&nbsp;init
<LI><a href="#[6c]">&gt;&gt;</a>&nbsp;&nbsp;&nbsp;SystemClock_Config
<LI><a href="#[5e]">&gt;&gt;</a>&nbsp;&nbsp;&nbsp;HAL_Init
<LI><a href="#[6f]">&gt;&gt;</a>&nbsp;&nbsp;&nbsp;HAL_GPIO_WritePin
<LI><a href="#[6e]">&gt;&gt;</a>&nbsp;&nbsp;&nbsp;HAL_GPIO_ReadPin
<LI><a href="#[5c]">&gt;&gt;</a>&nbsp;&nbsp;&nbsp;HAL_GPIO_Init
<LI><a href="#[56]">&gt;&gt;</a>&nbsp;&nbsp;&nbsp;HAL_Delay
<LI><a href="#[4c]">&gt;&gt;</a>&nbsp;&nbsp;&nbsp;Error_Handler
<LI><a href="#[70]">&gt;&gt;</a>&nbsp;&nbsp;&nbsp;__NVIC_SystemReset
</UL>
<BR>[Address Reference Count : 1]<UL><LI> entry9a.o(.ARM.Collect$$$$0000000B)
</UL>
<P><STRONG><a name="[6b]"></a>sn34f7_GPIO_Init</STRONG> (Thumb, 96 bytes, Stack size 16 bytes, init.o(.text.sn34f7_GPIO_Init))
<BR><BR>[Stack]<UL><LI>Max Depth = 64<LI>Call Chain = sn34f7_GPIO_Init &rArr; HAL_GPIO_Init &rArr; _gpio_config_pin_str
</UL>
<BR>[Calls]<UL><LI><a href="#[6f]">&gt;&gt;</a>&nbsp;&nbsp;&nbsp;HAL_GPIO_WritePin
<LI><a href="#[5c]">&gt;&gt;</a>&nbsp;&nbsp;&nbsp;HAL_GPIO_Init
</UL>
<BR>[Called By]<UL><LI><a href="#[6a]">&gt;&gt;</a>&nbsp;&nbsp;&nbsp;init
</UL>

<P><STRONG><a name="[6d]"></a>uninit</STRONG> (Thumb, 42 bytes, Stack size 8 bytes, init.o(.text.uninit))
<BR><BR>[Stack]<UL><LI>Max Depth = 52<LI>Call Chain = uninit &rArr; HAL_GPIO_DeInit &rArr; _gpio_config_irq
</UL>
<BR>[Calls]<UL><LI><a href="#[58]">&gt;&gt;</a>&nbsp;&nbsp;&nbsp;HAL_GPIO_DeInit
<LI><a href="#[54]">&gt;&gt;</a>&nbsp;&nbsp;&nbsp;HAL_DeInit
</UL>
<BR>[Called By]<UL><LI><a href="#[46]">&gt;&gt;</a>&nbsp;&nbsp;&nbsp;main
</UL>

<P><STRONG><a name="[71]"></a>HAL_PWR_Callback</STRONG> (Thumb, 2 bytes, Stack size 0 bytes, sn34f78x_hal_scu.o(ISR))
<BR><BR>[Called By]<UL><LI><a href="#[67]">&gt;&gt;</a>&nbsp;&nbsp;&nbsp;HAL_SCU_IRQHandler
</UL>

<P><STRONG><a name="[72]"></a>HAL_RCC_Callback</STRONG> (Thumb, 2 bytes, Stack size 0 bytes, sn34f78x_hal_scu.o(ISR))
<BR><BR>[Called By]<UL><LI><a href="#[67]">&gt;&gt;</a>&nbsp;&nbsp;&nbsp;HAL_SCU_IRQHandler
</UL>

<P><STRONG><a name="[73]"></a>HAL_RTC_Callback</STRONG> (Thumb, 2 bytes, Stack size 0 bytes, sn34f78x_hal_scu.o(ISR))
<BR><BR>[Called By]<UL><LI><a href="#[67]">&gt;&gt;</a>&nbsp;&nbsp;&nbsp;HAL_SCU_IRQHandler
</UL>

<P><STRONG><a name="[67]"></a>HAL_SCU_IRQHandler</STRONG> (Thumb, 54 bytes, Stack size 8 bytes, sn34f78x_hal_scu.o(ISR))
<BR><BR>[Stack]<UL><LI>Max Depth = 8<LI>Call Chain = HAL_SCU_IRQHandler
</UL>
<BR>[Calls]<UL><LI><a href="#[73]">&gt;&gt;</a>&nbsp;&nbsp;&nbsp;HAL_RTC_Callback
<LI><a href="#[72]">&gt;&gt;</a>&nbsp;&nbsp;&nbsp;HAL_RCC_Callback
<LI><a href="#[71]">&gt;&gt;</a>&nbsp;&nbsp;&nbsp;HAL_PWR_Callback
</UL>
<BR>[Called By]<UL><LI><a href="#[d]">&gt;&gt;</a>&nbsp;&nbsp;&nbsp;SCU_IRQHandler
</UL>

<P><STRONG><a name="[7c]"></a>__scatterload_copy</STRONG> (Thumb, 14 bytes, Stack size unknown bytes, handlers.o(i.__scatterload_copy), UNUSED)

<P><STRONG><a name="[7d]"></a>__scatterload_zeroinit</STRONG> (Thumb, 14 bytes, Stack size unknown bytes, handlers.o(i.__scatterload_zeroinit), UNUSED)
<P>
<H3>
Local Symbols
</H3>
<P><STRONG><a name="[70]"></a>__NVIC_SystemReset</STRONG> (Thumb, 36 bytes, Stack size 0 bytes, main.o(.text.__NVIC_SystemReset))
<BR><BR>[Called By]<UL><LI><a href="#[46]">&gt;&gt;</a>&nbsp;&nbsp;&nbsp;main
</UL>

<P><STRONG><a name="[52]"></a>FLASH_SetErrorCode</STRONG> (Thumb, 24 bytes, Stack size 0 bytes, sn34f78x_hal_flash.o(.text.FLASH_SetErrorCode))
<BR><BR>[Called By]<UL><LI><a href="#[4f]">&gt;&gt;</a>&nbsp;&nbsp;&nbsp;FLASH_WaitForLastOperation
</UL>

<P><STRONG><a name="[4e]"></a>FLASH_AUTOHold_Config</STRONG> (Thumb, 30 bytes, Stack size 8 bytes, sn34f78x_hal_flash_ex.o(.text.FLASH_AUTOHold_Config))
<BR><BR>[Stack]<UL><LI>Max Depth = 32<LI>Call Chain = FLASH_AUTOHold_Config &rArr; FLASH_WaitForLastOperation
</UL>
<BR>[Calls]<UL><LI><a href="#[4f]">&gt;&gt;</a>&nbsp;&nbsp;&nbsp;FLASH_WaitForLastOperation
</UL>
<BR>[Called By]<UL><LI><a href="#[57]">&gt;&gt;</a>&nbsp;&nbsp;&nbsp;HAL_FLASHEx_ConfigProgram
</UL>

<P><STRONG><a name="[50]"></a>FLASH_CLKFreq_Config</STRONG> (Thumb, 58 bytes, Stack size 8 bytes, sn34f78x_hal_flash_ex.o(.text.FLASH_CLKFreq_Config))
<BR><BR>[Stack]<UL><LI>Max Depth = 32<LI>Call Chain = FLASH_CLKFreq_Config &rArr; FLASH_WaitForLastOperation
</UL>
<BR>[Calls]<UL><LI><a href="#[4f]">&gt;&gt;</a>&nbsp;&nbsp;&nbsp;FLASH_WaitForLastOperation
</UL>
<BR>[Called By]<UL><LI><a href="#[57]">&gt;&gt;</a>&nbsp;&nbsp;&nbsp;HAL_FLASHEx_ConfigProgram
</UL>

<P><STRONG><a name="[59]"></a>_gpio_config_irq</STRONG> (Thumb, 120 bytes, Stack size 20 bytes, sn34f78x_hal_gpio.o(.text._gpio_config_irq))
<BR><BR>[Stack]<UL><LI>Max Depth = 20<LI>Call Chain = _gpio_config_irq
</UL>
<BR>[Called By]<UL><LI><a href="#[5c]">&gt;&gt;</a>&nbsp;&nbsp;&nbsp;HAL_GPIO_Init
<LI><a href="#[58]">&gt;&gt;</a>&nbsp;&nbsp;&nbsp;HAL_GPIO_DeInit
</UL>

<P><STRONG><a name="[5d]"></a>_gpio_config_pin_str</STRONG> (Thumb, 82 bytes, Stack size 24 bytes, sn34f78x_hal_gpio.o(.text._gpio_config_pin_str))
<BR><BR>[Stack]<UL><LI>Max Depth = 24<LI>Call Chain = _gpio_config_pin_str
</UL>
<BR>[Calls]<UL><LI><a href="#[69]">&gt;&gt;</a>&nbsp;&nbsp;&nbsp;_gpio_get_pin_str
</UL>
<BR>[Called By]<UL><LI><a href="#[5c]">&gt;&gt;</a>&nbsp;&nbsp;&nbsp;HAL_GPIO_Init
</UL>

<P><STRONG><a name="[69]"></a>_gpio_get_pin_str</STRONG> (Thumb, 88 bytes, Stack size 0 bytes, sn34f78x_hal_gpio.o(.text._gpio_get_pin_str))
<BR><BR>[Called By]<UL><LI><a href="#[5d]">&gt;&gt;</a>&nbsp;&nbsp;&nbsp;_gpio_config_pin_str
</UL>

<P><STRONG><a name="[65]"></a>NVIC_EncodePriority</STRONG> (Thumb, 36 bytes, Stack size 0 bytes, sn34f78x_hal_systick.o(.text.NVIC_EncodePriority))
<BR><BR>[Called By]<UL><LI><a href="#[5f]">&gt;&gt;</a>&nbsp;&nbsp;&nbsp;HAL_InitTick
</UL>

<P><STRONG><a name="[63]"></a>SysTick_Config</STRONG> (Thumb, 42 bytes, Stack size 16 bytes, sn34f78x_hal_systick.o(.text.SysTick_Config))
<BR><BR>[Stack]<UL><LI>Max Depth = 16<LI>Call Chain = SysTick_Config
</UL>
<BR>[Calls]<UL><LI><a href="#[66]">&gt;&gt;</a>&nbsp;&nbsp;&nbsp;__NVIC_SetPriority
</UL>
<BR>[Called By]<UL><LI><a href="#[5f]">&gt;&gt;</a>&nbsp;&nbsp;&nbsp;HAL_InitTick
</UL>

<P><STRONG><a name="[64]"></a>__NVIC_GetPriorityGrouping</STRONG> (Thumb, 16 bytes, Stack size 0 bytes, sn34f78x_hal_systick.o(.text.__NVIC_GetPriorityGrouping))
<BR><BR>[Called By]<UL><LI><a href="#[5f]">&gt;&gt;</a>&nbsp;&nbsp;&nbsp;HAL_InitTick
</UL>

<P><STRONG><a name="[66]"></a>__NVIC_SetPriority</STRONG> (Thumb, 14 bytes, Stack size 0 bytes, sn34f78x_hal_systick.o(.text.__NVIC_SetPriority))
<BR><BR>[Called By]<UL><LI><a href="#[5f]">&gt;&gt;</a>&nbsp;&nbsp;&nbsp;HAL_InitTick
<LI><a href="#[63]">&gt;&gt;</a>&nbsp;&nbsp;&nbsp;SysTick_Config
</UL>
<P>
<H3>
Undefined Global Symbols
</H3><HR></body></html>
