Component: ARM Compiler 6.14 Tool: armlink [5db06800]

==============================================================================

Section Cross References

    main.o(.text.main) refers to sn34f78x_hal.o(.text.HAL_Init) for HAL_Init
    main.o(.text.main) refers to my_stubs.o(.text.SystemClock_Config) for SystemClock_Config
    main.o(.text.main) refers to init.o(.text.init) for init
    main.o(.text.main) refers to init.o(.text.uninit) for uninit
    main.o(.text.main) refers to my_stubs.o(.text.Error_Handler) for Error_Handler
    main.o(.text.main) refers to sn34f78x_hal_gpio.o(.text.HAL_GPIO_Init) for HAL_GPIO_Init
    main.o(.text.main) refers to sn34f78x_hal_gpio.o(.text.HAL_GPIO_ReadPin) for HAL_GPIO_ReadPin
    main.o(.text.main) refers to sn34f78x_hal_gpio.o(.text.HAL_GPIO_WritePin) for HAL_GPIO_WritePin
    main.o(.text.main) refers to sn34f78x_hal_systick.o(.text.HAL_Delay) for HAL_Delay
    main.o(.text.main) refers to main.o(.text.__NVIC_SystemReset) for __NVIC_SystemReset
    main.o(.ARM.exidx.text.main) refers to main.o(.text.main) for [Anonymous Symbol]
    main.o(.ARM.exidx.text.__NVIC_SystemReset) refers to main.o(.text.__NVIC_SystemReset) for [Anonymous Symbol]
    sn34f78x_it.o(.text.SysTick_Handler) refers to sn34f78x_hal_systick.o(.text.HAL_IncTick) for HAL_IncTick
    sn34f78x_it.o(.ARM.exidx.text.SysTick_Handler) refers to sn34f78x_it.o(.text.SysTick_Handler) for [Anonymous Symbol]
    sn34f78x_it.o(.text.SCU_IRQHandler) refers to sn34f78x_hal_scu.o(ISR) for HAL_SCU_IRQHandler
    sn34f78x_it.o(.ARM.exidx.text.SCU_IRQHandler) refers to sn34f78x_it.o(.text.SCU_IRQHandler) for [Anonymous Symbol]
    sn34f78x_it.o(.text.GPIO3_IRQHandler) refers to sn34f78x_hal_gpio.o(.text.HAL_GPIO_IRQHandler) for HAL_GPIO_IRQHandler
    sn34f78x_it.o(.ARM.exidx.text.GPIO3_IRQHandler) refers to sn34f78x_it.o(.text.GPIO3_IRQHandler) for [Anonymous Symbol]
    sn34f78x_hal_msp.o(.text.HAL_GPIO_Callback) refers to my_stubs.o(.text.key_trigger) for key_trigger
    sn34f78x_hal_msp.o(.ARM.exidx.text.HAL_GPIO_Callback) refers to sn34f78x_hal_msp.o(.text.HAL_GPIO_Callback) for [Anonymous Symbol]
    sn34f78x_hal_msp.o(.ARM.exidx.text.HAL_MspInit) refers to sn34f78x_hal_msp.o(.text.HAL_MspInit) for [Anonymous Symbol]
    sn34f78x_hal_msp.o(.ARM.exidx.text.HAL_MspDeInit) refers to sn34f78x_hal_msp.o(.text.HAL_MspDeInit) for [Anonymous Symbol]
    init.o(.text.sn34f7_GPIO_Init) refers to init.o(.bss.GPIO3_PIN3_INIT) for GPIO3_PIN3_INIT
    init.o(.text.sn34f7_GPIO_Init) refers to sn34f78x_hal_gpio.o(.text.HAL_GPIO_Init) for HAL_GPIO_Init
    init.o(.text.sn34f7_GPIO_Init) refers to sn34f78x_hal_gpio.o(.text.HAL_GPIO_WritePin) for HAL_GPIO_WritePin
    init.o(.text.sn34f7_GPIO_Init) refers to init.o(.bss.GPIO3_PIN4_INIT) for GPIO3_PIN4_INIT
    init.o(.ARM.exidx.text.sn34f7_GPIO_Init) refers to init.o(.text.sn34f7_GPIO_Init) for [Anonymous Symbol]
    init.o(.text.init) refers to init.o(.text.sn34f7_GPIO_Init) for sn34f7_GPIO_Init
    init.o(.ARM.exidx.text.init) refers to init.o(.text.init) for [Anonymous Symbol]
    init.o(.text.uninit) refers to sn34f78x_hal_gpio.o(.text.HAL_GPIO_DeInit) for HAL_GPIO_DeInit
    init.o(.text.uninit) refers to sn34f78x_hal.o(.text.HAL_DeInit) for HAL_DeInit
    init.o(.ARM.exidx.text.uninit) refers to init.o(.text.uninit) for [Anonymous Symbol]
    sn34f78x_hal_rcc.o(.text.HAL_RCC_OscConfig) refers to sn34f78x_hal_gpio.o(.text.HAL_GPIO_SetAFIO) for HAL_GPIO_SetAFIO
    sn34f78x_hal_rcc.o(.text.HAL_RCC_OscConfig) refers to sn34f78x_hal_systick.o(.text.HAL_GetTick) for HAL_GetTick
    sn34f78x_hal_rcc.o(.text.HAL_RCC_OscConfig) refers to sn34f78x_hal_rcc.o(.text.RCC_FCS_Command) for RCC_FCS_Command
    sn34f78x_hal_rcc.o(.ARM.exidx.text.HAL_RCC_OscConfig) refers to sn34f78x_hal_rcc.o(.text.HAL_RCC_OscConfig) for [Anonymous Symbol]
    sn34f78x_hal_rcc.o(.text.RCC_FCS_Command) refers to sn34f78x_hal_rcc.o(.text.__NVIC_EnableIRQ) for __NVIC_EnableIRQ
    sn34f78x_hal_rcc.o(.ARM.exidx.text.RCC_FCS_Command) refers to sn34f78x_hal_rcc.o(.text.RCC_FCS_Command) for [Anonymous Symbol]
    sn34f78x_hal_rcc.o(.text.HAL_RCC_ClockConfig) refers to memseta.o(.text) for __aeabi_memclr4
    sn34f78x_hal_rcc.o(.text.HAL_RCC_ClockConfig) refers to sn34f78x_hal_rcc.o(.text.HAL_GetNewHCLKFreq) for HAL_GetNewHCLKFreq
    sn34f78x_hal_rcc.o(.text.HAL_RCC_ClockConfig) refers to sn34f78x_hal_flash_ex.o(.text.HAL_FLASHEx_GetConfig) for HAL_FLASHEx_GetConfig
    sn34f78x_hal_rcc.o(.text.HAL_RCC_ClockConfig) refers to sn34f78x_hal_flash_ex.o(.text.HAL_FLASHEx_ConfigProgram) for HAL_FLASHEx_ConfigProgram
    sn34f78x_hal_rcc.o(.text.HAL_RCC_ClockConfig) refers to sn34f78x_hal_rcc.o(.text.RCC_FCS_Command) for RCC_FCS_Command
    sn34f78x_hal_rcc.o(.text.HAL_RCC_ClockConfig) refers to sn34f78x_hal_rcc.o(.text.HAL_RCC_GetSysClockFreq) for HAL_RCC_GetSysClockFreq
    sn34f78x_hal_rcc.o(.text.HAL_RCC_ClockConfig) refers to system_sn34f780.o(.bss.SystemCoreClock) for SystemCoreClock
    sn34f78x_hal_rcc.o(.text.HAL_RCC_ClockConfig) refers to sn34f78x_hal_systick.o(.text.HAL_GetTickPrio) for HAL_GetTickPrio
    sn34f78x_hal_rcc.o(.text.HAL_RCC_ClockConfig) refers to sn34f78x_hal_systick.o(.text.HAL_InitTick) for HAL_InitTick
    sn34f78x_hal_rcc.o(.text.HAL_RCC_ClockConfig) refers to sn34f78x_hal_systick.o(.text.HAL_GetTick) for HAL_GetTick
    sn34f78x_hal_rcc.o(.ARM.exidx.text.HAL_RCC_ClockConfig) refers to sn34f78x_hal_rcc.o(.text.HAL_RCC_ClockConfig) for [Anonymous Symbol]
    sn34f78x_hal_rcc.o(.text.HAL_GetNewHCLKFreq) refers to sn34f78x_hal_rcc.o(.text.HAL_RCC_GetPLLCLKFreq) for HAL_RCC_GetPLLCLKFreq
    sn34f78x_hal_rcc.o(.ARM.exidx.text.HAL_GetNewHCLKFreq) refers to sn34f78x_hal_rcc.o(.text.HAL_GetNewHCLKFreq) for [Anonymous Symbol]
    sn34f78x_hal_rcc.o(.text.HAL_RCC_GetSysClockFreq) refers to sn34f78x_hal_rcc.o(.text.HAL_RCC_GetPLLCLKFreq) for HAL_RCC_GetPLLCLKFreq
    sn34f78x_hal_rcc.o(.ARM.exidx.text.HAL_RCC_GetSysClockFreq) refers to sn34f78x_hal_rcc.o(.text.HAL_RCC_GetSysClockFreq) for [Anonymous Symbol]
    sn34f78x_hal_rcc.o(.ARM.exidx.text.HAL_RCC_GetOscConfig) refers to sn34f78x_hal_rcc.o(.text.HAL_RCC_GetOscConfig) for [Anonymous Symbol]
    sn34f78x_hal_rcc.o(.ARM.exidx.text.HAL_RCC_GetClockConfig) refers to sn34f78x_hal_rcc.o(.text.HAL_RCC_GetClockConfig) for [Anonymous Symbol]
    sn34f78x_hal_rcc.o(.ARM.exidx.text.HAL_RCC_GetPLLCLKFreq) refers to sn34f78x_hal_rcc.o(.text.HAL_RCC_GetPLLCLKFreq) for [Anonymous Symbol]
    sn34f78x_hal_rcc.o(.text.HAL_RCC_GetHCLKFreq) refers to sn34f78x_hal_rcc.o(.text.HAL_RCC_GetSysClockFreq) for HAL_RCC_GetSysClockFreq
    sn34f78x_hal_rcc.o(.ARM.exidx.text.HAL_RCC_GetHCLKFreq) refers to sn34f78x_hal_rcc.o(.text.HAL_RCC_GetHCLKFreq) for [Anonymous Symbol]
    sn34f78x_hal_rcc.o(.text.HAL_RCC_GetAPB0CLKFreq) refers to sn34f78x_hal_rcc.o(.text.HAL_RCC_GetHCLKFreq) for HAL_RCC_GetHCLKFreq
    sn34f78x_hal_rcc.o(.ARM.exidx.text.HAL_RCC_GetAPB0CLKFreq) refers to sn34f78x_hal_rcc.o(.text.HAL_RCC_GetAPB0CLKFreq) for [Anonymous Symbol]
    sn34f78x_hal_rcc.o(.text.HAL_RCC_GetAPB1CLKFreq) refers to sn34f78x_hal_rcc.o(.text.HAL_RCC_GetHCLKFreq) for HAL_RCC_GetHCLKFreq
    sn34f78x_hal_rcc.o(.ARM.exidx.text.HAL_RCC_GetAPB1CLKFreq) refers to sn34f78x_hal_rcc.o(.text.HAL_RCC_GetAPB1CLKFreq) for [Anonymous Symbol]
    sn34f78x_hal_rcc.o(.text.HAL_RCC_ClockoutConfig) refers to sn34f78x_hal_gpio.o(.text.HAL_GPIO_SetAFIO) for HAL_GPIO_SetAFIO
    sn34f78x_hal_rcc.o(.ARM.exidx.text.HAL_RCC_ClockoutConfig) refers to sn34f78x_hal_rcc.o(.text.HAL_RCC_ClockoutConfig) for [Anonymous Symbol]
    sn34f78x_hal_rcc.o(.text.HAL_RCC_PeripheralReset) refers to sn34f78x_hal_systick.o(.text.HAL_GetTick) for HAL_GetTick
    sn34f78x_hal_rcc.o(.ARM.exidx.text.HAL_RCC_PeripheralReset) refers to sn34f78x_hal_rcc.o(.text.HAL_RCC_PeripheralReset) for [Anonymous Symbol]
    sn34f78x_hal_rcc.o(.ARM.exidx.text.HAL_RCC_PeripheralResetMaskClear) refers to sn34f78x_hal_rcc.o(.text.HAL_RCC_PeripheralResetMaskClear) for [Anonymous Symbol]
    sn34f78x_hal_rcc.o(.ARM.exidxISR) refers to sn34f78x_hal_rcc.o(ISR) for [Anonymous Symbol]
    sn34f78x_hal_rcc.o(.text.HAL_LVD_IRQHandler) refers to sn34f78x_hal_rcc.o(ISR) for HAL_LVD_Callback
    sn34f78x_hal_rcc.o(.ARM.exidx.text.HAL_LVD_IRQHandler) refers to sn34f78x_hal_rcc.o(.text.HAL_LVD_IRQHandler) for [Anonymous Symbol]
    sn34f78x_hal_rcc.o(.text.LVD_Control) refers to sn34f78x_hal_rcc.o(.text.__NVIC_ClearPendingIRQ) for __NVIC_ClearPendingIRQ
    sn34f78x_hal_rcc.o(.text.LVD_Control) refers to sn34f78x_hal_rcc.o(.text.__NVIC_EnableIRQ) for __NVIC_EnableIRQ
    sn34f78x_hal_rcc.o(.text.LVD_Control) refers to sn34f78x_hal_rcc.o(.text.__NVIC_DisableIRQ) for __NVIC_DisableIRQ
    sn34f78x_hal_rcc.o(.ARM.exidx.text.LVD_Control) refers to sn34f78x_hal_rcc.o(.text.LVD_Control) for [Anonymous Symbol]
    sn34f78x_hal_rcc.o(.ARM.exidx.text.__NVIC_ClearPendingIRQ) refers to sn34f78x_hal_rcc.o(.text.__NVIC_ClearPendingIRQ) for [Anonymous Symbol]
    sn34f78x_hal_rcc.o(.ARM.exidx.text.__NVIC_EnableIRQ) refers to sn34f78x_hal_rcc.o(.text.__NVIC_EnableIRQ) for [Anonymous Symbol]
    sn34f78x_hal_rcc.o(.ARM.exidx.text.__NVIC_DisableIRQ) refers to sn34f78x_hal_rcc.o(.text.__NVIC_DisableIRQ) for [Anonymous Symbol]
    sn34f78x_hal_flash.o(.text.HAL_FLASH_GetError) refers to sn34f78x_hal_flash.o(.bss.pFlash) for pFlash
    sn34f78x_hal_flash.o(.ARM.exidx.text.HAL_FLASH_GetError) refers to sn34f78x_hal_flash.o(.text.HAL_FLASH_GetError) for [Anonymous Symbol]
    sn34f78x_hal_flash.o(.text.FLASH_WaitForLastOperation) refers to sn34f78x_hal_flash.o(.bss.pFlash) for pFlash
    sn34f78x_hal_flash.o(.text.FLASH_WaitForLastOperation) refers to sn34f78x_hal_systick.o(.text.HAL_GetTick) for HAL_GetTick
    sn34f78x_hal_flash.o(.text.FLASH_WaitForLastOperation) refers to sn34f78x_hal_flash.o(.text.FLASH_SetErrorCode) for FLASH_SetErrorCode
    sn34f78x_hal_flash.o(.ARM.exidx.text.FLASH_WaitForLastOperation) refers to sn34f78x_hal_flash.o(.text.FLASH_WaitForLastOperation) for [Anonymous Symbol]
    sn34f78x_hal_flash.o(.text.FLASH_SetErrorCode) refers to sn34f78x_hal_flash.o(.bss.pFlash) for pFlash
    sn34f78x_hal_flash.o(.ARM.exidx.text.FLASH_SetErrorCode) refers to sn34f78x_hal_flash.o(.text.FLASH_SetErrorCode) for [Anonymous Symbol]
    sn34f78x_hal_flash.o(.text.HAL_InitFlash) refers to sn34f78x_hal_flash.o(.bss.pFlash) for pFlash
    sn34f78x_hal_flash.o(.text.HAL_InitFlash) refers to sn34f78x_hal_flash_ex.o(.text.HAL_FLASHEx_ConfigProgram) for HAL_FLASHEx_ConfigProgram
    sn34f78x_hal_flash.o(.ARM.exidx.text.HAL_InitFlash) refers to sn34f78x_hal_flash.o(.text.HAL_InitFlash) for [Anonymous Symbol]
    sn34f78x_hal_flash_ex.o(.text.HAL_FLASHEx_ConfigProgram) refers to sn34f78x_hal_flash_ex.o(.text.FLASH_CLKFreq_Config) for FLASH_CLKFreq_Config
    sn34f78x_hal_flash_ex.o(.text.HAL_FLASHEx_ConfigProgram) refers to sn34f78x_hal_flash_ex.o(.text.FLASH_AUTOHold_Config) for FLASH_AUTOHold_Config
    sn34f78x_hal_flash_ex.o(.ARM.exidx.text.HAL_FLASHEx_ConfigProgram) refers to sn34f78x_hal_flash_ex.o(.text.HAL_FLASHEx_ConfigProgram) for [Anonymous Symbol]
    sn34f78x_hal_flash_ex.o(.text.FLASH_CLKFreq_Config) refers to sn34f78x_hal_flash.o(.text.FLASH_WaitForLastOperation) for FLASH_WaitForLastOperation
    sn34f78x_hal_flash_ex.o(.ARM.exidx.text.FLASH_CLKFreq_Config) refers to sn34f78x_hal_flash_ex.o(.text.FLASH_CLKFreq_Config) for [Anonymous Symbol]
    sn34f78x_hal_flash_ex.o(.text.FLASH_AUTOHold_Config) refers to sn34f78x_hal_flash.o(.text.FLASH_WaitForLastOperation) for FLASH_WaitForLastOperation
    sn34f78x_hal_flash_ex.o(.ARM.exidx.text.FLASH_AUTOHold_Config) refers to sn34f78x_hal_flash_ex.o(.text.FLASH_AUTOHold_Config) for [Anonymous Symbol]
    sn34f78x_hal_flash_ex.o(.text.HAL_FLASHEx_GetConfig) refers to sn34f78x_hal_flash_ex.o(.text.FLASH_GetMMWRP) for FLASH_GetMMWRP
    sn34f78x_hal_flash_ex.o(.text.HAL_FLASHEx_GetConfig) refers to sn34f78x_hal_flash_ex.o(.text.FLASH_GetSMWRP) for FLASH_GetSMWRP
    sn34f78x_hal_flash_ex.o(.text.HAL_FLASHEx_GetConfig) refers to sn34f78x_hal_flash_ex.o(.text.FLASH_GetRDP) for FLASH_GetRDP
    sn34f78x_hal_flash_ex.o(.text.HAL_FLASHEx_GetConfig) refers to sn34f78x_hal_flash_ex.o(.text.FLASH_GetBOOTFlag) for FLASH_GetBOOTFlag
    sn34f78x_hal_flash_ex.o(.text.HAL_FLASHEx_GetConfig) refers to sn34f78x_hal_flash_ex.o(.text.FLASH_GetCLKFreq) for FLASH_GetCLKFreq
    sn34f78x_hal_flash_ex.o(.text.HAL_FLASHEx_GetConfig) refers to sn34f78x_hal_flash_ex.o(.text.FLASH_GetAUTOHold) for FLASH_GetAUTOHold
    sn34f78x_hal_flash_ex.o(.ARM.exidx.text.HAL_FLASHEx_GetConfig) refers to sn34f78x_hal_flash_ex.o(.text.HAL_FLASHEx_GetConfig) for [Anonymous Symbol]
    sn34f78x_hal_flash_ex.o(.text.FLASH_GetMMWRP) refers to sn34f78x_hal_flash_ex.o(.text.FLASH_Protect_GetStatus) for FLASH_Protect_GetStatus
    sn34f78x_hal_flash_ex.o(.ARM.exidx.text.FLASH_GetMMWRP) refers to sn34f78x_hal_flash_ex.o(.text.FLASH_GetMMWRP) for [Anonymous Symbol]
    sn34f78x_hal_flash_ex.o(.text.FLASH_GetSMWRP) refers to sn34f78x_hal_flash_ex.o(.text.FLASH_Protect_GetStatus) for FLASH_Protect_GetStatus
    sn34f78x_hal_flash_ex.o(.ARM.exidx.text.FLASH_GetSMWRP) refers to sn34f78x_hal_flash_ex.o(.text.FLASH_GetSMWRP) for [Anonymous Symbol]
    sn34f78x_hal_flash_ex.o(.text.FLASH_GetRDP) refers to sn34f78x_hal_flash_ex.o(.text.FLASH_Protect_GetStatus) for FLASH_Protect_GetStatus
    sn34f78x_hal_flash_ex.o(.ARM.exidx.text.FLASH_GetRDP) refers to sn34f78x_hal_flash_ex.o(.text.FLASH_GetRDP) for [Anonymous Symbol]
    sn34f78x_hal_flash_ex.o(.text.FLASH_GetBOOTFlag) refers to sn34f78x_hal_flash.o(.text.FLASH_WaitForLastOperation) for FLASH_WaitForLastOperation
    sn34f78x_hal_flash_ex.o(.ARM.exidx.text.FLASH_GetBOOTFlag) refers to sn34f78x_hal_flash_ex.o(.text.FLASH_GetBOOTFlag) for [Anonymous Symbol]
    sn34f78x_hal_flash_ex.o(.text.FLASH_GetCLKFreq) refers to sn34f78x_hal_flash.o(.text.FLASH_WaitForLastOperation) for FLASH_WaitForLastOperation
    sn34f78x_hal_flash_ex.o(.ARM.exidx.text.FLASH_GetCLKFreq) refers to sn34f78x_hal_flash_ex.o(.text.FLASH_GetCLKFreq) for [Anonymous Symbol]
    sn34f78x_hal_flash_ex.o(.text.FLASH_GetAUTOHold) refers to sn34f78x_hal_flash.o(.text.FLASH_WaitForLastOperation) for FLASH_WaitForLastOperation
    sn34f78x_hal_flash_ex.o(.ARM.exidx.text.FLASH_GetAUTOHold) refers to sn34f78x_hal_flash_ex.o(.text.FLASH_GetAUTOHold) for [Anonymous Symbol]
    sn34f78x_hal_flash_ex.o(.text.HAL_FLASHEx_ChecksumCalculate) refers to sn34f78x_hal_flash.o(.bss.pFlash) for pFlash
    sn34f78x_hal_flash_ex.o(.text.HAL_FLASHEx_ChecksumCalculate) refers to sn34f78x_hal_flash.o(.text.FLASH_WaitForLastOperation) for FLASH_WaitForLastOperation
    sn34f78x_hal_flash_ex.o(.ARM.exidx.text.HAL_FLASHEx_ChecksumCalculate) refers to sn34f78x_hal_flash_ex.o(.text.HAL_FLASHEx_ChecksumCalculate) for [Anonymous Symbol]
    sn34f78x_hal_flash_ex.o(.ARM.exidx.text.FLASH_MassErase) refers to sn34f78x_hal_flash_ex.o(.text.FLASH_MassErase) for [Anonymous Symbol]
    sn34f78x_hal_flash_ex.o(.ARM.exidx.text.FLASH_Erase_Sector) refers to sn34f78x_hal_flash_ex.o(.text.FLASH_Erase_Sector) for [Anonymous Symbol]
    sn34f78x_hal_flash_ex.o(.ARM.exidx.text.FLASH_Erase_Page) refers to sn34f78x_hal_flash_ex.o(.text.FLASH_Erase_Page) for [Anonymous Symbol]
    sn34f78x_hal_flash_ex.o(.text.FLASH_Protect_GetStatus) refers to sn34f78x_hal_flash.o(.text.FLASH_WaitForLastOperation) for FLASH_WaitForLastOperation
    sn34f78x_hal_flash_ex.o(.ARM.exidx.text.FLASH_Protect_GetStatus) refers to sn34f78x_hal_flash_ex.o(.text.FLASH_Protect_GetStatus) for [Anonymous Symbol]
    sn34f78x_hal_gpio.o(.text.HAL_GPIO_Init) refers to sn34f78x_hal_gpio.o(.text._gpio_config_pin_str) for _gpio_config_pin_str
    sn34f78x_hal_gpio.o(.text.HAL_GPIO_Init) refers to sn34f78x_hal_gpio.o(.text._gpio_config_irq) for _gpio_config_irq
    sn34f78x_hal_gpio.o(.ARM.exidx.text.HAL_GPIO_Init) refers to sn34f78x_hal_gpio.o(.text.HAL_GPIO_Init) for [Anonymous Symbol]
    sn34f78x_hal_gpio.o(.text._gpio_config_pin_str) refers to sn34f78x_hal_gpio.o(.text._gpio_get_pin_str) for _gpio_get_pin_str
    sn34f78x_hal_gpio.o(.ARM.exidx.text._gpio_config_pin_str) refers to sn34f78x_hal_gpio.o(.text._gpio_config_pin_str) for [Anonymous Symbol]
    sn34f78x_hal_gpio.o(.ARM.exidx.text._gpio_config_irq) refers to sn34f78x_hal_gpio.o(.text._gpio_config_irq) for [Anonymous Symbol]
    sn34f78x_hal_gpio.o(.text.HAL_GPIO_DeInit) refers to sn34f78x_hal_gpio.o(.text._gpio_config_irq) for _gpio_config_irq
    sn34f78x_hal_gpio.o(.ARM.exidx.text.HAL_GPIO_DeInit) refers to sn34f78x_hal_gpio.o(.text.HAL_GPIO_DeInit) for [Anonymous Symbol]
    sn34f78x_hal_gpio.o(.ARM.exidx.text.HAL_GPIO_ReadPin) refers to sn34f78x_hal_gpio.o(.text.HAL_GPIO_ReadPin) for [Anonymous Symbol]
    sn34f78x_hal_gpio.o(.ARM.exidx.text.HAL_GPIO_WritePin) refers to sn34f78x_hal_gpio.o(.text.HAL_GPIO_WritePin) for [Anonymous Symbol]
    sn34f78x_hal_gpio.o(.ARM.exidx.text.HAL_GPIO_TogglePin) refers to sn34f78x_hal_gpio.o(.text.HAL_GPIO_TogglePin) for [Anonymous Symbol]
    sn34f78x_hal_gpio.o(.ARM.exidx.text.HAL_GPIO_ChangeClockMode) refers to sn34f78x_hal_gpio.o(.text.HAL_GPIO_ChangeClockMode) for [Anonymous Symbol]
    sn34f78x_hal_gpio.o(.ARM.exidx.text.HAL_GPIO_ConfigDebounce) refers to sn34f78x_hal_gpio.o(.text.HAL_GPIO_ConfigDebounce) for [Anonymous Symbol]
    sn34f78x_hal_gpio.o(.ARM.exidx.text.HAL_GPIO_ReleaseOutput) refers to sn34f78x_hal_gpio.o(.text.HAL_GPIO_ReleaseOutput) for [Anonymous Symbol]
    sn34f78x_hal_gpio.o(.text.HAL_GPIO_SetAFIO) refers to sn34f78x_hal_gpio.o(.text._pinmux_get_port_pos) for _pinmux_get_port_pos
    sn34f78x_hal_gpio.o(.text.HAL_GPIO_SetAFIO) refers to sn34f78x_hal_gpio.o(.rodata.AFIO_Info) for AFIO_Info
    sn34f78x_hal_gpio.o(.ARM.exidx.text.HAL_GPIO_SetAFIO) refers to sn34f78x_hal_gpio.o(.text.HAL_GPIO_SetAFIO) for [Anonymous Symbol]
    sn34f78x_hal_gpio.o(.ARM.exidx.text._pinmux_get_port_pos) refers to sn34f78x_hal_gpio.o(.text._pinmux_get_port_pos) for [Anonymous Symbol]
    sn34f78x_hal_gpio.o(.text.HAL_GPIO_GetAFIO) refers to sn34f78x_hal_gpio.o(.text._pinmux_get_port_pos) for _pinmux_get_port_pos
    sn34f78x_hal_gpio.o(.text.HAL_GPIO_GetAFIO) refers to sn34f78x_hal_gpio.o(.rodata.AFIO_Info) for AFIO_Info
    sn34f78x_hal_gpio.o(.ARM.exidx.text.HAL_GPIO_GetAFIO) refers to sn34f78x_hal_gpio.o(.text.HAL_GPIO_GetAFIO) for [Anonymous Symbol]
    sn34f78x_hal_gpio.o(.text.HAL_GPIO_IRQHandler) refers to sn34f78x_hal_gpio.o(.text.HAL_GPIO_ChangeClockMode) for HAL_GPIO_ChangeClockMode
    sn34f78x_hal_gpio.o(.text.HAL_GPIO_IRQHandler) refers to sn34f78x_hal_msp.o(.text.HAL_GPIO_Callback) for HAL_GPIO_Callback
    sn34f78x_hal_gpio.o(.ARM.exidx.text.HAL_GPIO_IRQHandler) refers to sn34f78x_hal_gpio.o(.text.HAL_GPIO_IRQHandler) for [Anonymous Symbol]
    sn34f78x_hal_gpio.o(.ARM.exidx.text.HAL_GPIO_Callback) refers to sn34f78x_hal_gpio.o(.text.HAL_GPIO_Callback) for [Anonymous Symbol]
    sn34f78x_hal_gpio.o(.ARM.exidx.text._gpio_get_pin_str) refers to sn34f78x_hal_gpio.o(.text._gpio_get_pin_str) for [Anonymous Symbol]
    sn34f78x_hal_scu.o(.ARM.exidxISR) refers to sn34f78x_hal_scu.o(ISR) for [Anonymous Symbol]
    sn34f78x_hal.o(.ARM.exidx.text.AFIO_Init) refers to sn34f78x_hal.o(.text.AFIO_Init) for [Anonymous Symbol]
    sn34f78x_hal.o(.text.HAL_Init) refers to sn34f78x_hal_systick.o(.text.HAL_InitTick) for HAL_InitTick
    sn34f78x_hal.o(.text.HAL_Init) refers to sn34f78x_hal_flash.o(.text.HAL_InitFlash) for HAL_InitFlash
    sn34f78x_hal.o(.text.HAL_Init) refers to sn34f78x_hal_msp.o(.text.HAL_MspInit) for HAL_MspInit
    sn34f78x_hal.o(.ARM.exidx.text.HAL_Init) refers to sn34f78x_hal.o(.text.HAL_Init) for [Anonymous Symbol]
    sn34f78x_hal.o(.ARM.exidx.text.HAL_MspInit) refers to sn34f78x_hal.o(.text.HAL_MspInit) for [Anonymous Symbol]
    sn34f78x_hal.o(.text.HAL_DeInit) refers to sn34f78x_hal_msp.o(.text.HAL_MspDeInit) for HAL_MspDeInit
    sn34f78x_hal.o(.ARM.exidx.text.HAL_DeInit) refers to sn34f78x_hal.o(.text.HAL_DeInit) for [Anonymous Symbol]
    sn34f78x_hal.o(.ARM.exidx.text.HAL_MspDeInit) refers to sn34f78x_hal.o(.text.HAL_MspDeInit) for [Anonymous Symbol]
    sn34f78x_hal_systick.o(.text.HAL_InitTick) refers to system_sn34f780.o(.text.SystemCoreClockUpdate) for SystemCoreClockUpdate
    sn34f78x_hal_systick.o(.text.HAL_InitTick) refers to sn34f78x_hal_systick.o(.data.uwTickFreq) for uwTickFreq
    sn34f78x_hal_systick.o(.text.HAL_InitTick) refers to system_sn34f780.o(.bss.SystemCoreClock) for SystemCoreClock
    sn34f78x_hal_systick.o(.text.HAL_InitTick) refers to sn34f78x_hal_systick.o(.text.SysTick_Config) for SysTick_Config
    sn34f78x_hal_systick.o(.text.HAL_InitTick) refers to sn34f78x_hal_systick.o(.text.__NVIC_GetPriorityGrouping) for __NVIC_GetPriorityGrouping
    sn34f78x_hal_systick.o(.text.HAL_InitTick) refers to sn34f78x_hal_systick.o(.text.NVIC_EncodePriority) for NVIC_EncodePriority
    sn34f78x_hal_systick.o(.text.HAL_InitTick) refers to sn34f78x_hal_systick.o(.text.__NVIC_SetPriority) for __NVIC_SetPriority
    sn34f78x_hal_systick.o(.text.HAL_InitTick) refers to sn34f78x_hal_systick.o(.data.uwTickPrio) for uwTickPrio
    sn34f78x_hal_systick.o(.ARM.exidx.text.HAL_InitTick) refers to sn34f78x_hal_systick.o(.text.HAL_InitTick) for [Anonymous Symbol]
    sn34f78x_hal_systick.o(.text.SysTick_Config) refers to sn34f78x_hal_systick.o(.text.__NVIC_SetPriority) for __NVIC_SetPriority
    sn34f78x_hal_systick.o(.ARM.exidx.text.SysTick_Config) refers to sn34f78x_hal_systick.o(.text.SysTick_Config) for [Anonymous Symbol]
    sn34f78x_hal_systick.o(.ARM.exidx.text.__NVIC_GetPriorityGrouping) refers to sn34f78x_hal_systick.o(.text.__NVIC_GetPriorityGrouping) for [Anonymous Symbol]
    sn34f78x_hal_systick.o(.ARM.exidx.text.__NVIC_SetPriority) refers to sn34f78x_hal_systick.o(.text.__NVIC_SetPriority) for [Anonymous Symbol]
    sn34f78x_hal_systick.o(.ARM.exidx.text.NVIC_EncodePriority) refers to sn34f78x_hal_systick.o(.text.NVIC_EncodePriority) for [Anonymous Symbol]
    sn34f78x_hal_systick.o(.text.HAL_IncTick) refers to sn34f78x_hal_systick.o(.data.uwTickFreq) for uwTickFreq
    sn34f78x_hal_systick.o(.text.HAL_IncTick) refers to sn34f78x_hal_systick.o(.bss.uwTick) for uwTick
    sn34f78x_hal_systick.o(.ARM.exidx.text.HAL_IncTick) refers to sn34f78x_hal_systick.o(.text.HAL_IncTick) for [Anonymous Symbol]
    sn34f78x_hal_systick.o(.text.HAL_Delay) refers to sn34f78x_hal_systick.o(.text.HAL_GetTick) for HAL_GetTick
    sn34f78x_hal_systick.o(.ARM.exidx.text.HAL_Delay) refers to sn34f78x_hal_systick.o(.text.HAL_Delay) for [Anonymous Symbol]
    sn34f78x_hal_systick.o(.text.HAL_GetTick) refers to sn34f78x_hal_systick.o(.bss.uwTick) for uwTick
    sn34f78x_hal_systick.o(.ARM.exidx.text.HAL_GetTick) refers to sn34f78x_hal_systick.o(.text.HAL_GetTick) for [Anonymous Symbol]
    sn34f78x_hal_systick.o(.text.HAL_GetTickPrio) refers to sn34f78x_hal_systick.o(.data.uwTickPrio) for uwTickPrio
    sn34f78x_hal_systick.o(.ARM.exidx.text.HAL_GetTickPrio) refers to sn34f78x_hal_systick.o(.text.HAL_GetTickPrio) for [Anonymous Symbol]
    sn34f78x_hal_systick.o(.text.HAL_SetTickFreq) refers to sn34f78x_hal_systick.o(.data.uwTickFreq) for uwTickFreq
    sn34f78x_hal_systick.o(.text.HAL_SetTickFreq) refers to sn34f78x_hal_systick.o(.data.uwTickPrio) for uwTickPrio
    sn34f78x_hal_systick.o(.text.HAL_SetTickFreq) refers to sn34f78x_hal_systick.o(.text.HAL_InitTick) for HAL_InitTick
    sn34f78x_hal_systick.o(.ARM.exidx.text.HAL_SetTickFreq) refers to sn34f78x_hal_systick.o(.text.HAL_SetTickFreq) for [Anonymous Symbol]
    sn34f78x_hal_systick.o(.text.HAL_GetTickFreq) refers to sn34f78x_hal_systick.o(.data.uwTickFreq) for uwTickFreq
    sn34f78x_hal_systick.o(.ARM.exidx.text.HAL_GetTickFreq) refers to sn34f78x_hal_systick.o(.text.HAL_GetTickFreq) for [Anonymous Symbol]
    sn34f78x_hal_systick.o(.ARM.exidx.text.HAL_SuspendTick) refers to sn34f78x_hal_systick.o(.text.HAL_SuspendTick) for [Anonymous Symbol]
    sn34f78x_hal_systick.o(.ARM.exidx.text.HAL_ResumeTick) refers to sn34f78x_hal_systick.o(.text.HAL_ResumeTick) for [Anonymous Symbol]
    my_stubs.o(.ARM.exidx.text.Error_Handler) refers to my_stubs.o(.text.Error_Handler) for [Anonymous Symbol]
    my_stubs.o(.ARM.exidx.text.SystemClock_Config) refers to my_stubs.o(.text.SystemClock_Config) for [Anonymous Symbol]
    my_stubs.o(.ARM.exidx.text.key_trigger) refers to my_stubs.o(.text.key_trigger) for [Anonymous Symbol]
    startup_sn34f780.o(RESET) refers to startup_sn34f780.o(STACK) for __initial_sp
    startup_sn34f780.o(RESET) refers to startup_sn34f780.o(.text) for Reset_Handler
    startup_sn34f780.o(RESET) refers to sn34f78x_it.o(.text.SysTick_Handler) for SysTick_Handler
    startup_sn34f780.o(RESET) refers to sn34f78x_it.o(.text.SCU_IRQHandler) for SCU_IRQHandler
    startup_sn34f780.o(RESET) refers to sn34f78x_it.o(.text.GPIO3_IRQHandler) for GPIO3_IRQHandler
    startup_sn34f780.o(.text) refers to system_sn34f780.o(.text.SystemInit) for SystemInit
    startup_sn34f780.o(.text) refers to entry.o(.ARM.Collect$$$$00000000) for __main
    system_sn34f780.o(.ARM.exidx.text.SystemInit) refers to system_sn34f780.o(.text.SystemInit) for [Anonymous Symbol]
    system_sn34f780.o(.text.SystemCoreClockUpdate) refers to system_sn34f780.o(.bss.SystemCoreClock) for SystemCoreClock
    system_sn34f780.o(.ARM.exidx.text.SystemCoreClockUpdate) refers to system_sn34f780.o(.text.SystemCoreClockUpdate) for [Anonymous Symbol]
    entry.o(.ARM.Collect$$$$00000000) refers (Special) to entry10a.o(.ARM.Collect$$$$0000000D) for __rt_final_cpp
    entry.o(.ARM.Collect$$$$00000000) refers (Special) to entry11a.o(.ARM.Collect$$$$0000000F) for __rt_final_exit
    entry.o(.ARM.Collect$$$$00000000) refers (Special) to entry7b.o(.ARM.Collect$$$$00000008) for _main_clock
    entry.o(.ARM.Collect$$$$00000000) refers (Special) to entry8b.o(.ARM.Collect$$$$0000000A) for _main_cpp_init
    entry.o(.ARM.Collect$$$$00000000) refers (Special) to entry9a.o(.ARM.Collect$$$$0000000B) for _main_init
    entry.o(.ARM.Collect$$$$00000000) refers (Special) to entry5.o(.ARM.Collect$$$$00000004) for _main_scatterload
    entry.o(.ARM.Collect$$$$00000000) refers (Special) to entry2.o(.ARM.Collect$$$$00000001) for _main_stk
    entry2.o(.ARM.Collect$$$$00000001) refers to entry2.o(.ARM.Collect$$$$00002712) for __lit__00000000
    entry2.o(.ARM.Collect$$$$00002712) refers to startup_sn34f780.o(STACK) for __initial_sp
    entry2.o(__vectab_stack_and_reset_area) refers to startup_sn34f780.o(STACK) for __initial_sp
    entry2.o(__vectab_stack_and_reset_area) refers to entry.o(.ARM.Collect$$$$00000000) for __main
    entry5.o(.ARM.Collect$$$$00000004) refers to init.o(.text) for __scatterload
    entry9a.o(.ARM.Collect$$$$0000000B) refers to main.o(.text.main) for main
    entry9b.o(.ARM.Collect$$$$0000000C) refers to main.o(.text.main) for main
    init.o(.text) refers to entry5.o(.ARM.Collect$$$$00000004) for __main_after_scatterload


==============================================================================

Removing Unused input sections from the image.

    Removing main.o(.text), (0 bytes).
    Removing main.o(.ARM.exidx.text.main), (8 bytes).
    Removing main.o(.ARM.exidx.text.__NVIC_SystemReset), (8 bytes).
    Removing main.o(.ARM.use_no_argv), (4 bytes).
    Removing sn34f78x_it.o(.text), (0 bytes).
    Removing sn34f78x_it.o(.ARM.exidx.text.SysTick_Handler), (8 bytes).
    Removing sn34f78x_it.o(.ARM.exidx.text.SCU_IRQHandler), (8 bytes).
    Removing sn34f78x_it.o(.ARM.exidx.text.GPIO3_IRQHandler), (8 bytes).
    Removing sn34f78x_hal_msp.o(.text), (0 bytes).
    Removing sn34f78x_hal_msp.o(.ARM.exidx.text.HAL_GPIO_Callback), (8 bytes).
    Removing sn34f78x_hal_msp.o(.ARM.exidx.text.HAL_MspInit), (8 bytes).
    Removing sn34f78x_hal_msp.o(.ARM.exidx.text.HAL_MspDeInit), (8 bytes).
    Removing init.o(.text), (0 bytes).
    Removing init.o(.ARM.exidx.text.sn34f7_GPIO_Init), (8 bytes).
    Removing init.o(.ARM.exidx.text.init), (8 bytes).
    Removing init.o(.ARM.exidx.text.uninit), (8 bytes).
    Removing sn34f78x_hal_rcc.o(.text), (0 bytes).
    Removing sn34f78x_hal_rcc.o(.text.HAL_RCC_OscConfig), (554 bytes).
    Removing sn34f78x_hal_rcc.o(.ARM.exidx.text.HAL_RCC_OscConfig), (8 bytes).
    Removing sn34f78x_hal_rcc.o(.text.RCC_FCS_Command), (152 bytes).
    Removing sn34f78x_hal_rcc.o(.ARM.exidx.text.RCC_FCS_Command), (8 bytes).
    Removing sn34f78x_hal_rcc.o(.text.HAL_RCC_ClockConfig), (390 bytes).
    Removing sn34f78x_hal_rcc.o(.ARM.exidx.text.HAL_RCC_ClockConfig), (8 bytes).
    Removing sn34f78x_hal_rcc.o(.text.HAL_GetNewHCLKFreq), (74 bytes).
    Removing sn34f78x_hal_rcc.o(.ARM.exidx.text.HAL_GetNewHCLKFreq), (8 bytes).
    Removing sn34f78x_hal_rcc.o(.text.HAL_RCC_GetSysClockFreq), (48 bytes).
    Removing sn34f78x_hal_rcc.o(.ARM.exidx.text.HAL_RCC_GetSysClockFreq), (8 bytes).
    Removing sn34f78x_hal_rcc.o(.text.HAL_RCC_GetOscConfig), (80 bytes).
    Removing sn34f78x_hal_rcc.o(.ARM.exidx.text.HAL_RCC_GetOscConfig), (8 bytes).
    Removing sn34f78x_hal_rcc.o(.text.HAL_RCC_GetClockConfig), (46 bytes).
    Removing sn34f78x_hal_rcc.o(.ARM.exidx.text.HAL_RCC_GetClockConfig), (8 bytes).
    Removing sn34f78x_hal_rcc.o(.text.HAL_RCC_GetPLLCLKFreq), (60 bytes).
    Removing sn34f78x_hal_rcc.o(.ARM.exidx.text.HAL_RCC_GetPLLCLKFreq), (8 bytes).
    Removing sn34f78x_hal_rcc.o(.text.HAL_RCC_GetHCLKFreq), (24 bytes).
    Removing sn34f78x_hal_rcc.o(.ARM.exidx.text.HAL_RCC_GetHCLKFreq), (8 bytes).
    Removing sn34f78x_hal_rcc.o(.text.HAL_RCC_GetAPB0CLKFreq), (24 bytes).
    Removing sn34f78x_hal_rcc.o(.ARM.exidx.text.HAL_RCC_GetAPB0CLKFreq), (8 bytes).
    Removing sn34f78x_hal_rcc.o(.text.HAL_RCC_GetAPB1CLKFreq), (24 bytes).
    Removing sn34f78x_hal_rcc.o(.ARM.exidx.text.HAL_RCC_GetAPB1CLKFreq), (8 bytes).
    Removing sn34f78x_hal_rcc.o(.text.HAL_RCC_ClockoutConfig), (152 bytes).
    Removing sn34f78x_hal_rcc.o(.ARM.exidx.text.HAL_RCC_ClockoutConfig), (8 bytes).
    Removing sn34f78x_hal_rcc.o(.text.HAL_RCC_PeripheralReset), (74 bytes).
    Removing sn34f78x_hal_rcc.o(.ARM.exidx.text.HAL_RCC_PeripheralReset), (8 bytes).
    Removing sn34f78x_hal_rcc.o(.text.HAL_RCC_PeripheralResetMaskClear), (18 bytes).
    Removing sn34f78x_hal_rcc.o(.ARM.exidx.text.HAL_RCC_PeripheralResetMaskClear), (8 bytes).
    Removing sn34f78x_hal_rcc.o(ISR), (2 bytes).
    Removing sn34f78x_hal_rcc.o(.ARM.exidxISR), (8 bytes).
    Removing sn34f78x_hal_rcc.o(.text.HAL_LVD_IRQHandler), (20 bytes).
    Removing sn34f78x_hal_rcc.o(.ARM.exidx.text.HAL_LVD_IRQHandler), (8 bytes).
    Removing sn34f78x_hal_rcc.o(.text.LVD_Control), (78 bytes).
    Removing sn34f78x_hal_rcc.o(.ARM.exidx.text.LVD_Control), (8 bytes).
    Removing sn34f78x_hal_rcc.o(.text.__NVIC_ClearPendingIRQ), (14 bytes).
    Removing sn34f78x_hal_rcc.o(.ARM.exidx.text.__NVIC_ClearPendingIRQ), (8 bytes).
    Removing sn34f78x_hal_rcc.o(.text.__NVIC_EnableIRQ), (32 bytes).
    Removing sn34f78x_hal_rcc.o(.ARM.exidx.text.__NVIC_EnableIRQ), (8 bytes).
    Removing sn34f78x_hal_rcc.o(.text.__NVIC_DisableIRQ), (22 bytes).
    Removing sn34f78x_hal_rcc.o(.ARM.exidx.text.__NVIC_DisableIRQ), (8 bytes).
    Removing sn34f78x_hal_flash.o(.text), (0 bytes).
    Removing sn34f78x_hal_flash.o(.text.HAL_FLASH_GetError), (12 bytes).
    Removing sn34f78x_hal_flash.o(.ARM.exidx.text.HAL_FLASH_GetError), (8 bytes).
    Removing sn34f78x_hal_flash.o(.ARM.exidx.text.FLASH_WaitForLastOperation), (8 bytes).
    Removing sn34f78x_hal_flash.o(.ARM.exidx.text.FLASH_SetErrorCode), (8 bytes).
    Removing sn34f78x_hal_flash.o(.ARM.exidx.text.HAL_InitFlash), (8 bytes).
    Removing sn34f78x_hal_flash_ex.o(.text), (0 bytes).
    Removing sn34f78x_hal_flash_ex.o(.ARM.exidx.text.HAL_FLASHEx_ConfigProgram), (8 bytes).
    Removing sn34f78x_hal_flash_ex.o(.ARM.exidx.text.FLASH_CLKFreq_Config), (8 bytes).
    Removing sn34f78x_hal_flash_ex.o(.ARM.exidx.text.FLASH_AUTOHold_Config), (8 bytes).
    Removing sn34f78x_hal_flash_ex.o(.text.HAL_FLASHEx_GetConfig), (60 bytes).
    Removing sn34f78x_hal_flash_ex.o(.ARM.exidx.text.HAL_FLASHEx_GetConfig), (8 bytes).
    Removing sn34f78x_hal_flash_ex.o(.text.FLASH_GetMMWRP), (12 bytes).
    Removing sn34f78x_hal_flash_ex.o(.ARM.exidx.text.FLASH_GetMMWRP), (8 bytes).
    Removing sn34f78x_hal_flash_ex.o(.text.FLASH_GetSMWRP), (14 bytes).
    Removing sn34f78x_hal_flash_ex.o(.ARM.exidx.text.FLASH_GetSMWRP), (8 bytes).
    Removing sn34f78x_hal_flash_ex.o(.text.FLASH_GetRDP), (14 bytes).
    Removing sn34f78x_hal_flash_ex.o(.ARM.exidx.text.FLASH_GetRDP), (8 bytes).
    Removing sn34f78x_hal_flash_ex.o(.text.FLASH_GetBOOTFlag), (72 bytes).
    Removing sn34f78x_hal_flash_ex.o(.ARM.exidx.text.FLASH_GetBOOTFlag), (8 bytes).
    Removing sn34f78x_hal_flash_ex.o(.text.FLASH_GetCLKFreq), (74 bytes).
    Removing sn34f78x_hal_flash_ex.o(.ARM.exidx.text.FLASH_GetCLKFreq), (8 bytes).
    Removing sn34f78x_hal_flash_ex.o(.text.FLASH_GetAUTOHold), (36 bytes).
    Removing sn34f78x_hal_flash_ex.o(.ARM.exidx.text.FLASH_GetAUTOHold), (8 bytes).
    Removing sn34f78x_hal_flash_ex.o(.text.HAL_FLASHEx_ChecksumCalculate), (96 bytes).
    Removing sn34f78x_hal_flash_ex.o(.ARM.exidx.text.HAL_FLASHEx_ChecksumCalculate), (8 bytes).
    Removing sn34f78x_hal_flash_ex.o(.text.FLASH_MassErase), (50 bytes).
    Removing sn34f78x_hal_flash_ex.o(.ARM.exidx.text.FLASH_MassErase), (8 bytes).
    Removing sn34f78x_hal_flash_ex.o(.text.FLASH_Erase_Sector), (48 bytes).
    Removing sn34f78x_hal_flash_ex.o(.ARM.exidx.text.FLASH_Erase_Sector), (8 bytes).
    Removing sn34f78x_hal_flash_ex.o(.text.FLASH_Erase_Page), (46 bytes).
    Removing sn34f78x_hal_flash_ex.o(.ARM.exidx.text.FLASH_Erase_Page), (8 bytes).
    Removing sn34f78x_hal_flash_ex.o(.text.FLASH_Protect_GetStatus), (94 bytes).
    Removing sn34f78x_hal_flash_ex.o(.ARM.exidx.text.FLASH_Protect_GetStatus), (8 bytes).
    Removing sn34f78x_hal_assert.o(.text), (0 bytes).
    Removing sn34f78x_hal_gpio.o(.text), (0 bytes).
    Removing sn34f78x_hal_gpio.o(.ARM.exidx.text.HAL_GPIO_Init), (8 bytes).
    Removing sn34f78x_hal_gpio.o(.ARM.exidx.text._gpio_config_pin_str), (8 bytes).
    Removing sn34f78x_hal_gpio.o(.ARM.exidx.text._gpio_config_irq), (8 bytes).
    Removing sn34f78x_hal_gpio.o(.ARM.exidx.text.HAL_GPIO_DeInit), (8 bytes).
    Removing sn34f78x_hal_gpio.o(.ARM.exidx.text.HAL_GPIO_ReadPin), (8 bytes).
    Removing sn34f78x_hal_gpio.o(.ARM.exidx.text.HAL_GPIO_WritePin), (8 bytes).
    Removing sn34f78x_hal_gpio.o(.text.HAL_GPIO_TogglePin), (18 bytes).
    Removing sn34f78x_hal_gpio.o(.ARM.exidx.text.HAL_GPIO_TogglePin), (8 bytes).
    Removing sn34f78x_hal_gpio.o(.ARM.exidx.text.HAL_GPIO_ChangeClockMode), (8 bytes).
    Removing sn34f78x_hal_gpio.o(.text.HAL_GPIO_ConfigDebounce), (34 bytes).
    Removing sn34f78x_hal_gpio.o(.ARM.exidx.text.HAL_GPIO_ConfigDebounce), (8 bytes).
    Removing sn34f78x_hal_gpio.o(.text.HAL_GPIO_ReleaseOutput), (20 bytes).
    Removing sn34f78x_hal_gpio.o(.ARM.exidx.text.HAL_GPIO_ReleaseOutput), (8 bytes).
    Removing sn34f78x_hal_gpio.o(.text.HAL_GPIO_SetAFIO), (76 bytes).
    Removing sn34f78x_hal_gpio.o(.ARM.exidx.text.HAL_GPIO_SetAFIO), (8 bytes).
    Removing sn34f78x_hal_gpio.o(.text._pinmux_get_port_pos), (50 bytes).
    Removing sn34f78x_hal_gpio.o(.ARM.exidx.text._pinmux_get_port_pos), (8 bytes).
    Removing sn34f78x_hal_gpio.o(.text.HAL_GPIO_GetAFIO), (58 bytes).
    Removing sn34f78x_hal_gpio.o(.ARM.exidx.text.HAL_GPIO_GetAFIO), (8 bytes).
    Removing sn34f78x_hal_gpio.o(.ARM.exidx.text.HAL_GPIO_IRQHandler), (8 bytes).
    Removing sn34f78x_hal_gpio.o(.text.HAL_GPIO_Callback), (2 bytes).
    Removing sn34f78x_hal_gpio.o(.ARM.exidx.text.HAL_GPIO_Callback), (8 bytes).
    Removing sn34f78x_hal_gpio.o(.ARM.exidx.text._gpio_get_pin_str), (8 bytes).
    Removing sn34f78x_hal_gpio.o(.rodata.AFIO_Info), (804 bytes).
    Removing sn34f78x_hal_scu.o(.text), (0 bytes).
    Removing sn34f78x_hal_scu.o(.ARM.exidxISR), (32 bytes).
    Removing sn34f78x_hal.o(.text), (0 bytes).
    Removing sn34f78x_hal.o(.text.AFIO_Init), (2 bytes).
    Removing sn34f78x_hal.o(.ARM.exidx.text.AFIO_Init), (8 bytes).
    Removing sn34f78x_hal.o(.ARM.exidx.text.HAL_Init), (8 bytes).
    Removing sn34f78x_hal.o(.text.HAL_MspInit), (2 bytes).
    Removing sn34f78x_hal.o(.ARM.exidx.text.HAL_MspInit), (8 bytes).
    Removing sn34f78x_hal.o(.ARM.exidx.text.HAL_DeInit), (8 bytes).
    Removing sn34f78x_hal.o(.text.HAL_MspDeInit), (2 bytes).
    Removing sn34f78x_hal.o(.ARM.exidx.text.HAL_MspDeInit), (8 bytes).
    Removing sn34f78x_hal_systick.o(.text), (0 bytes).
    Removing sn34f78x_hal_systick.o(.ARM.exidx.text.HAL_InitTick), (8 bytes).
    Removing sn34f78x_hal_systick.o(.ARM.exidx.text.SysTick_Config), (8 bytes).
    Removing sn34f78x_hal_systick.o(.ARM.exidx.text.__NVIC_GetPriorityGrouping), (8 bytes).
    Removing sn34f78x_hal_systick.o(.ARM.exidx.text.__NVIC_SetPriority), (8 bytes).
    Removing sn34f78x_hal_systick.o(.ARM.exidx.text.NVIC_EncodePriority), (8 bytes).
    Removing sn34f78x_hal_systick.o(.ARM.exidx.text.HAL_IncTick), (8 bytes).
    Removing sn34f78x_hal_systick.o(.ARM.exidx.text.HAL_Delay), (8 bytes).
    Removing sn34f78x_hal_systick.o(.ARM.exidx.text.HAL_GetTick), (8 bytes).
    Removing sn34f78x_hal_systick.o(.text.HAL_GetTickPrio), (12 bytes).
    Removing sn34f78x_hal_systick.o(.ARM.exidx.text.HAL_GetTickPrio), (8 bytes).
    Removing sn34f78x_hal_systick.o(.text.HAL_SetTickFreq), (46 bytes).
    Removing sn34f78x_hal_systick.o(.ARM.exidx.text.HAL_SetTickFreq), (8 bytes).
    Removing sn34f78x_hal_systick.o(.text.HAL_GetTickFreq), (12 bytes).
    Removing sn34f78x_hal_systick.o(.ARM.exidx.text.HAL_GetTickFreq), (8 bytes).
    Removing sn34f78x_hal_systick.o(.text.HAL_SuspendTick), (18 bytes).
    Removing sn34f78x_hal_systick.o(.ARM.exidx.text.HAL_SuspendTick), (8 bytes).
    Removing sn34f78x_hal_systick.o(.text.HAL_ResumeTick), (18 bytes).
    Removing sn34f78x_hal_systick.o(.ARM.exidx.text.HAL_ResumeTick), (8 bytes).
    Removing my_stubs.o(.text), (0 bytes).
    Removing my_stubs.o(.ARM.exidx.text.Error_Handler), (8 bytes).
    Removing my_stubs.o(.ARM.exidx.text.SystemClock_Config), (8 bytes).
    Removing my_stubs.o(.ARM.exidx.text.key_trigger), (8 bytes).
    Removing startup_sn34f780.o(HEAP), (512 bytes).
    Removing system_sn34f780.o(.text), (0 bytes).
    Removing system_sn34f780.o(.ARM.exidx.text.SystemInit), (8 bytes).
    Removing system_sn34f780.o(.ARM.exidx.text.SystemCoreClockUpdate), (8 bytes).

155 unused section(s) (total 4950 bytes) removed from the image.

==============================================================================

Image Symbol Table

    Local Symbols

    Symbol Name                              Value     Ov Type        Size  Object(Section)

    ../clib/microlib/init/entry.s            0x00000000   Number         0  entry.o ABSOLUTE
    ../clib/microlib/init/entry.s            0x00000000   Number         0  entry2.o ABSOLUTE
    ../clib/microlib/init/entry.s            0x00000000   Number         0  entry5.o ABSOLUTE
    ../clib/microlib/init/entry.s            0x00000000   Number         0  entry7a.o ABSOLUTE
    ../clib/microlib/init/entry.s            0x00000000   Number         0  entry7b.o ABSOLUTE
    ../clib/microlib/init/entry.s            0x00000000   Number         0  entry8a.o ABSOLUTE
    ../clib/microlib/init/entry.s            0x00000000   Number         0  entry8b.o ABSOLUTE
    ../clib/microlib/init/entry.s            0x00000000   Number         0  entry9a.o ABSOLUTE
    ../clib/microlib/init/entry.s            0x00000000   Number         0  entry9b.o ABSOLUTE
    ../clib/microlib/init/entry.s            0x00000000   Number         0  entry10a.o ABSOLUTE
    ../clib/microlib/init/entry.s            0x00000000   Number         0  entry10b.o ABSOLUTE
    ../clib/microlib/init/entry.s            0x00000000   Number         0  entry11a.o ABSOLUTE
    ../clib/microlib/init/entry.s            0x00000000   Number         0  entry11b.o ABSOLUTE
    ../clib/microlib/string/memset.c         0x00000000   Number         0  memseta.o ABSOLUTE
    RTE/Device/SN34F788F/startup_SN34F780.s  0x00000000   Number         0  startup_sn34f780.o ABSOLUTE
    dc.s                                     0x00000000   Number         0  dc.o ABSOLUTE
    handlers.s                               0x00000000   Number         0  handlers.o ABSOLUTE
    init.c                                   0x00000000   Number         0  init.o ABSOLUTE
    init.s                                   0x00000000   Number         0  init.o ABSOLUTE
    main.c                                   0x00000000   Number         0  main.o ABSOLUTE
    my_stubs.c                               0x00000000   Number         0  my_stubs.o ABSOLUTE
    sn34f78x_hal.c                           0x00000000   Number         0  sn34f78x_hal.o ABSOLUTE
    sn34f78x_hal_assert.c                    0x00000000   Number         0  sn34f78x_hal_assert.o ABSOLUTE
    sn34f78x_hal_flash.c                     0x00000000   Number         0  sn34f78x_hal_flash.o ABSOLUTE
    sn34f78x_hal_flash_ex.c                  0x00000000   Number         0  sn34f78x_hal_flash_ex.o ABSOLUTE
    sn34f78x_hal_gpio.c                      0x00000000   Number         0  sn34f78x_hal_gpio.o ABSOLUTE
    sn34f78x_hal_msp.c                       0x00000000   Number         0  sn34f78x_hal_msp.o ABSOLUTE
    sn34f78x_hal_rcc.c                       0x00000000   Number         0  sn34f78x_hal_rcc.o ABSOLUTE
    sn34f78x_hal_scu.c                       0x00000000   Number         0  sn34f78x_hal_scu.o ABSOLUTE
    sn34f78x_hal_systick.c                   0x00000000   Number         0  sn34f78x_hal_systick.o ABSOLUTE
    sn34f78x_it.c                            0x00000000   Number         0  sn34f78x_it.o ABSOLUTE
    system_SN34F780.c                        0x00000000   Number         0  system_sn34f780.o ABSOLUTE
    RESET                                    0x00000000   Section      448  startup_sn34f780.o(RESET)
    .ARM.Collect$$$$00000000                 0x000001c0   Section        0  entry.o(.ARM.Collect$$$$00000000)
    .ARM.Collect$$$$00000001                 0x000001c0   Section        4  entry2.o(.ARM.Collect$$$$00000001)
    .ARM.Collect$$$$00000004                 0x000001c4   Section        4  entry5.o(.ARM.Collect$$$$00000004)
    .ARM.Collect$$$$00000008                 0x000001c8   Section        0  entry7b.o(.ARM.Collect$$$$00000008)
    .ARM.Collect$$$$0000000A                 0x000001c8   Section        0  entry8b.o(.ARM.Collect$$$$0000000A)
    .ARM.Collect$$$$0000000B                 0x000001c8   Section        8  entry9a.o(.ARM.Collect$$$$0000000B)
    __lit__00000000                          0x000001d0   Data           4  entry2.o(.ARM.Collect$$$$00002712)
    .ARM.Collect$$$$0000000D                 0x000001d0   Section        0  entry10a.o(.ARM.Collect$$$$0000000D)
    .ARM.Collect$$$$0000000F                 0x000001d0   Section        0  entry11a.o(.ARM.Collect$$$$0000000F)
    .ARM.Collect$$$$00002712                 0x000001d0   Section        4  entry2.o(.ARM.Collect$$$$00002712)
    [Anonymous Symbol]                       0x000001d4   Section        0  my_stubs.o(.text.Error_Handler)
    [Anonymous Symbol]                       0x000001d8   Section        0  sn34f78x_hal_msp.o(.text.HAL_MspDeInit)
    [Anonymous Symbol]                       0x000001dc   Section        0  sn34f78x_hal_msp.o(.text.HAL_MspInit)
    i.__scatterload_null                     0x000001de   Section        2  handlers.o(i.__scatterload_null)
    $v0                                      0x000001e8   Number         0  startup_sn34f780.o(.text)
    .text                                    0x000001e8   Section       64  startup_sn34f780.o(.text)
    .text                                    0x00000228   Section       36  init.o(.text)
    FLASH_AUTOHold_Config                    0x0000024d   Thumb Code    30  sn34f78x_hal_flash_ex.o(.text.FLASH_AUTOHold_Config)
    [Anonymous Symbol]                       0x0000024c   Section        0  sn34f78x_hal_flash_ex.o(.text.FLASH_AUTOHold_Config)
    FLASH_CLKFreq_Config                     0x0000026d   Thumb Code    58  sn34f78x_hal_flash_ex.o(.text.FLASH_CLKFreq_Config)
    [Anonymous Symbol]                       0x0000026c   Section        0  sn34f78x_hal_flash_ex.o(.text.FLASH_CLKFreq_Config)
    FLASH_SetErrorCode                       0x000002a9   Thumb Code    24  sn34f78x_hal_flash.o(.text.FLASH_SetErrorCode)
    [Anonymous Symbol]                       0x000002a8   Section        0  sn34f78x_hal_flash.o(.text.FLASH_SetErrorCode)
    [Anonymous Symbol]                       0x000002c0   Section        0  sn34f78x_hal_flash.o(.text.FLASH_WaitForLastOperation)
    [Anonymous Symbol]                       0x0000032c   Section        0  sn34f78x_it.o(.text.GPIO3_IRQHandler)
    [Anonymous Symbol]                       0x0000033c   Section        0  sn34f78x_hal.o(.text.HAL_DeInit)
    [Anonymous Symbol]                       0x00000348   Section        0  sn34f78x_hal_systick.o(.text.HAL_Delay)
    [Anonymous Symbol]                       0x00000370   Section        0  sn34f78x_hal_flash_ex.o(.text.HAL_FLASHEx_ConfigProgram)
    [Anonymous Symbol]                       0x00000398   Section        0  sn34f78x_hal_msp.o(.text.HAL_GPIO_Callback)
    [Anonymous Symbol]                       0x000003bc   Section        0  sn34f78x_hal_gpio.o(.text.HAL_GPIO_ChangeClockMode)
    [Anonymous Symbol]                       0x000003c8   Section        0  sn34f78x_hal_gpio.o(.text.HAL_GPIO_DeInit)
    [Anonymous Symbol]                       0x00000428   Section        0  sn34f78x_hal_gpio.o(.text.HAL_GPIO_IRQHandler)
    [Anonymous Symbol]                       0x0000045c   Section        0  sn34f78x_hal_gpio.o(.text.HAL_GPIO_Init)
    [Anonymous Symbol]                       0x000004dc   Section        0  sn34f78x_hal_gpio.o(.text.HAL_GPIO_ReadPin)
    [Anonymous Symbol]                       0x000004e8   Section        0  sn34f78x_hal_gpio.o(.text.HAL_GPIO_WritePin)
    [Anonymous Symbol]                       0x000004fc   Section        0  sn34f78x_hal_systick.o(.text.HAL_GetTick)
    [Anonymous Symbol]                       0x00000508   Section        0  sn34f78x_hal_systick.o(.text.HAL_IncTick)
    [Anonymous Symbol]                       0x00000524   Section        0  sn34f78x_hal.o(.text.HAL_Init)
    [Anonymous Symbol]                       0x00000538   Section        0  sn34f78x_hal_flash.o(.text.HAL_InitFlash)
    [Anonymous Symbol]                       0x0000056c   Section        0  sn34f78x_hal_systick.o(.text.HAL_InitTick)
    NVIC_EncodePriority                      0x000005c5   Thumb Code    36  sn34f78x_hal_systick.o(.text.NVIC_EncodePriority)
    [Anonymous Symbol]                       0x000005c4   Section        0  sn34f78x_hal_systick.o(.text.NVIC_EncodePriority)
    [Anonymous Symbol]                       0x000005e8   Section        0  sn34f78x_it.o(.text.SCU_IRQHandler)
    SysTick_Config                           0x000005f1   Thumb Code    42  sn34f78x_hal_systick.o(.text.SysTick_Config)
    [Anonymous Symbol]                       0x000005f0   Section        0  sn34f78x_hal_systick.o(.text.SysTick_Config)
    [Anonymous Symbol]                       0x0000061c   Section        0  sn34f78x_it.o(.text.SysTick_Handler)
    [Anonymous Symbol]                       0x00000624   Section        0  my_stubs.o(.text.SystemClock_Config)
    [Anonymous Symbol]                       0x00000628   Section        0  system_sn34f780.o(.text.SystemCoreClockUpdate)
    [Anonymous Symbol]                       0x000006b8   Section        0  system_sn34f780.o(.text.SystemInit)
    __NVIC_GetPriorityGrouping               0x000006cd   Thumb Code    16  sn34f78x_hal_systick.o(.text.__NVIC_GetPriorityGrouping)
    [Anonymous Symbol]                       0x000006cc   Section        0  sn34f78x_hal_systick.o(.text.__NVIC_GetPriorityGrouping)
    __NVIC_SetPriority                       0x000006dd   Thumb Code    14  sn34f78x_hal_systick.o(.text.__NVIC_SetPriority)
    [Anonymous Symbol]                       0x000006dc   Section        0  sn34f78x_hal_systick.o(.text.__NVIC_SetPriority)
    __NVIC_SystemReset                       0x000006ed   Thumb Code    36  main.o(.text.__NVIC_SystemReset)
    [Anonymous Symbol]                       0x000006ec   Section        0  main.o(.text.__NVIC_SystemReset)
    _gpio_config_irq                         0x00000711   Thumb Code   120  sn34f78x_hal_gpio.o(.text._gpio_config_irq)
    [Anonymous Symbol]                       0x00000710   Section        0  sn34f78x_hal_gpio.o(.text._gpio_config_irq)
    _gpio_config_pin_str                     0x00000789   Thumb Code    82  sn34f78x_hal_gpio.o(.text._gpio_config_pin_str)
    [Anonymous Symbol]                       0x00000788   Section        0  sn34f78x_hal_gpio.o(.text._gpio_config_pin_str)
    _gpio_get_pin_str                        0x000007dd   Thumb Code    88  sn34f78x_hal_gpio.o(.text._gpio_get_pin_str)
    [Anonymous Symbol]                       0x000007dc   Section        0  sn34f78x_hal_gpio.o(.text._gpio_get_pin_str)
    [Anonymous Symbol]                       0x00000834   Section        0  init.o(.text.init)
    [Anonymous Symbol]                       0x00000844   Section        0  my_stubs.o(.text.key_trigger)
    [Anonymous Symbol]                       0x00000848   Section        0  main.o(.text.main)
    [Anonymous Symbol]                       0x000008e4   Section        0  init.o(.text.sn34f7_GPIO_Init)
    [Anonymous Symbol]                       0x00000944   Section        0  init.o(.text.uninit)
    [Anonymous Symbol]                       0x00000970   Section        0  sn34f78x_hal_scu.o(ISR)
    i.__scatterload_copy                     0x000009b2   Section       14  handlers.o(i.__scatterload_copy)
    i.__scatterload_zeroinit                 0x000009c0   Section       14  handlers.o(i.__scatterload_zeroinit)
    .ARM.__at_0x0007DFFC                     0x0007dffc   Section        4  startup_sn34f780.o(.ARM.__at_0x0007DFFC)
    STACK                                    0x20000050   Section     1024  startup_sn34f780.o(STACK)

    Global Symbols

    Symbol Name                              Value     Ov Type        Size  Object(Section)

    BuildAttributes$$THM_ISAv4$E$P$D$K$B$S$7EM$VFPi3$EXTD16$VFPS$VFMA$PE$A:L22UL41UL21$X:L11$S22US41US21$IEEE1$IW$~IW$USESV6$~STKCKD$USESV7$~SHL$OTIME$EBA8$MICROLIB$REQ8$PRES8$EABIv2 0x00000000   Number         0  anon$$obj.o ABSOLUTE
    __Vectors                                0x00000000   Data           4  startup_sn34f780.o(RESET)
    __cpp_initialize__aeabi_                  - Undefined Weak Reference
    __cxa_finalize                            - Undefined Weak Reference
    __decompress                              - Undefined Weak Reference
    _clock_init                               - Undefined Weak Reference
    _microlib_exit                            - Undefined Weak Reference
    __Vectors_End                            0x000001c0   Data           0  startup_sn34f780.o(RESET)
    __Vectors_Size                           0x000001c0   Number         0  startup_sn34f780.o ABSOLUTE
    __main                                   0x000001c1   Thumb Code     0  entry.o(.ARM.Collect$$$$00000000)
    _main_stk                                0x000001c1   Thumb Code     0  entry2.o(.ARM.Collect$$$$00000001)
    _main_scatterload                        0x000001c5   Thumb Code     0  entry5.o(.ARM.Collect$$$$00000004)
    __main_after_scatterload                 0x000001c9   Thumb Code     0  entry5.o(.ARM.Collect$$$$00000004)
    _main_clock                              0x000001c9   Thumb Code     0  entry7b.o(.ARM.Collect$$$$00000008)
    _main_cpp_init                           0x000001c9   Thumb Code     0  entry8b.o(.ARM.Collect$$$$0000000A)
    _main_init                               0x000001c9   Thumb Code     0  entry9a.o(.ARM.Collect$$$$0000000B)
    __rt_final_cpp                           0x000001d1   Thumb Code     0  entry10a.o(.ARM.Collect$$$$0000000D)
    __rt_final_exit                          0x000001d1   Thumb Code     0  entry11a.o(.ARM.Collect$$$$0000000F)
    Error_Handler                            0x000001d5   Thumb Code     2  my_stubs.o(.text.Error_Handler)
    HAL_MspDeInit                            0x000001d9   Thumb Code     2  sn34f78x_hal_msp.o(.text.HAL_MspDeInit)
    HAL_MspInit                              0x000001dd   Thumb Code     2  sn34f78x_hal_msp.o(.text.HAL_MspInit)
    __scatterload_null                       0x000001df   Thumb Code     2  handlers.o(i.__scatterload_null)
    BL_PFPA_UTXD0                            0x000001e0   Data           4  sn34f78x_hal.o(.ARM.__at_0x000001E0)
    BL_PFPA_URXD0                            0x000001e4   Data           4  sn34f78x_hal.o(.ARM.__at_0x000001E4)
    Reset_Handler                            0x000001e9   Thumb Code    26  startup_sn34f780.o(.text)
    NMI_Handler                              0x00000203   Thumb Code     2  startup_sn34f780.o(.text)
    HardFault_Handler                        0x00000205   Thumb Code     2  startup_sn34f780.o(.text)
    MemManage_Handler                        0x00000207   Thumb Code     2  startup_sn34f780.o(.text)
    BusFault_Handler                         0x00000209   Thumb Code     2  startup_sn34f780.o(.text)
    UsageFault_Handler                       0x0000020b   Thumb Code     2  startup_sn34f780.o(.text)
    SVC_Handler                              0x0000020d   Thumb Code     2  startup_sn34f780.o(.text)
    DebugMon_Handler                         0x0000020f   Thumb Code     2  startup_sn34f780.o(.text)
    PendSV_Handler                           0x00000211   Thumb Code     2  startup_sn34f780.o(.text)
    ADC0_IRQHandler                          0x00000215   Thumb Code     0  startup_sn34f780.o(.text)
    CAN0_EW_IRQHandler                       0x00000215   Thumb Code     0  startup_sn34f780.o(.text)
    CAN0_RX_IRQHandler                       0x00000215   Thumb Code     0  startup_sn34f780.o(.text)
    CAN0_TT_IRQHandler                       0x00000215   Thumb Code     0  startup_sn34f780.o(.text)
    CAN0_TX_IRQHandler                       0x00000215   Thumb Code     0  startup_sn34f780.o(.text)
    CAN1_EW_IRQHandler                       0x00000215   Thumb Code     0  startup_sn34f780.o(.text)
    CAN1_RX_IRQHandler                       0x00000215   Thumb Code     0  startup_sn34f780.o(.text)
    CAN1_TT_IRQHandler                       0x00000215   Thumb Code     0  startup_sn34f780.o(.text)
    CAN1_TX_IRQHandler                       0x00000215   Thumb Code     0  startup_sn34f780.o(.text)
    CT16B0_IRQHandler                        0x00000215   Thumb Code     0  startup_sn34f780.o(.text)
    CT16B1_IRQHandler                        0x00000215   Thumb Code     0  startup_sn34f780.o(.text)
    CT16B2_IRQHandler                        0x00000215   Thumb Code     0  startup_sn34f780.o(.text)
    CT16B3_IRQHandler                        0x00000215   Thumb Code     0  startup_sn34f780.o(.text)
    CT16B4_IRQHandler                        0x00000215   Thumb Code     0  startup_sn34f780.o(.text)
    CT16B5_IRQHandler                        0x00000215   Thumb Code     0  startup_sn34f780.o(.text)
    CT16B6_IRQHandler                        0x00000215   Thumb Code     0  startup_sn34f780.o(.text)
    CT16B7_IRQHandler                        0x00000215   Thumb Code     0  startup_sn34f780.o(.text)
    CT16B8_IRQHandler                        0x00000215   Thumb Code     0  startup_sn34f780.o(.text)
    DMA0_CH0_IRQHandler                      0x00000215   Thumb Code     0  startup_sn34f780.o(.text)
    DMA0_CH1_IRQHandler                      0x00000215   Thumb Code     0  startup_sn34f780.o(.text)
    DMA0_CH2_IRQHandler                      0x00000215   Thumb Code     0  startup_sn34f780.o(.text)
    DMA0_CH3_IRQHandler                      0x00000215   Thumb Code     0  startup_sn34f780.o(.text)
    DMA0_CH4_IRQHandler                      0x00000215   Thumb Code     0  startup_sn34f780.o(.text)
    DMA0_CH5_IRQHandler                      0x00000215   Thumb Code     0  startup_sn34f780.o(.text)
    DMA0_CH6_IRQHandler                      0x00000215   Thumb Code     0  startup_sn34f780.o(.text)
    DMA0_CH7_IRQHandler                      0x00000215   Thumb Code     0  startup_sn34f780.o(.text)
    DMA1_CH0_IRQHandler                      0x00000215   Thumb Code     0  startup_sn34f780.o(.text)
    DMA1_CH1_IRQHandler                      0x00000215   Thumb Code     0  startup_sn34f780.o(.text)
    DMA1_CH2_IRQHandler                      0x00000215   Thumb Code     0  startup_sn34f780.o(.text)
    DMA1_CH3_IRQHandler                      0x00000215   Thumb Code     0  startup_sn34f780.o(.text)
    DMA1_CH4_IRQHandler                      0x00000215   Thumb Code     0  startup_sn34f780.o(.text)
    DMA1_CH5_IRQHandler                      0x00000215   Thumb Code     0  startup_sn34f780.o(.text)
    DMA1_CH6_IRQHandler                      0x00000215   Thumb Code     0  startup_sn34f780.o(.text)
    DMA1_CH7_IRQHandler                      0x00000215   Thumb Code     0  startup_sn34f780.o(.text)
    ETH_IRQHandler                           0x00000215   Thumb Code     0  startup_sn34f780.o(.text)
    ETH_WOL_IRQHandler                       0x00000215   Thumb Code     0  startup_sn34f780.o(.text)
    FLASH_IRQHandler                         0x00000215   Thumb Code     0  startup_sn34f780.o(.text)
    FPU_IRQHandler                           0x00000215   Thumb Code     0  startup_sn34f780.o(.text)
    GPIO0_IRQHandler                         0x00000215   Thumb Code     0  startup_sn34f780.o(.text)
    GPIO1_IRQHandler                         0x00000215   Thumb Code     0  startup_sn34f780.o(.text)
    GPIO2_IRQHandler                         0x00000215   Thumb Code     0  startup_sn34f780.o(.text)
    I2C0_IRQHandler                          0x00000215   Thumb Code     0  startup_sn34f780.o(.text)
    I2C1_IRQHandler                          0x00000215   Thumb Code     0  startup_sn34f780.o(.text)
    I2C2_IRQHandler                          0x00000215   Thumb Code     0  startup_sn34f780.o(.text)
    LCM_IRQHandler                           0x00000215   Thumb Code     0  startup_sn34f780.o(.text)
    LVD_IRQHandler                           0x00000215   Thumb Code     0  startup_sn34f780.o(.text)
    SDIO_IRQHandler                          0x00000215   Thumb Code     0  startup_sn34f780.o(.text)
    SPI0_IRQHandler                          0x00000215   Thumb Code     0  startup_sn34f780.o(.text)
    SPI1_IRQHandler                          0x00000215   Thumb Code     0  startup_sn34f780.o(.text)
    SPI2_IRQHandler                          0x00000215   Thumb Code     0  startup_sn34f780.o(.text)
    UART0_IRQHandler                         0x00000215   Thumb Code     0  startup_sn34f780.o(.text)
    UART1_IRQHandler                         0x00000215   Thumb Code     0  startup_sn34f780.o(.text)
    UART2_IRQHandler                         0x00000215   Thumb Code     0  startup_sn34f780.o(.text)
    UART3_IRQHandler                         0x00000215   Thumb Code     0  startup_sn34f780.o(.text)
    UART4_IRQHandler                         0x00000215   Thumb Code     0  startup_sn34f780.o(.text)
    UART5_IRQHandler                         0x00000215   Thumb Code     0  startup_sn34f780.o(.text)
    WDT_IRQHandler                           0x00000215   Thumb Code     0  startup_sn34f780.o(.text)
    WWDT_IRQHandler                          0x00000215   Thumb Code     0  startup_sn34f780.o(.text)
    __scatterload                            0x00000229   Thumb Code    28  init.o(.text)
    __scatterload_rt2                        0x00000229   Thumb Code     0  init.o(.text)
    FLASH_WaitForLastOperation               0x000002c1   Thumb Code   108  sn34f78x_hal_flash.o(.text.FLASH_WaitForLastOperation)
    GPIO3_IRQHandler                         0x0000032d   Thumb Code    16  sn34f78x_it.o(.text.GPIO3_IRQHandler)
    HAL_DeInit                               0x0000033d   Thumb Code    10  sn34f78x_hal.o(.text.HAL_DeInit)
    HAL_Delay                                0x00000349   Thumb Code    38  sn34f78x_hal_systick.o(.text.HAL_Delay)
    HAL_FLASHEx_ConfigProgram                0x00000371   Thumb Code    38  sn34f78x_hal_flash_ex.o(.text.HAL_FLASHEx_ConfigProgram)
    HAL_GPIO_Callback                        0x00000399   Thumb Code    34  sn34f78x_hal_msp.o(.text.HAL_GPIO_Callback)
    HAL_GPIO_ChangeClockMode                 0x000003bd   Thumb Code    12  sn34f78x_hal_gpio.o(.text.HAL_GPIO_ChangeClockMode)
    HAL_GPIO_DeInit                          0x000003c9   Thumb Code    96  sn34f78x_hal_gpio.o(.text.HAL_GPIO_DeInit)
    HAL_GPIO_IRQHandler                      0x00000429   Thumb Code    52  sn34f78x_hal_gpio.o(.text.HAL_GPIO_IRQHandler)
    HAL_GPIO_Init                            0x0000045d   Thumb Code   126  sn34f78x_hal_gpio.o(.text.HAL_GPIO_Init)
    HAL_GPIO_ReadPin                         0x000004dd   Thumb Code    10  sn34f78x_hal_gpio.o(.text.HAL_GPIO_ReadPin)
    HAL_GPIO_WritePin                        0x000004e9   Thumb Code    18  sn34f78x_hal_gpio.o(.text.HAL_GPIO_WritePin)
    HAL_GetTick                              0x000004fd   Thumb Code    12  sn34f78x_hal_systick.o(.text.HAL_GetTick)
    HAL_IncTick                              0x00000509   Thumb Code    26  sn34f78x_hal_systick.o(.text.HAL_IncTick)
    HAL_Init                                 0x00000525   Thumb Code    20  sn34f78x_hal.o(.text.HAL_Init)
    HAL_InitFlash                            0x00000539   Thumb Code    52  sn34f78x_hal_flash.o(.text.HAL_InitFlash)
    HAL_InitTick                             0x0000056d   Thumb Code    88  sn34f78x_hal_systick.o(.text.HAL_InitTick)
    SCU_IRQHandler                           0x000005e9   Thumb Code     8  sn34f78x_it.o(.text.SCU_IRQHandler)
    SysTick_Handler                          0x0000061d   Thumb Code     8  sn34f78x_it.o(.text.SysTick_Handler)
    SystemClock_Config                       0x00000625   Thumb Code     2  my_stubs.o(.text.SystemClock_Config)
    SystemCoreClockUpdate                    0x00000629   Thumb Code   144  system_sn34f780.o(.text.SystemCoreClockUpdate)
    SystemInit                               0x000006b9   Thumb Code    18  system_sn34f780.o(.text.SystemInit)
    init                                     0x00000835   Thumb Code    14  init.o(.text.init)
    key_trigger                              0x00000845   Thumb Code     2  my_stubs.o(.text.key_trigger)
    main                                     0x00000849   Thumb Code   156  main.o(.text.main)
    sn34f7_GPIO_Init                         0x000008e5   Thumb Code    96  init.o(.text.sn34f7_GPIO_Init)
    uninit                                   0x00000945   Thumb Code    42  init.o(.text.uninit)
    HAL_PWR_Callback                         0x00000971   Thumb Code     2  sn34f78x_hal_scu.o(ISR)
    HAL_RCC_Callback                         0x00000975   Thumb Code     2  sn34f78x_hal_scu.o(ISR)
    HAL_RTC_Callback                         0x00000979   Thumb Code     2  sn34f78x_hal_scu.o(ISR)
    HAL_SCU_IRQHandler                       0x0000097d   Thumb Code    54  sn34f78x_hal_scu.o(ISR)
    __scatterload_copy                       0x000009b3   Thumb Code    14  handlers.o(i.__scatterload_copy)
    __scatterload_zeroinit                   0x000009c1   Thumb Code    14  handlers.o(i.__scatterload_zeroinit)
    Region$$Table$$Base                      0x000009d0   Number         0  anon$$obj.o(Region$$Table)
    Region$$Table$$Limit                     0x000009f0   Number         0  anon$$obj.o(Region$$Table)
    uwTickFreq                               0x20000000   Data           1  sn34f78x_hal_systick.o(.data.uwTickFreq)
    uwTickPrio                               0x20000004   Data           4  sn34f78x_hal_systick.o(.data.uwTickPrio)
    GPIO3_PIN3_INIT                          0x20000008   Data          16  init.o(.bss.GPIO3_PIN3_INIT)
    GPIO3_PIN4_INIT                          0x20000018   Data          16  init.o(.bss.GPIO3_PIN4_INIT)
    SystemCoreClock                          0x20000028   Data           4  system_sn34f780.o(.bss.SystemCoreClock)
    pFlash                                   0x2000002c   Data          32  sn34f78x_hal_flash.o(.bss.pFlash)
    uwTick                                   0x2000004c   Data           4  sn34f78x_hal_systick.o(.bss.uwTick)
    __initial_sp                             0x20000450   Data           0  startup_sn34f780.o(STACK)



==============================================================================

Memory Map of the image

  Image Entry point : 0x000001c1

  Load Region LR_IROM1 (Base: 0x00000000, Size: 0x000009f8, Max: 0x0007dffc, ABSOLUTE)

    Execution Region ER_IROM1 (Exec base: 0x00000000, Load base: 0x00000000, Size: 0x000009f0, Max: 0x0007dffc, ABSOLUTE)

    Exec Addr    Load Addr    Size         Type   Attr      Idx    E Section Name        Object

    0x00000000   0x00000000   0x000001c0   Data   RO          280    RESET               startup_sn34f780.o
    0x000001c0   0x000001c0   0x00000000   Code   RO          303  * .ARM.Collect$$$$00000000  mc_w.l(entry.o)
    0x000001c0   0x000001c0   0x00000004   Code   RO          308    .ARM.Collect$$$$00000001  mc_w.l(entry2.o)
    0x000001c4   0x000001c4   0x00000004   Code   RO          311    .ARM.Collect$$$$00000004  mc_w.l(entry5.o)
    0x000001c8   0x000001c8   0x00000000   Code   RO          313    .ARM.Collect$$$$00000008  mc_w.l(entry7b.o)
    0x000001c8   0x000001c8   0x00000000   Code   RO          315    .ARM.Collect$$$$0000000A  mc_w.l(entry8b.o)
    0x000001c8   0x000001c8   0x00000008   Code   RO          316    .ARM.Collect$$$$0000000B  mc_w.l(entry9a.o)
    0x000001d0   0x000001d0   0x00000000   Code   RO          318    .ARM.Collect$$$$0000000D  mc_w.l(entry10a.o)
    0x000001d0   0x000001d0   0x00000000   Code   RO          320    .ARM.Collect$$$$0000000F  mc_w.l(entry11a.o)
    0x000001d0   0x000001d0   0x00000004   Code   RO          309    .ARM.Collect$$$$00002712  mc_w.l(entry2.o)
    0x000001d4   0x000001d4   0x00000002   Code   RO          266    .text.Error_Handler  my_stubs.o
    0x000001d6   0x000001d6   0x00000002   PAD
    0x000001d8   0x000001d8   0x00000002   Code   RO           31    .text.HAL_MspDeInit  sn34f78x_hal_msp.o
    0x000001da   0x000001da   0x00000002   PAD
    0x000001dc   0x000001dc   0x00000002   Code   RO           29    .text.HAL_MspInit   sn34f78x_hal_msp.o
    0x000001de   0x000001de   0x00000002   Code   RO          327    i.__scatterload_null  mc_w.l(handlers.o)
    0x000001e0   0x000001e0   0x00000004   Data   RO          220    .ARM.__at_0x000001E0  sn34f78x_hal.o
    0x000001e4   0x000001e4   0x00000004   Data   RO          221    .ARM.__at_0x000001E4  sn34f78x_hal.o
    0x000001e8   0x000001e8   0x00000040   Code   RO          282    .text               startup_sn34f780.o
    0x00000228   0x00000228   0x00000024   Code   RO          322    .text               mc_w.l(init.o)
    0x0000024c   0x0000024c   0x0000001e   Code   RO          125    .text.FLASH_AUTOHold_Config  sn34f78x_hal_flash_ex.o
    0x0000026a   0x0000026a   0x00000002   PAD
    0x0000026c   0x0000026c   0x0000003a   Code   RO          123    .text.FLASH_CLKFreq_Config  sn34f78x_hal_flash_ex.o
    0x000002a6   0x000002a6   0x00000002   PAD
    0x000002a8   0x000002a8   0x00000018   Code   RO          108    .text.FLASH_SetErrorCode  sn34f78x_hal_flash.o
    0x000002c0   0x000002c0   0x0000006c   Code   RO          106    .text.FLASH_WaitForLastOperation  sn34f78x_hal_flash.o
    0x0000032c   0x0000032c   0x00000010   Code   RO           18    .text.GPIO3_IRQHandler  sn34f78x_it.o
    0x0000033c   0x0000033c   0x0000000a   Code   RO          216    .text.HAL_DeInit    sn34f78x_hal.o
    0x00000346   0x00000346   0x00000002   PAD
    0x00000348   0x00000348   0x00000026   Code   RO          241    .text.HAL_Delay     sn34f78x_hal_systick.o
    0x0000036e   0x0000036e   0x00000002   PAD
    0x00000370   0x00000370   0x00000026   Code   RO          121    .text.HAL_FLASHEx_ConfigProgram  sn34f78x_hal_flash_ex.o
    0x00000396   0x00000396   0x00000002   PAD
    0x00000398   0x00000398   0x00000022   Code   RO           27    .text.HAL_GPIO_Callback  sn34f78x_hal_msp.o
    0x000003ba   0x000003ba   0x00000002   PAD
    0x000003bc   0x000003bc   0x0000000c   Code   RO          174    .text.HAL_GPIO_ChangeClockMode  sn34f78x_hal_gpio.o
    0x000003c8   0x000003c8   0x00000060   Code   RO          166    .text.HAL_GPIO_DeInit  sn34f78x_hal_gpio.o
    0x00000428   0x00000428   0x00000034   Code   RO          186    .text.HAL_GPIO_IRQHandler  sn34f78x_hal_gpio.o
    0x0000045c   0x0000045c   0x0000007e   Code   RO          160    .text.HAL_GPIO_Init  sn34f78x_hal_gpio.o
    0x000004da   0x000004da   0x00000002   PAD
    0x000004dc   0x000004dc   0x0000000a   Code   RO          168    .text.HAL_GPIO_ReadPin  sn34f78x_hal_gpio.o
    0x000004e6   0x000004e6   0x00000002   PAD
    0x000004e8   0x000004e8   0x00000012   Code   RO          170    .text.HAL_GPIO_WritePin  sn34f78x_hal_gpio.o
    0x000004fa   0x000004fa   0x00000002   PAD
    0x000004fc   0x000004fc   0x0000000c   Code   RO          243    .text.HAL_GetTick   sn34f78x_hal_systick.o
    0x00000508   0x00000508   0x0000001a   Code   RO          239    .text.HAL_IncTick   sn34f78x_hal_systick.o
    0x00000522   0x00000522   0x00000002   PAD
    0x00000524   0x00000524   0x00000014   Code   RO          212    .text.HAL_Init      sn34f78x_hal.o
    0x00000538   0x00000538   0x00000034   Code   RO          110    .text.HAL_InitFlash  sn34f78x_hal_flash.o
    0x0000056c   0x0000056c   0x00000058   Code   RO          229    .text.HAL_InitTick  sn34f78x_hal_systick.o
    0x000005c4   0x000005c4   0x00000024   Code   RO          237    .text.NVIC_EncodePriority  sn34f78x_hal_systick.o
    0x000005e8   0x000005e8   0x00000008   Code   RO           16    .text.SCU_IRQHandler  sn34f78x_it.o
    0x000005f0   0x000005f0   0x0000002a   Code   RO          231    .text.SysTick_Config  sn34f78x_hal_systick.o
    0x0000061a   0x0000061a   0x00000002   PAD
    0x0000061c   0x0000061c   0x00000008   Code   RO           14    .text.SysTick_Handler  sn34f78x_it.o
    0x00000624   0x00000624   0x00000002   Code   RO          268    .text.SystemClock_Config  my_stubs.o
    0x00000626   0x00000626   0x00000002   PAD
    0x00000628   0x00000628   0x00000090   Code   RO          293    .text.SystemCoreClockUpdate  system_sn34f780.o
    0x000006b8   0x000006b8   0x00000012   Code   RO          291    .text.SystemInit    system_sn34f780.o
    0x000006ca   0x000006ca   0x00000002   PAD
    0x000006cc   0x000006cc   0x00000010   Code   RO          233    .text.__NVIC_GetPriorityGrouping  sn34f78x_hal_systick.o
    0x000006dc   0x000006dc   0x0000000e   Code   RO          235    .text.__NVIC_SetPriority  sn34f78x_hal_systick.o
    0x000006ea   0x000006ea   0x00000002   PAD
    0x000006ec   0x000006ec   0x00000024   Code   RO            4    .text.__NVIC_SystemReset  main.o
    0x00000710   0x00000710   0x00000078   Code   RO          164    .text._gpio_config_irq  sn34f78x_hal_gpio.o
    0x00000788   0x00000788   0x00000052   Code   RO          162    .text._gpio_config_pin_str  sn34f78x_hal_gpio.o
    0x000007da   0x000007da   0x00000002   PAD
    0x000007dc   0x000007dc   0x00000058   Code   RO          190    .text._gpio_get_pin_str  sn34f78x_hal_gpio.o
    0x00000834   0x00000834   0x0000000e   Code   RO           43    .text.init          init.o
    0x00000842   0x00000842   0x00000002   PAD
    0x00000844   0x00000844   0x00000002   Code   RO          270    .text.key_trigger   my_stubs.o
    0x00000846   0x00000846   0x00000002   PAD
    0x00000848   0x00000848   0x0000009c   Code   RO            2    .text.main          main.o
    0x000008e4   0x000008e4   0x00000060   Code   RO           41    .text.sn34f7_GPIO_Init  init.o
    0x00000944   0x00000944   0x0000002a   Code   RO           45    .text.uninit        init.o
    0x0000096e   0x0000096e   0x00000002   PAD
    0x00000970   0x00000970   0x00000042   Code   RO          201    ISR                 sn34f78x_hal_scu.o
    0x000009b2   0x000009b2   0x0000000e   Code   RO          326    i.__scatterload_copy  mc_w.l(handlers.o)
    0x000009c0   0x000009c0   0x0000000e   Code   RO          328    i.__scatterload_zeroinit  mc_w.l(handlers.o)
    0x000009ce   0x000009ce   0x00000002   PAD
    0x000009d0   0x000009d0   0x00000020   Data   RO          325    Region$$Table       anon$$obj.o


    Execution Region RW_IRAM1 (Exec base: 0x20000000, Load base: 0x000009f0, Size: 0x00000450, Max: 0x00028000, ABSOLUTE)

    Exec Addr    Load Addr    Size         Type   Attr      Idx    E Section Name        Object

    0x20000000   0x000009f0   0x00000001   Data   RW          257    .data.uwTickFreq    sn34f78x_hal_systick.o
    0x20000001   0x000009f1   0x00000003   PAD
    0x20000004   0x000009f4   0x00000004   Data   RW          256    .data.uwTickPrio    sn34f78x_hal_systick.o
    0x20000008        -       0x00000010   Zero   RW           47    .bss.GPIO3_PIN3_INIT  init.o
    0x20000018        -       0x00000010   Zero   RW           48    .bss.GPIO3_PIN4_INIT  init.o
    0x20000028        -       0x00000004   Zero   RW          295    .bss.SystemCoreClock  system_sn34f780.o
    0x2000002c        -       0x00000020   Zero   RW          112    .bss.pFlash         sn34f78x_hal_flash.o
    0x2000004c        -       0x00000004   Zero   RW          255    .bss.uwTick         sn34f78x_hal_systick.o
    0x20000050        -       0x00000400   Zero   RW          278    STACK               startup_sn34f780.o



  Load Region LR$$.ARM.__at_0x0007DFFC (Base: 0x0007dffc, Size: 0x00000004, Max: 0x00000004, ABSOLUTE)

    Execution Region ER$$.ARM.__at_0x0007DFFC (Exec base: 0x0007dffc, Load base: 0x0007dffc, Size: 0x00000004, Max: 0x00000004, ABSOLUTE, UNINIT)

    Exec Addr    Load Addr    Size         Type   Attr      Idx    E Section Name        Object

    0x0007dffc   0x0007dffc   0x00000004   Code   RO          281    .ARM.__at_0x0007DFFC  startup_sn34f780.o


==============================================================================

Image component sizes


      Code (inc. data)   RO Data    RW Data    ZI Data      Debug   Object Name

       152          0          0          0         32       9800   init.o
       192          0          0          0          0      10387   main.o
         6          0          0          0          0        527   my_stubs.o
        30          0          8          0          0       1251   sn34f78x_hal.o
       184          0          0          0         32      16165   sn34f78x_hal_flash.o
       126          0          0          0          0       5928   sn34f78x_hal_flash_ex.o
       604         10          0          0          0      28244   sn34f78x_hal_gpio.o
        38          0          0          0          0       9541   sn34f78x_hal_msp.o
        66          0          0          0          0      13833   sn34f78x_hal_scu.o
       272          0          0          5          4       6195   sn34f78x_hal_systick.o
        32          0          0          0          0       9342   sn34f78x_it.o
        68         22        448          0       1024       1140   startup_sn34f780.o
       162         48          0          0          4      14514   system_sn34f780.o

    ----------------------------------------------------------------------
      1972         80        488          8       1096     126867   Object Totals
         0          0         32          0          0          0   (incl. Generated)
        40          0          0          3          0          0   (incl. Padding)

    ----------------------------------------------------------------------

      Code (inc. data)   RO Data    RW Data    ZI Data      Debug   Library Member Name

         0          0          0          0          0          0   entry.o
         0          0          0          0          0          0   entry10a.o
         0          0          0          0          0          0   entry11a.o
         8          4          0          0          0          0   entry2.o
         4          0          0          0          0          0   entry5.o
         0          0          0          0          0          0   entry7b.o
         0          0          0          0          0          0   entry8b.o
         8          4          0          0          0          0   entry9a.o
        30          0          0          0          0          0   handlers.o
        36          8          0          0          0         68   init.o

    ----------------------------------------------------------------------
        88         16          0          0          0         68   Library Totals
         2          0          0          0          0          0   (incl. Padding)

    ----------------------------------------------------------------------

      Code (inc. data)   RO Data    RW Data    ZI Data      Debug   Library Name

        86         16          0          0          0         68   mc_w.l

    ----------------------------------------------------------------------
        88         16          0          0          0         68   Library Totals

    ----------------------------------------------------------------------

==============================================================================


      Code (inc. data)   RO Data    RW Data    ZI Data      Debug   

      2060         96        488          8       1096     126963   Grand Totals
      2060         96        488          8       1096     126963   ELF Image Totals
      2060         96        488          8          0          0   ROM Totals

==============================================================================

    Total RO  Size (Code + RO Data)                 2548 (   2.49kB)
    Total RW  Size (RW Data + ZI Data)              1104 (   1.08kB)
    Total ROM Size (Code + RO Data + RW Data)       2556 (   2.50kB)

==============================================================================

