Component: ARM Compiler 5.06 update 6 (build 750) Tool: armlink [4d35ed]

==============================================================================

Section Cross References

    main.o(i.SystemClock_Config) refers to memseta.o(.text) for __aeabi_memclr4
    main.o(i.SystemClock_Config) refers to sn34f78x_hal_rcc.o(i.HAL_RCC_GetClockConfig) for HAL_RCC_GetClockConfig
    main.o(i.SystemClock_Config) refers to memcpya.o(.text) for __aeabi_memcpy4
    main.o(i.SystemClock_Config) refers to sn34f78x_hal_flash_ex.o(i.HAL_FLASHEx_ConfigProgram) for HAL_FLASHEx_ConfigProgram
    main.o(i.SystemClock_Config) refers to main.o(i.Error_Handler) for Error_Handler
    main.o(i.SystemClock_Config) refers to sn34f78x_hal_rcc.o(i.HAL_RCC_OscConfig) for HAL_RCC_OscConfig
    main.o(i.SystemClock_Config) refers to sn34f78x_hal_rcc.o(i.HAL_RCC_ClockConfig) for HAL_RCC_ClockConfig
    main.o(i.SystemClock_Config) refers to main.o(.constdata) for .constdata
    main.o(i._gpio_normal) refers to sn34f78x_hal_gpio.o(i.HAL_GPIO_ReadPin) for HAL_GPIO_ReadPin
    main.o(i._gpio_normal) refers to sn34f78x_hal_gpio.o(i.HAL_GPIO_TogglePin) for HAL_GPIO_TogglePin
    main.o(i._gpio_normal) refers to sn34f78x_hal_gpio.o(i.HAL_GPIO_SetAFIO) for HAL_GPIO_SetAFIO
    main.o(i._gpio_normal) refers to sn34f78x_hal_gpio.o(i.HAL_GPIO_GetAFIO) for HAL_GPIO_GetAFIO
    main.o(i.main) refers to sn34f78x_hal.o(i.HAL_Init) for HAL_Init
    main.o(i.main) refers to main.o(i.SystemClock_Config) for SystemClock_Config
    main.o(i.main) refers to init.o(i.init) for init
    main.o(i.main) refers to main.o(i._gpio_normal) for _gpio_normal
    main.o(i.main) refers to init.o(i.uninit) for uninit
    main.o(i.main) refers to main.o(i.Error_Handler) for Error_Handler
    sn34f78x_it.o(i.SCU_IRQHandler) refers to sn34f78x_hal_scu.o(ISR) for HAL_SCU_IRQHandler
    sn34f78x_it.o(i.SysTick_Handler) refers to sn34f78x_hal_systick.o(i.HAL_IncTick) for HAL_IncTick
    init.o(i.init) refers to init.o(i.sn34f7_GPIO_Init) for sn34f7_GPIO_Init
    init.o(i.sn34f7_GPIO_Init) refers to sn34f78x_hal_gpio.o(i.HAL_GPIO_Init) for HAL_GPIO_Init
    init.o(i.sn34f7_GPIO_Init) refers to sn34f78x_hal_gpio.o(i.HAL_GPIO_WritePin) for HAL_GPIO_WritePin
    init.o(i.sn34f7_GPIO_Init) refers to init.o(.bss) for GPIO3_PIN3_INIT
    init.o(i.uninit) refers to sn34f78x_hal_gpio.o(i.HAL_GPIO_DeInit) for HAL_GPIO_DeInit
    init.o(i.uninit) refers to sn34f78x_hal.o(i.HAL_DeInit) for HAL_DeInit
    sn34f78x_hal_rcc.o(i.HAL_GetNewHCLKFreq) refers to sn34f78x_hal_rcc.o(i.HAL_RCC_GetPLLCLKFreq) for HAL_RCC_GetPLLCLKFreq
    sn34f78x_hal_rcc.o(i.HAL_LVD_IRQHandler) refers to sn34f78x_hal_rcc.o(ISR) for HAL_LVD_Callback
    sn34f78x_hal_rcc.o(i.HAL_RCC_ClockConfig) refers to memcpya.o(.text) for __aeabi_memcpy4
    sn34f78x_hal_rcc.o(i.HAL_RCC_ClockConfig) refers to sn34f78x_hal_rcc.o(i.HAL_GetNewHCLKFreq) for HAL_GetNewHCLKFreq
    sn34f78x_hal_rcc.o(i.HAL_RCC_ClockConfig) refers to sn34f78x_hal_flash_ex.o(i.HAL_FLASHEx_GetConfig) for HAL_FLASHEx_GetConfig
    sn34f78x_hal_rcc.o(i.HAL_RCC_ClockConfig) refers to sn34f78x_hal_flash_ex.o(i.HAL_FLASHEx_ConfigProgram) for HAL_FLASHEx_ConfigProgram
    sn34f78x_hal_rcc.o(i.HAL_RCC_ClockConfig) refers to sn34f78x_hal_rcc.o(i.RCC_FCS_Command) for RCC_FCS_Command
    sn34f78x_hal_rcc.o(i.HAL_RCC_ClockConfig) refers to sn34f78x_hal_systick.o(i.HAL_GetTick) for HAL_GetTick
    sn34f78x_hal_rcc.o(i.HAL_RCC_ClockConfig) refers to sn34f78x_hal_rcc.o(i.HAL_RCC_GetSysClockFreq) for HAL_RCC_GetSysClockFreq
    sn34f78x_hal_rcc.o(i.HAL_RCC_ClockConfig) refers to sn34f78x_hal_systick.o(i.HAL_GetTickPrio) for HAL_GetTickPrio
    sn34f78x_hal_rcc.o(i.HAL_RCC_ClockConfig) refers to sn34f78x_hal_systick.o(i.HAL_InitTick) for HAL_InitTick
    sn34f78x_hal_rcc.o(i.HAL_RCC_ClockConfig) refers to sn34f78x_hal_rcc.o(.constdata) for .constdata
    sn34f78x_hal_rcc.o(i.HAL_RCC_ClockConfig) refers to system_sn34f780.o(.data) for SystemCoreClock
    sn34f78x_hal_rcc.o(i.HAL_RCC_ClockoutConfig) refers to sn34f78x_hal_gpio.o(i.HAL_GPIO_SetAFIO) for HAL_GPIO_SetAFIO
    sn34f78x_hal_rcc.o(i.HAL_RCC_GetAPB0CLKFreq) refers to sn34f78x_hal_rcc.o(i.HAL_RCC_GetHCLKFreq) for HAL_RCC_GetHCLKFreq
    sn34f78x_hal_rcc.o(i.HAL_RCC_GetAPB1CLKFreq) refers to sn34f78x_hal_rcc.o(i.HAL_RCC_GetHCLKFreq) for HAL_RCC_GetHCLKFreq
    sn34f78x_hal_rcc.o(i.HAL_RCC_GetHCLKFreq) refers to sn34f78x_hal_rcc.o(i.HAL_RCC_GetSysClockFreq) for HAL_RCC_GetSysClockFreq
    sn34f78x_hal_rcc.o(i.HAL_RCC_GetSysClockFreq) refers to sn34f78x_hal_rcc.o(i.HAL_RCC_GetPLLCLKFreq) for HAL_RCC_GetPLLCLKFreq
    sn34f78x_hal_rcc.o(i.HAL_RCC_OscConfig) refers to sn34f78x_hal_systick.o(i.HAL_GetTick) for HAL_GetTick
    sn34f78x_hal_rcc.o(i.HAL_RCC_OscConfig) refers to sn34f78x_hal_gpio.o(i.HAL_GPIO_SetAFIO) for HAL_GPIO_SetAFIO
    sn34f78x_hal_rcc.o(i.HAL_RCC_OscConfig) refers to sn34f78x_hal_rcc.o(i.RCC_FCS_Command) for RCC_FCS_Command
    sn34f78x_hal_rcc.o(i.HAL_RCC_PeripheralReset) refers to sn34f78x_hal_systick.o(i.HAL_GetTick) for HAL_GetTick
    sn34f78x_hal_rcc.o(i.LVD_Control) refers to sn34f78x_hal_rcc.o(i.__NVIC_EnableIRQ) for __NVIC_EnableIRQ
    sn34f78x_hal_rcc.o(i.RCC_FCS_Command) refers to sn34f78x_hal_rcc.o(i.__NVIC_EnableIRQ) for __NVIC_EnableIRQ
    sn34f78x_hal_flash.o(i.FLASH_SetErrorCode) refers to sn34f78x_hal_flash.o(.bss) for pFlash
    sn34f78x_hal_flash.o(i.FLASH_WaitForLastOperation) refers to sn34f78x_hal_systick.o(i.HAL_GetTick) for HAL_GetTick
    sn34f78x_hal_flash.o(i.FLASH_WaitForLastOperation) refers to sn34f78x_hal_flash.o(i.FLASH_SetErrorCode) for FLASH_SetErrorCode
    sn34f78x_hal_flash.o(i.FLASH_WaitForLastOperation) refers to sn34f78x_hal_flash.o(.bss) for pFlash
    sn34f78x_hal_flash.o(i.HAL_FLASH_GetError) refers to sn34f78x_hal_flash.o(.bss) for pFlash
    sn34f78x_hal_flash.o(i.HAL_InitFlash) refers to sn34f78x_hal_flash_ex.o(i.HAL_FLASHEx_ConfigProgram) for HAL_FLASHEx_ConfigProgram
    sn34f78x_hal_flash.o(i.HAL_InitFlash) refers to sn34f78x_hal_flash.o(.bss) for pFlash
    sn34f78x_hal_flash_ex.o(i.FLASH_AUTOHold_Config) refers to sn34f78x_hal_flash.o(i.FLASH_WaitForLastOperation) for FLASH_WaitForLastOperation
    sn34f78x_hal_flash_ex.o(i.FLASH_CLKFreq_Config) refers to sn34f78x_hal_flash.o(i.FLASH_WaitForLastOperation) for FLASH_WaitForLastOperation
    sn34f78x_hal_flash_ex.o(i.FLASH_GetAUTOHold) refers to sn34f78x_hal_flash.o(i.FLASH_WaitForLastOperation) for FLASH_WaitForLastOperation
    sn34f78x_hal_flash_ex.o(i.FLASH_GetBOOTFlag) refers to sn34f78x_hal_flash.o(i.FLASH_WaitForLastOperation) for FLASH_WaitForLastOperation
    sn34f78x_hal_flash_ex.o(i.FLASH_GetCLKFreq) refers to sn34f78x_hal_flash.o(i.FLASH_WaitForLastOperation) for FLASH_WaitForLastOperation
    sn34f78x_hal_flash_ex.o(i.FLASH_GetMMWRP) refers to sn34f78x_hal_flash_ex.o(i.FLASH_Protect_GetStatus) for FLASH_Protect_GetStatus
    sn34f78x_hal_flash_ex.o(i.FLASH_GetRDP) refers to sn34f78x_hal_flash_ex.o(i.FLASH_Protect_GetStatus) for FLASH_Protect_GetStatus
    sn34f78x_hal_flash_ex.o(i.FLASH_GetSMWRP) refers to sn34f78x_hal_flash_ex.o(i.FLASH_Protect_GetStatus) for FLASH_Protect_GetStatus
    sn34f78x_hal_flash_ex.o(i.FLASH_Protect_GetStatus) refers to sn34f78x_hal_flash.o(i.FLASH_WaitForLastOperation) for FLASH_WaitForLastOperation
    sn34f78x_hal_flash_ex.o(i.HAL_FLASHEx_ChecksumCalculate) refers to sn34f78x_hal_flash.o(i.FLASH_WaitForLastOperation) for FLASH_WaitForLastOperation
    sn34f78x_hal_flash_ex.o(i.HAL_FLASHEx_ChecksumCalculate) refers to sn34f78x_hal_flash.o(.bss) for pFlash
    sn34f78x_hal_flash_ex.o(i.HAL_FLASHEx_ConfigProgram) refers to sn34f78x_hal_flash_ex.o(i.FLASH_CLKFreq_Config) for FLASH_CLKFreq_Config
    sn34f78x_hal_flash_ex.o(i.HAL_FLASHEx_ConfigProgram) refers to sn34f78x_hal_flash_ex.o(i.FLASH_AUTOHold_Config) for FLASH_AUTOHold_Config
    sn34f78x_hal_flash_ex.o(i.HAL_FLASHEx_GetConfig) refers to sn34f78x_hal_flash_ex.o(i.FLASH_GetMMWRP) for FLASH_GetMMWRP
    sn34f78x_hal_flash_ex.o(i.HAL_FLASHEx_GetConfig) refers to sn34f78x_hal_flash_ex.o(i.FLASH_GetSMWRP) for FLASH_GetSMWRP
    sn34f78x_hal_flash_ex.o(i.HAL_FLASHEx_GetConfig) refers to sn34f78x_hal_flash_ex.o(i.FLASH_GetRDP) for FLASH_GetRDP
    sn34f78x_hal_flash_ex.o(i.HAL_FLASHEx_GetConfig) refers to sn34f78x_hal_flash_ex.o(i.FLASH_GetBOOTFlag) for FLASH_GetBOOTFlag
    sn34f78x_hal_flash_ex.o(i.HAL_FLASHEx_GetConfig) refers to sn34f78x_hal_flash_ex.o(i.FLASH_GetCLKFreq) for FLASH_GetCLKFreq
    sn34f78x_hal_flash_ex.o(i.HAL_FLASHEx_GetConfig) refers to sn34f78x_hal_flash_ex.o(i.FLASH_GetAUTOHold) for FLASH_GetAUTOHold
    sn34f78x_hal_gpio.o(i.HAL_GPIO_DeInit) refers to sn34f78x_hal_gpio.o(i._gpio_config_irq) for _gpio_config_irq
    sn34f78x_hal_gpio.o(i.HAL_GPIO_GetAFIO) refers to sn34f78x_hal_gpio.o(i._pinmux_get_port_pos) for _pinmux_get_port_pos
    sn34f78x_hal_gpio.o(i.HAL_GPIO_GetAFIO) refers to sn34f78x_hal_gpio.o(.constdata) for AFIO_Info
    sn34f78x_hal_gpio.o(i.HAL_GPIO_IRQHandler) refers to sn34f78x_hal_gpio.o(i.HAL_GPIO_ChangeClockMode) for HAL_GPIO_ChangeClockMode
    sn34f78x_hal_gpio.o(i.HAL_GPIO_IRQHandler) refers to sn34f78x_hal_gpio.o(i.HAL_GPIO_Callback) for HAL_GPIO_Callback
    sn34f78x_hal_gpio.o(i.HAL_GPIO_Init) refers to sn34f78x_hal_gpio.o(i._gpio_config_pin_str) for _gpio_config_pin_str
    sn34f78x_hal_gpio.o(i.HAL_GPIO_Init) refers to sn34f78x_hal_gpio.o(i._gpio_config_irq) for _gpio_config_irq
    sn34f78x_hal_gpio.o(i.HAL_GPIO_SetAFIO) refers to sn34f78x_hal_gpio.o(i._pinmux_get_port_pos) for _pinmux_get_port_pos
    sn34f78x_hal_gpio.o(i.HAL_GPIO_SetAFIO) refers to sn34f78x_hal_gpio.o(.constdata) for AFIO_Info
    sn34f78x_hal_gpio.o(i._gpio_config_pin_str) refers to sn34f78x_hal_gpio.o(i._gpio_get_pin_str) for _gpio_get_pin_str
    sn34f78x_hal_gpio.o(i._gpio_get_pin_str) refers to sn34f78x_hal_gpio.o(.constdata) for .constdata
    sn34f78x_hal.o(i.HAL_DeInit) refers to sn34f78x_hal_msp.o(i.HAL_MspDeInit) for HAL_MspDeInit
    sn34f78x_hal.o(i.HAL_Init) refers to sn34f78x_hal_systick.o(i.HAL_InitTick) for HAL_InitTick
    sn34f78x_hal.o(i.HAL_Init) refers to sn34f78x_hal_flash.o(i.HAL_InitFlash) for HAL_InitFlash
    sn34f78x_hal.o(i.HAL_Init) refers to sn34f78x_hal_msp.o(i.HAL_MspInit) for HAL_MspInit
    sn34f78x_hal_systick.o(i.HAL_Delay) refers to sn34f78x_hal_systick.o(i.HAL_GetTick) for HAL_GetTick
    sn34f78x_hal_systick.o(i.HAL_GetTick) refers to sn34f78x_hal_systick.o(.data) for uwTick
    sn34f78x_hal_systick.o(i.HAL_GetTickFreq) refers to sn34f78x_hal_systick.o(.data) for uwTickFreq
    sn34f78x_hal_systick.o(i.HAL_GetTickPrio) refers to sn34f78x_hal_systick.o(.data) for uwTickPrio
    sn34f78x_hal_systick.o(i.HAL_IncTick) refers to sn34f78x_hal_systick.o(.data) for uwTick
    sn34f78x_hal_systick.o(i.HAL_InitTick) refers to system_sn34f780.o(i.SystemCoreClockUpdate) for SystemCoreClockUpdate
    sn34f78x_hal_systick.o(i.HAL_InitTick) refers to sn34f78x_hal_systick.o(i.__NVIC_SetPriority) for __NVIC_SetPriority
    sn34f78x_hal_systick.o(i.HAL_InitTick) refers to sn34f78x_hal_systick.o(.data) for uwTickFreq
    sn34f78x_hal_systick.o(i.HAL_InitTick) refers to system_sn34f780.o(.data) for SystemCoreClock
    sn34f78x_hal_systick.o(i.HAL_SetTickFreq) refers to sn34f78x_hal_systick.o(i.HAL_InitTick) for HAL_InitTick
    sn34f78x_hal_systick.o(i.HAL_SetTickFreq) refers to sn34f78x_hal_systick.o(.data) for uwTickFreq
    startup_sn34f780.o(RESET) refers to startup_sn34f780.o(STACK) for __initial_sp
    startup_sn34f780.o(RESET) refers to startup_sn34f780.o(.text) for Reset_Handler
    startup_sn34f780.o(RESET) refers to sn34f78x_it.o(i.SysTick_Handler) for SysTick_Handler
    startup_sn34f780.o(RESET) refers to sn34f78x_it.o(i.SCU_IRQHandler) for SCU_IRQHandler
    startup_sn34f780.o(.text) refers to system_sn34f780.o(i.SystemInit) for SystemInit
    startup_sn34f780.o(.text) refers to entry.o(.ARM.Collect$$$$00000000) for __main
    system_sn34f780.o(i.SystemCoreClockUpdate) refers to system_sn34f780.o(.data) for SystemCoreClock
    entry.o(.ARM.Collect$$$$00000000) refers (Special) to entry10a.o(.ARM.Collect$$$$0000000D) for __rt_final_cpp
    entry.o(.ARM.Collect$$$$00000000) refers (Special) to entry11a.o(.ARM.Collect$$$$0000000F) for __rt_final_exit
    entry.o(.ARM.Collect$$$$00000000) refers (Special) to entry7b.o(.ARM.Collect$$$$00000008) for _main_clock
    entry.o(.ARM.Collect$$$$00000000) refers (Special) to entry8b.o(.ARM.Collect$$$$0000000A) for _main_cpp_init
    entry.o(.ARM.Collect$$$$00000000) refers (Special) to entry9a.o(.ARM.Collect$$$$0000000B) for _main_init
    entry.o(.ARM.Collect$$$$00000000) refers (Special) to entry5.o(.ARM.Collect$$$$00000004) for _main_scatterload
    entry.o(.ARM.Collect$$$$00000000) refers (Special) to entry2.o(.ARM.Collect$$$$00000001) for _main_stk
    entry2.o(.ARM.Collect$$$$00000001) refers to entry2.o(.ARM.Collect$$$$00002712) for __lit__00000000
    entry2.o(.ARM.Collect$$$$00002712) refers to startup_sn34f780.o(STACK) for __initial_sp
    entry2.o(__vectab_stack_and_reset_area) refers to startup_sn34f780.o(STACK) for __initial_sp
    entry2.o(__vectab_stack_and_reset_area) refers to entry.o(.ARM.Collect$$$$00000000) for __main
    entry5.o(.ARM.Collect$$$$00000004) refers to init.o(.text) for __scatterload
    entry9a.o(.ARM.Collect$$$$0000000B) refers to main.o(i.main) for main
    entry9b.o(.ARM.Collect$$$$0000000C) refers to main.o(i.main) for main
    init.o(.text) refers to entry5.o(.ARM.Collect$$$$00000004) for __main_after_scatterload


==============================================================================

Removing Unused input sections from the image.

    Removing main.o(.rev16_text), (4 bytes).
    Removing main.o(.revsh_text), (4 bytes).
    Removing main.o(.rrx_text), (6 bytes).
    Removing sn34f78x_it.o(.rev16_text), (4 bytes).
    Removing sn34f78x_it.o(.revsh_text), (4 bytes).
    Removing sn34f78x_it.o(.rrx_text), (6 bytes).
    Removing sn34f78x_hal_msp.o(.rev16_text), (4 bytes).
    Removing sn34f78x_hal_msp.o(.revsh_text), (4 bytes).
    Removing sn34f78x_hal_msp.o(.rrx_text), (6 bytes).
    Removing init.o(.rev16_text), (4 bytes).
    Removing init.o(.revsh_text), (4 bytes).
    Removing init.o(.rrx_text), (6 bytes).
    Removing sn34f78x_hal_rcc.o(.rev16_text), (4 bytes).
    Removing sn34f78x_hal_rcc.o(.revsh_text), (4 bytes).
    Removing sn34f78x_hal_rcc.o(.rrx_text), (6 bytes).
    Removing sn34f78x_hal_rcc.o(ISR), (2 bytes).
    Removing sn34f78x_hal_rcc.o(i.HAL_LVD_IRQHandler), (28 bytes).
    Removing sn34f78x_hal_rcc.o(i.HAL_RCC_ClockoutConfig), (152 bytes).
    Removing sn34f78x_hal_rcc.o(i.HAL_RCC_GetAPB0CLKFreq), (24 bytes).
    Removing sn34f78x_hal_rcc.o(i.HAL_RCC_GetAPB1CLKFreq), (24 bytes).
    Removing sn34f78x_hal_rcc.o(i.HAL_RCC_GetHCLKFreq), (24 bytes).
    Removing sn34f78x_hal_rcc.o(i.HAL_RCC_GetOscConfig), (96 bytes).
    Removing sn34f78x_hal_rcc.o(i.HAL_RCC_PeripheralReset), (88 bytes).
    Removing sn34f78x_hal_rcc.o(i.HAL_RCC_PeripheralResetMaskClear), (20 bytes).
    Removing sn34f78x_hal_rcc.o(i.LVD_Control), (164 bytes).
    Removing sn34f78x_hal_flash.o(.rev16_text), (4 bytes).
    Removing sn34f78x_hal_flash.o(.revsh_text), (4 bytes).
    Removing sn34f78x_hal_flash.o(.rrx_text), (6 bytes).
    Removing sn34f78x_hal_flash.o(i.HAL_FLASH_GetError), (12 bytes).
    Removing sn34f78x_hal_flash_ex.o(.rev16_text), (4 bytes).
    Removing sn34f78x_hal_flash_ex.o(.revsh_text), (4 bytes).
    Removing sn34f78x_hal_flash_ex.o(.rrx_text), (6 bytes).
    Removing sn34f78x_hal_flash_ex.o(i.FLASH_Erase_Page), (52 bytes).
    Removing sn34f78x_hal_flash_ex.o(i.FLASH_Erase_Sector), (60 bytes).
    Removing sn34f78x_hal_flash_ex.o(i.FLASH_MassErase), (60 bytes).
    Removing sn34f78x_hal_flash_ex.o(i.HAL_FLASHEx_ChecksumCalculate), (88 bytes).
    Removing sn34f78x_hal_assert.o(.rev16_text), (4 bytes).
    Removing sn34f78x_hal_assert.o(.revsh_text), (4 bytes).
    Removing sn34f78x_hal_assert.o(.rrx_text), (6 bytes).
    Removing sn34f78x_hal_gpio.o(.rev16_text), (4 bytes).
    Removing sn34f78x_hal_gpio.o(.revsh_text), (4 bytes).
    Removing sn34f78x_hal_gpio.o(.rrx_text), (6 bytes).
    Removing sn34f78x_hal_gpio.o(i.HAL_GPIO_Callback), (2 bytes).
    Removing sn34f78x_hal_gpio.o(i.HAL_GPIO_ChangeClockMode), (14 bytes).
    Removing sn34f78x_hal_gpio.o(i.HAL_GPIO_ConfigDebounce), (36 bytes).
    Removing sn34f78x_hal_gpio.o(i.HAL_GPIO_IRQHandler), (52 bytes).
    Removing sn34f78x_hal_gpio.o(i.HAL_GPIO_ReleaseOutput), (24 bytes).
    Removing sn34f78x_hal_scu.o(.rev16_text), (4 bytes).
    Removing sn34f78x_hal_scu.o(.revsh_text), (4 bytes).
    Removing sn34f78x_hal_scu.o(.rrx_text), (6 bytes).
    Removing sn34f78x_hal.o(.rev16_text), (4 bytes).
    Removing sn34f78x_hal.o(.revsh_text), (4 bytes).
    Removing sn34f78x_hal.o(.rrx_text), (6 bytes).
    Removing sn34f78x_hal.o(i.AFIO_Init), (2 bytes).
    Removing sn34f78x_hal.o(i.HAL_MspDeInit), (2 bytes).
    Removing sn34f78x_hal.o(i.HAL_MspInit), (2 bytes).
    Removing sn34f78x_hal_systick.o(.rev16_text), (4 bytes).
    Removing sn34f78x_hal_systick.o(.revsh_text), (4 bytes).
    Removing sn34f78x_hal_systick.o(.rrx_text), (6 bytes).
    Removing sn34f78x_hal_systick.o(i.HAL_Delay), (28 bytes).
    Removing sn34f78x_hal_systick.o(i.HAL_GetTickFreq), (12 bytes).
    Removing sn34f78x_hal_systick.o(i.HAL_ResumeTick), (18 bytes).
    Removing sn34f78x_hal_systick.o(i.HAL_SetTickFreq), (48 bytes).
    Removing sn34f78x_hal_systick.o(i.HAL_SuspendTick), (18 bytes).
    Removing startup_sn34f780.o(HEAP), (512 bytes).
    Removing system_sn34f780.o(.rev16_text), (4 bytes).
    Removing system_sn34f780.o(.revsh_text), (4 bytes).
    Removing system_sn34f780.o(.rrx_text), (6 bytes).

68 unused section(s) (total 1846 bytes) removed from the image.

==============================================================================

Image Symbol Table

    Local Symbols

    Symbol Name                              Value     Ov Type        Size  Object(Section)

    RESET                                    0x00000000   Section      448  startup_sn34f780.o(RESET)
    ../clib/microlib/init/entry.s            0x00000000   Number         0  entry.o ABSOLUTE
    ../clib/microlib/init/entry.s            0x00000000   Number         0  entry8a.o ABSOLUTE
    ../clib/microlib/init/entry.s            0x00000000   Number         0  entry7b.o ABSOLUTE
    ../clib/microlib/init/entry.s            0x00000000   Number         0  entry7a.o ABSOLUTE
    ../clib/microlib/init/entry.s            0x00000000   Number         0  entry9b.o ABSOLUTE
    ../clib/microlib/init/entry.s            0x00000000   Number         0  entry5.o ABSOLUTE
    ../clib/microlib/init/entry.s            0x00000000   Number         0  entry8b.o ABSOLUTE
    ../clib/microlib/init/entry.s            0x00000000   Number         0  entry11b.o ABSOLUTE
    ../clib/microlib/init/entry.s            0x00000000   Number         0  entry11a.o ABSOLUTE
    ../clib/microlib/init/entry.s            0x00000000   Number         0  entry10b.o ABSOLUTE
    ../clib/microlib/init/entry.s            0x00000000   Number         0  entry10a.o ABSOLUTE
    ../clib/microlib/init/entry.s            0x00000000   Number         0  entry9a.o ABSOLUTE
    ../clib/microlib/init/entry.s            0x00000000   Number         0  entry2.o ABSOLUTE
    ../clib/microlib/string/memcpy.c         0x00000000   Number         0  memcpyb.o ABSOLUTE
    ../clib/microlib/string/memcpy.c         0x00000000   Number         0  memcpya.o ABSOLUTE
    ../clib/microlib/string/memset.c         0x00000000   Number         0  memseta.o ABSOLUTE
    ..\..\..\..\..\Peripherals\Source\sn34f78x_hal.c 0x00000000   Number         0  sn34f78x_hal.o ABSOLUTE
    ..\..\..\..\..\Peripherals\Source\sn34f78x_hal_assert.c 0x00000000   Number         0  sn34f78x_hal_assert.o ABSOLUTE
    ..\..\..\..\..\Peripherals\Source\sn34f78x_hal_flash.c 0x00000000   Number         0  sn34f78x_hal_flash.o ABSOLUTE
    ..\..\..\..\..\Peripherals\Source\sn34f78x_hal_flash_ex.c 0x00000000   Number         0  sn34f78x_hal_flash_ex.o ABSOLUTE
    ..\..\..\..\..\Peripherals\Source\sn34f78x_hal_gpio.c 0x00000000   Number         0  sn34f78x_hal_gpio.o ABSOLUTE
    ..\..\..\..\..\Peripherals\Source\sn34f78x_hal_rcc.c 0x00000000   Number         0  sn34f78x_hal_rcc.o ABSOLUTE
    ..\..\..\..\..\Peripherals\Source\sn34f78x_hal_scu.c 0x00000000   Number         0  sn34f78x_hal_scu.o ABSOLUTE
    ..\..\..\..\..\Peripherals\Source\sn34f78x_hal_systick.c 0x00000000   Number         0  sn34f78x_hal_systick.o ABSOLUTE
    ..\\..\\..\\..\\..\\Peripherals\\Source\\sn34f78x_hal.c 0x00000000   Number         0  sn34f78x_hal.o ABSOLUTE
    ..\\..\\..\\..\\..\\Peripherals\\Source\\sn34f78x_hal_assert.c 0x00000000   Number         0  sn34f78x_hal_assert.o ABSOLUTE
    ..\\..\\..\\..\\..\\Peripherals\\Source\\sn34f78x_hal_flash.c 0x00000000   Number         0  sn34f78x_hal_flash.o ABSOLUTE
    ..\\..\\..\\..\\..\\Peripherals\\Source\\sn34f78x_hal_flash_ex.c 0x00000000   Number         0  sn34f78x_hal_flash_ex.o ABSOLUTE
    ..\\..\\..\\..\\..\\Peripherals\\Source\\sn34f78x_hal_gpio.c 0x00000000   Number         0  sn34f78x_hal_gpio.o ABSOLUTE
    ..\\..\\..\\..\\..\\Peripherals\\Source\\sn34f78x_hal_rcc.c 0x00000000   Number         0  sn34f78x_hal_rcc.o ABSOLUTE
    ..\\..\\..\\..\\..\\Peripherals\\Source\\sn34f78x_hal_scu.c 0x00000000   Number         0  sn34f78x_hal_scu.o ABSOLUTE
    ..\\..\\..\\..\\..\\Peripherals\\Source\\sn34f78x_hal_systick.c 0x00000000   Number         0  sn34f78x_hal_systick.o ABSOLUTE
    ..\\src\\init.c                          0x00000000   Number         0  init.o ABSOLUTE
    ..\\src\\main.c                          0x00000000   Number         0  main.o ABSOLUTE
    ..\\src\\sn34f78x_hal_msp.c              0x00000000   Number         0  sn34f78x_hal_msp.o ABSOLUTE
    ..\\src\\sn34f78x_it.c                   0x00000000   Number         0  sn34f78x_it.o ABSOLUTE
    ..\src\init.c                            0x00000000   Number         0  init.o ABSOLUTE
    ..\src\main.c                            0x00000000   Number         0  main.o ABSOLUTE
    ..\src\sn34f78x_hal_msp.c                0x00000000   Number         0  sn34f78x_hal_msp.o ABSOLUTE
    ..\src\sn34f78x_it.c                     0x00000000   Number         0  sn34f78x_it.o ABSOLUTE
    RTE\Device\SN34F788F\startup_SN34F780.s  0x00000000   Number         0  startup_sn34f780.o ABSOLUTE
    RTE\Device\SN34F788F\system_SN34F780.c   0x00000000   Number         0  system_sn34f780.o ABSOLUTE
    RTE\\Device\\SN34F788F\\system_SN34F780.c 0x00000000   Number         0  system_sn34f780.o ABSOLUTE
    dc.s                                     0x00000000   Number         0  dc.o ABSOLUTE
    handlers.s                               0x00000000   Number         0  handlers.o ABSOLUTE
    init.s                                   0x00000000   Number         0  init.o ABSOLUTE
    .ARM.Collect$$$$00000000                 0x000001c0   Section        0  entry.o(.ARM.Collect$$$$00000000)
    .ARM.Collect$$$$00000001                 0x000001c0   Section        4  entry2.o(.ARM.Collect$$$$00000001)
    .ARM.Collect$$$$00000004                 0x000001c4   Section        4  entry5.o(.ARM.Collect$$$$00000004)
    .ARM.Collect$$$$00000008                 0x000001c8   Section        0  entry7b.o(.ARM.Collect$$$$00000008)
    .ARM.Collect$$$$0000000A                 0x000001c8   Section        0  entry8b.o(.ARM.Collect$$$$0000000A)
    .ARM.Collect$$$$0000000B                 0x000001c8   Section        8  entry9a.o(.ARM.Collect$$$$0000000B)
    .ARM.Collect$$$$0000000D                 0x000001d0   Section        0  entry10a.o(.ARM.Collect$$$$0000000D)
    .ARM.Collect$$$$0000000F                 0x000001d0   Section        0  entry11a.o(.ARM.Collect$$$$0000000F)
    .ARM.Collect$$$$00002712                 0x000001d0   Section        4  entry2.o(.ARM.Collect$$$$00002712)
    __lit__00000000                          0x000001d0   Data           4  entry2.o(.ARM.Collect$$$$00002712)
    i.Error_Handler                          0x000001d4   Section        0  main.o(i.Error_Handler)
    i.HAL_MspDeInit                          0x000001da   Section        0  sn34f78x_hal_msp.o(i.HAL_MspDeInit)
    i.HAL_MspInit                            0x000001dc   Section        0  sn34f78x_hal_msp.o(i.HAL_MspInit)
    i.__scatterload_null                     0x000001de   Section        2  handlers.o(i.__scatterload_null)
    .ARM.__at_0x000001E0                     0x000001e0   Section        4  sn34f78x_hal.o(.ARM.__at_0x000001E0)
    .ARM.__at_0x000001E4                     0x000001e4   Section        4  sn34f78x_hal.o(.ARM.__at_0x000001E4)
    .text                                    0x000001e8   Section       64  startup_sn34f780.o(.text)
    $v0                                      0x000001e8   Number         0  startup_sn34f780.o(.text)
    .text                                    0x00000228   Section        0  memcpya.o(.text)
    .text                                    0x0000024c   Section        0  memseta.o(.text)
    .text                                    0x00000270   Section       36  init.o(.text)
    ISR                                      0x00000294   Section        0  sn34f78x_hal_scu.o(ISR)
    i.FLASH_AUTOHold_Config                  0x000002cc   Section        0  sn34f78x_hal_flash_ex.o(i.FLASH_AUTOHold_Config)
    FLASH_AUTOHold_Config                    0x000002cd   Thumb Code    26  sn34f78x_hal_flash_ex.o(i.FLASH_AUTOHold_Config)
    i.FLASH_CLKFreq_Config                   0x000002ec   Section        0  sn34f78x_hal_flash_ex.o(i.FLASH_CLKFreq_Config)
    FLASH_CLKFreq_Config                     0x000002ed   Thumb Code    62  sn34f78x_hal_flash_ex.o(i.FLASH_CLKFreq_Config)
    i.FLASH_GetAUTOHold                      0x00000330   Section        0  sn34f78x_hal_flash_ex.o(i.FLASH_GetAUTOHold)
    FLASH_GetAUTOHold                        0x00000331   Thumb Code    32  sn34f78x_hal_flash_ex.o(i.FLASH_GetAUTOHold)
    i.FLASH_GetBOOTFlag                      0x00000354   Section        0  sn34f78x_hal_flash_ex.o(i.FLASH_GetBOOTFlag)
    FLASH_GetBOOTFlag                        0x00000355   Thumb Code    80  sn34f78x_hal_flash_ex.o(i.FLASH_GetBOOTFlag)
    i.FLASH_GetCLKFreq                       0x000003a8   Section        0  sn34f78x_hal_flash_ex.o(i.FLASH_GetCLKFreq)
    FLASH_GetCLKFreq                         0x000003a9   Thumb Code    80  sn34f78x_hal_flash_ex.o(i.FLASH_GetCLKFreq)
    i.FLASH_GetMMWRP                         0x000003fc   Section        0  sn34f78x_hal_flash_ex.o(i.FLASH_GetMMWRP)
    FLASH_GetMMWRP                           0x000003fd   Thumb Code    18  sn34f78x_hal_flash_ex.o(i.FLASH_GetMMWRP)
    i.FLASH_GetRDP                           0x0000040e   Section        0  sn34f78x_hal_flash_ex.o(i.FLASH_GetRDP)
    FLASH_GetRDP                             0x0000040f   Thumb Code    18  sn34f78x_hal_flash_ex.o(i.FLASH_GetRDP)
    i.FLASH_GetSMWRP                         0x00000420   Section        0  sn34f78x_hal_flash_ex.o(i.FLASH_GetSMWRP)
    FLASH_GetSMWRP                           0x00000421   Thumb Code    18  sn34f78x_hal_flash_ex.o(i.FLASH_GetSMWRP)
    i.FLASH_Protect_GetStatus                0x00000434   Section        0  sn34f78x_hal_flash_ex.o(i.FLASH_Protect_GetStatus)
    FLASH_Protect_GetStatus                  0x00000435   Thumb Code   110  sn34f78x_hal_flash_ex.o(i.FLASH_Protect_GetStatus)
    i.FLASH_SetErrorCode                     0x000004a8   Section        0  sn34f78x_hal_flash.o(i.FLASH_SetErrorCode)
    FLASH_SetErrorCode                       0x000004a9   Thumb Code    12  sn34f78x_hal_flash.o(i.FLASH_SetErrorCode)
    i.FLASH_WaitForLastOperation             0x000004bc   Section        0  sn34f78x_hal_flash.o(i.FLASH_WaitForLastOperation)
    i.HAL_DeInit                             0x00000528   Section        0  sn34f78x_hal.o(i.HAL_DeInit)
    i.HAL_FLASHEx_ConfigProgram              0x00000532   Section        0  sn34f78x_hal_flash_ex.o(i.HAL_FLASHEx_ConfigProgram)
    i.HAL_FLASHEx_GetConfig                  0x00000562   Section        0  sn34f78x_hal_flash_ex.o(i.HAL_FLASHEx_GetConfig)
    i.HAL_GPIO_DeInit                        0x0000059c   Section        0  sn34f78x_hal_gpio.o(i.HAL_GPIO_DeInit)
    i.HAL_GPIO_GetAFIO                       0x000005f8   Section        0  sn34f78x_hal_gpio.o(i.HAL_GPIO_GetAFIO)
    i.HAL_GPIO_Init                          0x00000644   Section        0  sn34f78x_hal_gpio.o(i.HAL_GPIO_Init)
    i.HAL_GPIO_ReadPin                       0x000006ca   Section        0  sn34f78x_hal_gpio.o(i.HAL_GPIO_ReadPin)
    i.HAL_GPIO_SetAFIO                       0x000006dc   Section        0  sn34f78x_hal_gpio.o(i.HAL_GPIO_SetAFIO)
    i.HAL_GPIO_TogglePin                     0x0000074c   Section        0  sn34f78x_hal_gpio.o(i.HAL_GPIO_TogglePin)
    i.HAL_GPIO_WritePin                      0x00000762   Section        0  sn34f78x_hal_gpio.o(i.HAL_GPIO_WritePin)
    i.HAL_GetNewHCLKFreq                     0x00000770   Section        0  sn34f78x_hal_rcc.o(i.HAL_GetNewHCLKFreq)
    i.HAL_GetTick                            0x000007d0   Section        0  sn34f78x_hal_systick.o(i.HAL_GetTick)
    i.HAL_GetTickPrio                        0x000007dc   Section        0  sn34f78x_hal_systick.o(i.HAL_GetTickPrio)
    i.HAL_IncTick                            0x000007e8   Section        0  sn34f78x_hal_systick.o(i.HAL_IncTick)
    i.HAL_Init                               0x00000800   Section        0  sn34f78x_hal.o(i.HAL_Init)
    i.HAL_InitFlash                          0x00000814   Section        0  sn34f78x_hal_flash.o(i.HAL_InitFlash)
    i.HAL_InitTick                           0x00000850   Section        0  sn34f78x_hal_systick.o(i.HAL_InitTick)
    i.HAL_RCC_ClockConfig                    0x00000938   Section        0  sn34f78x_hal_rcc.o(i.HAL_RCC_ClockConfig)
    i.HAL_RCC_GetClockConfig                 0x00000acc   Section        0  sn34f78x_hal_rcc.o(i.HAL_RCC_GetClockConfig)
    i.HAL_RCC_GetPLLCLKFreq                  0x00000b04   Section        0  sn34f78x_hal_rcc.o(i.HAL_RCC_GetPLLCLKFreq)
    i.HAL_RCC_GetSysClockFreq                0x00000b60   Section        0  sn34f78x_hal_rcc.o(i.HAL_RCC_GetSysClockFreq)
    i.HAL_RCC_OscConfig                      0x00000b98   Section        0  sn34f78x_hal_rcc.o(i.HAL_RCC_OscConfig)
    i.RCC_FCS_Command                        0x00000dec   Section        0  sn34f78x_hal_rcc.o(i.RCC_FCS_Command)
    i.SCU_IRQHandler                         0x00000e9c   Section        0  sn34f78x_it.o(i.SCU_IRQHandler)
    i.SysTick_Handler                        0x00000ea4   Section        0  sn34f78x_it.o(i.SysTick_Handler)
    i.SystemClock_Config                     0x00000eac   Section        0  main.o(i.SystemClock_Config)
    i.SystemCoreClockUpdate                  0x00000f30   Section        0  system_sn34f780.o(i.SystemCoreClockUpdate)
    i.SystemInit                             0x00001018   Section        0  system_sn34f780.o(i.SystemInit)
    i.__NVIC_EnableIRQ                       0x0000102c   Section        0  sn34f78x_hal_rcc.o(i.__NVIC_EnableIRQ)
    __NVIC_EnableIRQ                         0x0000102d   Thumb Code    34  sn34f78x_hal_rcc.o(i.__NVIC_EnableIRQ)
    i.__NVIC_SetPriority                     0x00001050   Section        0  sn34f78x_hal_systick.o(i.__NVIC_SetPriority)
    __NVIC_SetPriority                       0x00001051   Thumb Code    32  sn34f78x_hal_systick.o(i.__NVIC_SetPriority)
    i.__scatterload_copy                     0x00001078   Section       14  handlers.o(i.__scatterload_copy)
    i.__scatterload_zeroinit                 0x00001086   Section       14  handlers.o(i.__scatterload_zeroinit)
    i._gpio_config_irq                       0x00001094   Section        0  sn34f78x_hal_gpio.o(i._gpio_config_irq)
    _gpio_config_irq                         0x00001095   Thumb Code   148  sn34f78x_hal_gpio.o(i._gpio_config_irq)
    i._gpio_config_pin_str                   0x00001128   Section        0  sn34f78x_hal_gpio.o(i._gpio_config_pin_str)
    _gpio_config_pin_str                     0x00001129   Thumb Code    96  sn34f78x_hal_gpio.o(i._gpio_config_pin_str)
    i._gpio_get_pin_str                      0x0000118c   Section        0  sn34f78x_hal_gpio.o(i._gpio_get_pin_str)
    _gpio_get_pin_str                        0x0000118d   Thumb Code   126  sn34f78x_hal_gpio.o(i._gpio_get_pin_str)
    i._gpio_normal                           0x0000121c   Section        0  main.o(i._gpio_normal)
    i._pinmux_get_port_pos                   0x00001298   Section        0  sn34f78x_hal_gpio.o(i._pinmux_get_port_pos)
    _pinmux_get_port_pos                     0x00001299   Thumb Code    36  sn34f78x_hal_gpio.o(i._pinmux_get_port_pos)
    i.init                                   0x000012c8   Section        0  init.o(i.init)
    i.main                                   0x000012d8   Section        0  main.o(i.main)
    i.sn34f7_GPIO_Init                       0x000012fc   Section        0  init.o(i.sn34f7_GPIO_Init)
    i.uninit                                 0x00001354   Section        0  init.o(i.uninit)
    .constdata                               0x00001380   Section       44  main.o(.constdata)
    .constdata                               0x000013ac   Section       44  sn34f78x_hal_rcc.o(.constdata)
    .constdata                               0x000013d8   Section      844  sn34f78x_hal_gpio.o(.constdata)
    AFIO_Info                                0x000013d8   Data         804  sn34f78x_hal_gpio.o(.constdata)
    .ARM.__at_0x0007DFFC                     0x0007dffc   Section        4  startup_sn34f780.o(.ARM.__at_0x0007DFFC)
    .data                                    0x20000000   Section        9  sn34f78x_hal_systick.o(.data)
    .data                                    0x2000000c   Section        4  system_sn34f780.o(.data)
    .bss                                     0x20000010   Section       32  init.o(.bss)
    .bss                                     0x20000030   Section       32  sn34f78x_hal_flash.o(.bss)
    STACK                                    0x20000050   Section     1024  startup_sn34f780.o(STACK)

    Global Symbols

    Symbol Name                              Value     Ov Type        Size  Object(Section)

    BuildAttributes$$THM_ISAv4$E$P$D$K$B$S$7EM$VFPi3$EXTD16$VFPS$VFMA$PE$A:L22UL41UL21$X:L11$S22US41US21$IEEE1$IW$USESV6$~STKCKD$USESV7$~SHL$OSPACE$EBA8$MICROLIB$REQ8$PRES8$EABIv2 0x00000000   Number         0  anon$$obj.o ABSOLUTE
    __ARM_use_no_argv                        0x00000000   Number         0  main.o ABSOLUTE
    __Vectors                                0x00000000   Data           4  startup_sn34f780.o(RESET)
    __cpp_initialize__aeabi_                  - Undefined Weak Reference
    __cxa_finalize                            - Undefined Weak Reference
    __decompress                              - Undefined Weak Reference
    _clock_init                               - Undefined Weak Reference
    _microlib_exit                            - Undefined Weak Reference
    __Vectors_End                            0x000001c0   Data           0  startup_sn34f780.o(RESET)
    __Vectors_Size                           0x000001c0   Number         0  startup_sn34f780.o ABSOLUTE
    __main                                   0x000001c1   Thumb Code     0  entry.o(.ARM.Collect$$$$00000000)
    _main_stk                                0x000001c1   Thumb Code     0  entry2.o(.ARM.Collect$$$$00000001)
    _main_scatterload                        0x000001c5   Thumb Code     0  entry5.o(.ARM.Collect$$$$00000004)
    __main_after_scatterload                 0x000001c9   Thumb Code     0  entry5.o(.ARM.Collect$$$$00000004)
    _main_clock                              0x000001c9   Thumb Code     0  entry7b.o(.ARM.Collect$$$$00000008)
    _main_cpp_init                           0x000001c9   Thumb Code     0  entry8b.o(.ARM.Collect$$$$0000000A)
    _main_init                               0x000001c9   Thumb Code     0  entry9a.o(.ARM.Collect$$$$0000000B)
    __rt_final_cpp                           0x000001d1   Thumb Code     0  entry10a.o(.ARM.Collect$$$$0000000D)
    __rt_final_exit                          0x000001d1   Thumb Code     0  entry11a.o(.ARM.Collect$$$$0000000F)
    Error_Handler                            0x000001d5   Thumb Code     6  main.o(i.Error_Handler)
    HAL_MspDeInit                            0x000001db   Thumb Code     2  sn34f78x_hal_msp.o(i.HAL_MspDeInit)
    HAL_MspInit                              0x000001dd   Thumb Code     2  sn34f78x_hal_msp.o(i.HAL_MspInit)
    __scatterload_null                       0x000001df   Thumb Code     2  handlers.o(i.__scatterload_null)
    BL_PFPA_UTXD0                            0x000001e0   Data           4  sn34f78x_hal.o(.ARM.__at_0x000001E0)
    BL_PFPA_URXD0                            0x000001e4   Data           4  sn34f78x_hal.o(.ARM.__at_0x000001E4)
    Reset_Handler                            0x000001e9   Thumb Code    26  startup_sn34f780.o(.text)
    NMI_Handler                              0x00000203   Thumb Code     2  startup_sn34f780.o(.text)
    HardFault_Handler                        0x00000205   Thumb Code     2  startup_sn34f780.o(.text)
    MemManage_Handler                        0x00000207   Thumb Code     2  startup_sn34f780.o(.text)
    BusFault_Handler                         0x00000209   Thumb Code     2  startup_sn34f780.o(.text)
    UsageFault_Handler                       0x0000020b   Thumb Code     2  startup_sn34f780.o(.text)
    SVC_Handler                              0x0000020d   Thumb Code     2  startup_sn34f780.o(.text)
    DebugMon_Handler                         0x0000020f   Thumb Code     2  startup_sn34f780.o(.text)
    PendSV_Handler                           0x00000211   Thumb Code     2  startup_sn34f780.o(.text)
    ADC0_IRQHandler                          0x00000215   Thumb Code     0  startup_sn34f780.o(.text)
    CAN0_EW_IRQHandler                       0x00000215   Thumb Code     0  startup_sn34f780.o(.text)
    CAN0_RX_IRQHandler                       0x00000215   Thumb Code     0  startup_sn34f780.o(.text)
    CAN0_TT_IRQHandler                       0x00000215   Thumb Code     0  startup_sn34f780.o(.text)
    CAN0_TX_IRQHandler                       0x00000215   Thumb Code     0  startup_sn34f780.o(.text)
    CAN1_EW_IRQHandler                       0x00000215   Thumb Code     0  startup_sn34f780.o(.text)
    CAN1_RX_IRQHandler                       0x00000215   Thumb Code     0  startup_sn34f780.o(.text)
    CAN1_TT_IRQHandler                       0x00000215   Thumb Code     0  startup_sn34f780.o(.text)
    CAN1_TX_IRQHandler                       0x00000215   Thumb Code     0  startup_sn34f780.o(.text)
    CT16B0_IRQHandler                        0x00000215   Thumb Code     0  startup_sn34f780.o(.text)
    CT16B1_IRQHandler                        0x00000215   Thumb Code     0  startup_sn34f780.o(.text)
    CT16B2_IRQHandler                        0x00000215   Thumb Code     0  startup_sn34f780.o(.text)
    CT16B3_IRQHandler                        0x00000215   Thumb Code     0  startup_sn34f780.o(.text)
    CT16B4_IRQHandler                        0x00000215   Thumb Code     0  startup_sn34f780.o(.text)
    CT16B5_IRQHandler                        0x00000215   Thumb Code     0  startup_sn34f780.o(.text)
    CT16B6_IRQHandler                        0x00000215   Thumb Code     0  startup_sn34f780.o(.text)
    CT16B7_IRQHandler                        0x00000215   Thumb Code     0  startup_sn34f780.o(.text)
    CT16B8_IRQHandler                        0x00000215   Thumb Code     0  startup_sn34f780.o(.text)
    DMA0_CH0_IRQHandler                      0x00000215   Thumb Code     0  startup_sn34f780.o(.text)
    DMA0_CH1_IRQHandler                      0x00000215   Thumb Code     0  startup_sn34f780.o(.text)
    DMA0_CH2_IRQHandler                      0x00000215   Thumb Code     0  startup_sn34f780.o(.text)
    DMA0_CH3_IRQHandler                      0x00000215   Thumb Code     0  startup_sn34f780.o(.text)
    DMA0_CH4_IRQHandler                      0x00000215   Thumb Code     0  startup_sn34f780.o(.text)
    DMA0_CH5_IRQHandler                      0x00000215   Thumb Code     0  startup_sn34f780.o(.text)
    DMA0_CH6_IRQHandler                      0x00000215   Thumb Code     0  startup_sn34f780.o(.text)
    DMA0_CH7_IRQHandler                      0x00000215   Thumb Code     0  startup_sn34f780.o(.text)
    DMA1_CH0_IRQHandler                      0x00000215   Thumb Code     0  startup_sn34f780.o(.text)
    DMA1_CH1_IRQHandler                      0x00000215   Thumb Code     0  startup_sn34f780.o(.text)
    DMA1_CH2_IRQHandler                      0x00000215   Thumb Code     0  startup_sn34f780.o(.text)
    DMA1_CH3_IRQHandler                      0x00000215   Thumb Code     0  startup_sn34f780.o(.text)
    DMA1_CH4_IRQHandler                      0x00000215   Thumb Code     0  startup_sn34f780.o(.text)
    DMA1_CH5_IRQHandler                      0x00000215   Thumb Code     0  startup_sn34f780.o(.text)
    DMA1_CH6_IRQHandler                      0x00000215   Thumb Code     0  startup_sn34f780.o(.text)
    DMA1_CH7_IRQHandler                      0x00000215   Thumb Code     0  startup_sn34f780.o(.text)
    ETH_IRQHandler                           0x00000215   Thumb Code     0  startup_sn34f780.o(.text)
    ETH_WOL_IRQHandler                       0x00000215   Thumb Code     0  startup_sn34f780.o(.text)
    FLASH_IRQHandler                         0x00000215   Thumb Code     0  startup_sn34f780.o(.text)
    FPU_IRQHandler                           0x00000215   Thumb Code     0  startup_sn34f780.o(.text)
    GPIO0_IRQHandler                         0x00000215   Thumb Code     0  startup_sn34f780.o(.text)
    GPIO1_IRQHandler                         0x00000215   Thumb Code     0  startup_sn34f780.o(.text)
    GPIO2_IRQHandler                         0x00000215   Thumb Code     0  startup_sn34f780.o(.text)
    GPIO3_IRQHandler                         0x00000215   Thumb Code     0  startup_sn34f780.o(.text)
    I2C0_IRQHandler                          0x00000215   Thumb Code     0  startup_sn34f780.o(.text)
    I2C1_IRQHandler                          0x00000215   Thumb Code     0  startup_sn34f780.o(.text)
    I2C2_IRQHandler                          0x00000215   Thumb Code     0  startup_sn34f780.o(.text)
    LCM_IRQHandler                           0x00000215   Thumb Code     0  startup_sn34f780.o(.text)
    LVD_IRQHandler                           0x00000215   Thumb Code     0  startup_sn34f780.o(.text)
    SDIO_IRQHandler                          0x00000215   Thumb Code     0  startup_sn34f780.o(.text)
    SPI0_IRQHandler                          0x00000215   Thumb Code     0  startup_sn34f780.o(.text)
    SPI1_IRQHandler                          0x00000215   Thumb Code     0  startup_sn34f780.o(.text)
    SPI2_IRQHandler                          0x00000215   Thumb Code     0  startup_sn34f780.o(.text)
    UART0_IRQHandler                         0x00000215   Thumb Code     0  startup_sn34f780.o(.text)
    UART1_IRQHandler                         0x00000215   Thumb Code     0  startup_sn34f780.o(.text)
    UART2_IRQHandler                         0x00000215   Thumb Code     0  startup_sn34f780.o(.text)
    UART3_IRQHandler                         0x00000215   Thumb Code     0  startup_sn34f780.o(.text)
    UART4_IRQHandler                         0x00000215   Thumb Code     0  startup_sn34f780.o(.text)
    UART5_IRQHandler                         0x00000215   Thumb Code     0  startup_sn34f780.o(.text)
    WDT_IRQHandler                           0x00000215   Thumb Code     0  startup_sn34f780.o(.text)
    WWDT_IRQHandler                          0x00000215   Thumb Code     0  startup_sn34f780.o(.text)
    __aeabi_memcpy                           0x00000229   Thumb Code    36  memcpya.o(.text)
    __aeabi_memcpy4                          0x00000229   Thumb Code     0  memcpya.o(.text)
    __aeabi_memcpy8                          0x00000229   Thumb Code     0  memcpya.o(.text)
    __aeabi_memset                           0x0000024d   Thumb Code    14  memseta.o(.text)
    __aeabi_memset4                          0x0000024d   Thumb Code     0  memseta.o(.text)
    __aeabi_memset8                          0x0000024d   Thumb Code     0  memseta.o(.text)
    __aeabi_memclr                           0x0000025b   Thumb Code     4  memseta.o(.text)
    __aeabi_memclr4                          0x0000025b   Thumb Code     0  memseta.o(.text)
    __aeabi_memclr8                          0x0000025b   Thumb Code     0  memseta.o(.text)
    _memset$wrapper                          0x0000025f   Thumb Code    18  memseta.o(.text)
    __scatterload                            0x00000271   Thumb Code    28  init.o(.text)
    __scatterload_rt2                        0x00000271   Thumb Code     0  init.o(.text)
    HAL_PWR_Callback                         0x00000295   Thumb Code     2  sn34f78x_hal_scu.o(ISR)
    HAL_RCC_Callback                         0x00000297   Thumb Code     2  sn34f78x_hal_scu.o(ISR)
    HAL_RTC_Callback                         0x00000299   Thumb Code     2  sn34f78x_hal_scu.o(ISR)
    HAL_SCU_IRQHandler                       0x0000029b   Thumb Code    46  sn34f78x_hal_scu.o(ISR)
    FLASH_WaitForLastOperation               0x000004bd   Thumb Code    98  sn34f78x_hal_flash.o(i.FLASH_WaitForLastOperation)
    HAL_DeInit                               0x00000529   Thumb Code    10  sn34f78x_hal.o(i.HAL_DeInit)
    HAL_FLASHEx_ConfigProgram                0x00000533   Thumb Code    48  sn34f78x_hal_flash_ex.o(i.HAL_FLASHEx_ConfigProgram)
    HAL_FLASHEx_GetConfig                    0x00000563   Thumb Code    58  sn34f78x_hal_flash_ex.o(i.HAL_FLASHEx_GetConfig)
    HAL_GPIO_DeInit                          0x0000059d   Thumb Code    90  sn34f78x_hal_gpio.o(i.HAL_GPIO_DeInit)
    HAL_GPIO_GetAFIO                         0x000005f9   Thumb Code    72  sn34f78x_hal_gpio.o(i.HAL_GPIO_GetAFIO)
    HAL_GPIO_Init                            0x00000645   Thumb Code   134  sn34f78x_hal_gpio.o(i.HAL_GPIO_Init)
    HAL_GPIO_ReadPin                         0x000006cb   Thumb Code    16  sn34f78x_hal_gpio.o(i.HAL_GPIO_ReadPin)
    HAL_GPIO_SetAFIO                         0x000006dd   Thumb Code   108  sn34f78x_hal_gpio.o(i.HAL_GPIO_SetAFIO)
    HAL_GPIO_TogglePin                       0x0000074d   Thumb Code    22  sn34f78x_hal_gpio.o(i.HAL_GPIO_TogglePin)
    HAL_GPIO_WritePin                        0x00000763   Thumb Code    14  sn34f78x_hal_gpio.o(i.HAL_GPIO_WritePin)
    HAL_GetNewHCLKFreq                       0x00000771   Thumb Code    88  sn34f78x_hal_rcc.o(i.HAL_GetNewHCLKFreq)
    HAL_GetTick                              0x000007d1   Thumb Code     6  sn34f78x_hal_systick.o(i.HAL_GetTick)
    HAL_GetTickPrio                          0x000007dd   Thumb Code     6  sn34f78x_hal_systick.o(i.HAL_GetTickPrio)
    HAL_IncTick                              0x000007e9   Thumb Code    16  sn34f78x_hal_systick.o(i.HAL_IncTick)
    HAL_Init                                 0x00000801   Thumb Code    20  sn34f78x_hal.o(i.HAL_Init)
    HAL_InitFlash                            0x00000815   Thumb Code    50  sn34f78x_hal_flash.o(i.HAL_InitFlash)
    HAL_InitTick                             0x00000851   Thumb Code   214  sn34f78x_hal_systick.o(i.HAL_InitTick)
    HAL_RCC_ClockConfig                      0x00000939   Thumb Code   376  sn34f78x_hal_rcc.o(i.HAL_RCC_ClockConfig)
    HAL_RCC_GetClockConfig                   0x00000acd   Thumb Code    52  sn34f78x_hal_rcc.o(i.HAL_RCC_GetClockConfig)
    HAL_RCC_GetPLLCLKFreq                    0x00000b05   Thumb Code    82  sn34f78x_hal_rcc.o(i.HAL_RCC_GetPLLCLKFreq)
    HAL_RCC_GetSysClockFreq                  0x00000b61   Thumb Code    48  sn34f78x_hal_rcc.o(i.HAL_RCC_GetSysClockFreq)
    HAL_RCC_OscConfig                        0x00000b99   Thumb Code   572  sn34f78x_hal_rcc.o(i.HAL_RCC_OscConfig)
    RCC_FCS_Command                          0x00000ded   Thumb Code   166  sn34f78x_hal_rcc.o(i.RCC_FCS_Command)
    SCU_IRQHandler                           0x00000e9d   Thumb Code     8  sn34f78x_it.o(i.SCU_IRQHandler)
    SysTick_Handler                          0x00000ea5   Thumb Code     8  sn34f78x_it.o(i.SysTick_Handler)
    SystemClock_Config                       0x00000ead   Thumb Code   128  main.o(i.SystemClock_Config)
    SystemCoreClockUpdate                    0x00000f31   Thumb Code   218  system_sn34f780.o(i.SystemCoreClockUpdate)
    SystemInit                               0x00001019   Thumb Code    14  system_sn34f780.o(i.SystemInit)
    __scatterload_copy                       0x00001079   Thumb Code    14  handlers.o(i.__scatterload_copy)
    __scatterload_zeroinit                   0x00001087   Thumb Code    14  handlers.o(i.__scatterload_zeroinit)
    _gpio_normal                             0x0000121d   Thumb Code   114  main.o(i._gpio_normal)
    init                                     0x000012c9   Thumb Code    16  init.o(i.init)
    main                                     0x000012d9   Thumb Code    36  main.o(i.main)
    sn34f7_GPIO_Init                         0x000012fd   Thumb Code    74  init.o(i.sn34f7_GPIO_Init)
    uninit                                   0x00001355   Thumb Code    38  init.o(i.uninit)
    Region$$Table$$Base                      0x00001724   Number         0  anon$$obj.o(Region$$Table)
    Region$$Table$$Limit                     0x00001744   Number         0  anon$$obj.o(Region$$Table)
    uwTick                                   0x20000000   Data           4  sn34f78x_hal_systick.o(.data)
    uwTickPrio                               0x20000004   Data           4  sn34f78x_hal_systick.o(.data)
    uwTickFreq                               0x20000008   Data           1  sn34f78x_hal_systick.o(.data)
    SystemCoreClock                          0x2000000c   Data           4  system_sn34f780.o(.data)
    GPIO3_PIN3_INIT                          0x20000010   Data          16  init.o(.bss)
    GPIO3_PIN4_INIT                          0x20000020   Data          16  init.o(.bss)
    pFlash                                   0x20000030   Data          32  sn34f78x_hal_flash.o(.bss)
    __initial_sp                             0x20000450   Data           0  startup_sn34f780.o(STACK)



==============================================================================

Memory Map of the image

  Image Entry point : 0x000001c1

  Load Region LR_IROM1 (Base: 0x00000000, Size: 0x00001754, Max: 0x0007dffc, ABSOLUTE)

    Execution Region ER_IROM1 (Exec base: 0x00000000, Load base: 0x00000000, Size: 0x00001744, Max: 0x0007dffc, ABSOLUTE)

    Exec Addr    Load Addr    Size         Type   Attr      Idx    E Section Name        Object

    0x00000000   0x00000000   0x000001c0   Data   RO          821    RESET               startup_sn34f780.o
    0x000001c0   0x000001c0   0x00000000   Code   RO          865  * .ARM.Collect$$$$00000000  mc_w.l(entry.o)
    0x000001c0   0x000001c0   0x00000004   Code   RO          874    .ARM.Collect$$$$00000001  mc_w.l(entry2.o)
    0x000001c4   0x000001c4   0x00000004   Code   RO          877    .ARM.Collect$$$$00000004  mc_w.l(entry5.o)
    0x000001c8   0x000001c8   0x00000000   Code   RO          879    .ARM.Collect$$$$00000008  mc_w.l(entry7b.o)
    0x000001c8   0x000001c8   0x00000000   Code   RO          881    .ARM.Collect$$$$0000000A  mc_w.l(entry8b.o)
    0x000001c8   0x000001c8   0x00000008   Code   RO          882    .ARM.Collect$$$$0000000B  mc_w.l(entry9a.o)
    0x000001d0   0x000001d0   0x00000000   Code   RO          884    .ARM.Collect$$$$0000000D  mc_w.l(entry10a.o)
    0x000001d0   0x000001d0   0x00000000   Code   RO          886    .ARM.Collect$$$$0000000F  mc_w.l(entry11a.o)
    0x000001d0   0x000001d0   0x00000004   Code   RO          875    .ARM.Collect$$$$00002712  mc_w.l(entry2.o)
    0x000001d4   0x000001d4   0x00000006   Code   RO            4    i.Error_Handler     main.o
    0x000001da   0x000001da   0x00000002   Code   RO          165    i.HAL_MspDeInit     sn34f78x_hal_msp.o
    0x000001dc   0x000001dc   0x00000002   Code   RO          166    i.HAL_MspInit       sn34f78x_hal_msp.o
    0x000001de   0x000001de   0x00000002   Code   RO          893    i.__scatterload_null  mc_w.l(handlers.o)
    0x000001e0   0x000001e0   0x00000004   Data   RO          682    .ARM.__at_0x000001E0  sn34f78x_hal.o
    0x000001e4   0x000001e4   0x00000004   Data   RO          683    .ARM.__at_0x000001E4  sn34f78x_hal.o
    0x000001e8   0x000001e8   0x00000040   Code   RO          823    .text               startup_sn34f780.o
    0x00000228   0x00000228   0x00000024   Code   RO          868    .text               mc_w.l(memcpya.o)
    0x0000024c   0x0000024c   0x00000024   Code   RO          870    .text               mc_w.l(memseta.o)
    0x00000270   0x00000270   0x00000024   Code   RO          888    .text               mc_w.l(init.o)
    0x00000294   0x00000294   0x00000038   Code   RO          650    ISR                 sn34f78x_hal_scu.o
    0x000002cc   0x000002cc   0x00000020   Code   RO          417    i.FLASH_AUTOHold_Config  sn34f78x_hal_flash_ex.o
    0x000002ec   0x000002ec   0x00000044   Code   RO          418    i.FLASH_CLKFreq_Config  sn34f78x_hal_flash_ex.o
    0x00000330   0x00000330   0x00000024   Code   RO          421    i.FLASH_GetAUTOHold  sn34f78x_hal_flash_ex.o
    0x00000354   0x00000354   0x00000054   Code   RO          422    i.FLASH_GetBOOTFlag  sn34f78x_hal_flash_ex.o
    0x000003a8   0x000003a8   0x00000054   Code   RO          423    i.FLASH_GetCLKFreq  sn34f78x_hal_flash_ex.o
    0x000003fc   0x000003fc   0x00000012   Code   RO          424    i.FLASH_GetMMWRP    sn34f78x_hal_flash_ex.o
    0x0000040e   0x0000040e   0x00000012   Code   RO          425    i.FLASH_GetRDP      sn34f78x_hal_flash_ex.o
    0x00000420   0x00000420   0x00000012   Code   RO          426    i.FLASH_GetSMWRP    sn34f78x_hal_flash_ex.o
    0x00000432   0x00000432   0x00000002   PAD
    0x00000434   0x00000434   0x00000074   Code   RO          428    i.FLASH_Protect_GetStatus  sn34f78x_hal_flash_ex.o
    0x000004a8   0x000004a8   0x00000014   Code   RO          370    i.FLASH_SetErrorCode  sn34f78x_hal_flash.o
    0x000004bc   0x000004bc   0x0000006c   Code   RO          371    i.FLASH_WaitForLastOperation  sn34f78x_hal_flash.o
    0x00000528   0x00000528   0x0000000a   Code   RO          678    i.HAL_DeInit        sn34f78x_hal.o
    0x00000532   0x00000532   0x00000030   Code   RO          430    i.HAL_FLASHEx_ConfigProgram  sn34f78x_hal_flash_ex.o
    0x00000562   0x00000562   0x0000003a   Code   RO          431    i.HAL_FLASHEx_GetConfig  sn34f78x_hal_flash_ex.o
    0x0000059c   0x0000059c   0x0000005a   Code   RO          538    i.HAL_GPIO_DeInit   sn34f78x_hal_gpio.o
    0x000005f6   0x000005f6   0x00000002   PAD
    0x000005f8   0x000005f8   0x0000004c   Code   RO          539    i.HAL_GPIO_GetAFIO  sn34f78x_hal_gpio.o
    0x00000644   0x00000644   0x00000086   Code   RO          541    i.HAL_GPIO_Init     sn34f78x_hal_gpio.o
    0x000006ca   0x000006ca   0x00000010   Code   RO          542    i.HAL_GPIO_ReadPin  sn34f78x_hal_gpio.o
    0x000006da   0x000006da   0x00000002   PAD
    0x000006dc   0x000006dc   0x00000070   Code   RO          544    i.HAL_GPIO_SetAFIO  sn34f78x_hal_gpio.o
    0x0000074c   0x0000074c   0x00000016   Code   RO          545    i.HAL_GPIO_TogglePin  sn34f78x_hal_gpio.o
    0x00000762   0x00000762   0x0000000e   Code   RO          546    i.HAL_GPIO_WritePin  sn34f78x_hal_gpio.o
    0x00000770   0x00000770   0x00000060   Code   RO          238    i.HAL_GetNewHCLKFreq  sn34f78x_hal_rcc.o
    0x000007d0   0x000007d0   0x0000000c   Code   RO          736    i.HAL_GetTick       sn34f78x_hal_systick.o
    0x000007dc   0x000007dc   0x0000000c   Code   RO          738    i.HAL_GetTickPrio   sn34f78x_hal_systick.o
    0x000007e8   0x000007e8   0x00000018   Code   RO          739    i.HAL_IncTick       sn34f78x_hal_systick.o
    0x00000800   0x00000800   0x00000014   Code   RO          679    i.HAL_Init          sn34f78x_hal.o
    0x00000814   0x00000814   0x0000003c   Code   RO          373    i.HAL_InitFlash     sn34f78x_hal_flash.o
    0x00000850   0x00000850   0x000000e8   Code   RO          740    i.HAL_InitTick      sn34f78x_hal_systick.o
    0x00000938   0x00000938   0x00000194   Code   RO          240    i.HAL_RCC_ClockConfig  sn34f78x_hal_rcc.o
    0x00000acc   0x00000acc   0x00000038   Code   RO          244    i.HAL_RCC_GetClockConfig  sn34f78x_hal_rcc.o
    0x00000b04   0x00000b04   0x0000005c   Code   RO          247    i.HAL_RCC_GetPLLCLKFreq  sn34f78x_hal_rcc.o
    0x00000b60   0x00000b60   0x00000038   Code   RO          248    i.HAL_RCC_GetSysClockFreq  sn34f78x_hal_rcc.o
    0x00000b98   0x00000b98   0x00000254   Code   RO          249    i.HAL_RCC_OscConfig  sn34f78x_hal_rcc.o
    0x00000dec   0x00000dec   0x000000b0   Code   RO          253    i.RCC_FCS_Command   sn34f78x_hal_rcc.o
    0x00000e9c   0x00000e9c   0x00000008   Code   RO          135    i.SCU_IRQHandler    sn34f78x_it.o
    0x00000ea4   0x00000ea4   0x00000008   Code   RO          136    i.SysTick_Handler   sn34f78x_it.o
    0x00000eac   0x00000eac   0x00000084   Code   RO            5    i.SystemClock_Config  main.o
    0x00000f30   0x00000f30   0x000000e8   Code   RO          832    i.SystemCoreClockUpdate  system_sn34f780.o
    0x00001018   0x00001018   0x00000014   Code   RO          833    i.SystemInit        system_sn34f780.o
    0x0000102c   0x0000102c   0x00000022   Code   RO          254    i.__NVIC_EnableIRQ  sn34f78x_hal_rcc.o
    0x0000104e   0x0000104e   0x00000002   PAD
    0x00001050   0x00001050   0x00000028   Code   RO          744    i.__NVIC_SetPriority  sn34f78x_hal_systick.o
    0x00001078   0x00001078   0x0000000e   Code   RO          892    i.__scatterload_copy  mc_w.l(handlers.o)
    0x00001086   0x00001086   0x0000000e   Code   RO          894    i.__scatterload_zeroinit  mc_w.l(handlers.o)
    0x00001094   0x00001094   0x00000094   Code   RO          547    i._gpio_config_irq  sn34f78x_hal_gpio.o
    0x00001128   0x00001128   0x00000064   Code   RO          548    i._gpio_config_pin_str  sn34f78x_hal_gpio.o
    0x0000118c   0x0000118c   0x00000090   Code   RO          549    i._gpio_get_pin_str  sn34f78x_hal_gpio.o
    0x0000121c   0x0000121c   0x0000007c   Code   RO            6    i._gpio_normal      main.o
    0x00001298   0x00001298   0x00000030   Code   RO          550    i._pinmux_get_port_pos  sn34f78x_hal_gpio.o
    0x000012c8   0x000012c8   0x00000010   Code   RO          195    i.init              init.o
    0x000012d8   0x000012d8   0x00000024   Code   RO            7    i.main              main.o
    0x000012fc   0x000012fc   0x00000058   Code   RO          196    i.sn34f7_GPIO_Init  init.o
    0x00001354   0x00001354   0x0000002c   Code   RO          197    i.uninit            init.o
    0x00001380   0x00001380   0x0000002c   Data   RO            8    .constdata          main.o
    0x000013ac   0x000013ac   0x0000002c   Data   RO          255    .constdata          sn34f78x_hal_rcc.o
    0x000013d8   0x000013d8   0x0000034c   Data   RO          551    .constdata          sn34f78x_hal_gpio.o
    0x00001724   0x00001724   0x00000020   Data   RO          890    Region$$Table       anon$$obj.o


    Execution Region RW_IRAM1 (Exec base: 0x20000000, Load base: 0x00001744, Size: 0x00000450, Max: 0x00028000, ABSOLUTE)

    Exec Addr    Load Addr    Size         Type   Attr      Idx    E Section Name        Object

    0x20000000   0x00001744   0x00000009   Data   RW          745    .data               sn34f78x_hal_systick.o
    0x20000009   0x0000174d   0x00000003   PAD
    0x2000000c   0x00001750   0x00000004   Data   RW          834    .data               system_sn34f780.o
    0x20000010        -       0x00000020   Zero   RW          198    .bss                init.o
    0x20000030        -       0x00000020   Zero   RW          374    .bss                sn34f78x_hal_flash.o
    0x20000050        -       0x00000400   Zero   RW          819    STACK               startup_sn34f780.o



  Load Region LR$$.ARM.__at_0x0007DFFC (Base: 0x0007dffc, Size: 0x00000004, Max: 0x00000004, ABSOLUTE)

    Execution Region ER$$.ARM.__at_0x0007DFFC (Exec base: 0x0007dffc, Load base: 0x0007dffc, Size: 0x00000004, Max: 0x00000004, ABSOLUTE, UNINIT)

    Exec Addr    Load Addr    Size         Type   Attr      Idx    E Section Name        Object

    0x0007dffc   0x0007dffc   0x00000004   Code   RO          822    .ARM.__at_0x0007DFFC  startup_sn34f780.o


==============================================================================

Image component sizes


      Code (inc. data)   RO Data    RW Data    ZI Data      Debug   Object Name

       148         20          0          0         32       1985   init.o
       298         14         44          0          0     154223   main.o
        30          0          8          0          0       2638   sn34f78x_hal.o
       188         28          0          0         32       2270   sn34f78x_hal_flash.o
       580         30          0          0          0       8309   sn34f78x_hal_flash_ex.o
       904         52        844          0          0      15664   sn34f78x_hal_gpio.o
         4          0          0          0          0        970   sn34f78x_hal_msp.o
      1510         92         44          0          0       6896   sn34f78x_hal_rcc.o
        56          4          0          0          0       1040   sn34f78x_hal_scu.o
       320         46          0          9          0      34519   sn34f78x_hal_systick.o
        16          0          0          0          0       1019   sn34f78x_it.o
        68         22        448          0       1024       1136   startup_sn34f780.o
       252         28          0          4          0       1583   system_sn34f780.o

    ----------------------------------------------------------------------
      4382        336       1420         16       1088     232252   Object Totals
         0          0         32          0          0          0   (incl. Generated)
         8          0          0          3          0          0   (incl. Padding)

    ----------------------------------------------------------------------

      Code (inc. data)   RO Data    RW Data    ZI Data      Debug   Library Member Name

         0          0          0          0          0          0   entry.o
         0          0          0          0          0          0   entry10a.o
         0          0          0          0          0          0   entry11a.o
         8          4          0          0          0          0   entry2.o
         4          0          0          0          0          0   entry5.o
         0          0          0          0          0          0   entry7b.o
         0          0          0          0          0          0   entry8b.o
         8          4          0          0          0          0   entry9a.o
        30          0          0          0          0          0   handlers.o
        36          8          0          0          0         68   init.o
        36          0          0          0          0         68   memcpya.o
        36          0          0          0          0        108   memseta.o

    ----------------------------------------------------------------------
       158         16          0          0          0        244   Library Totals
         0          0          0          0          0          0   (incl. Padding)

    ----------------------------------------------------------------------

      Code (inc. data)   RO Data    RW Data    ZI Data      Debug   Library Name

       158         16          0          0          0        244   mc_w.l

    ----------------------------------------------------------------------
       158         16          0          0          0        244   Library Totals

    ----------------------------------------------------------------------

==============================================================================


      Code (inc. data)   RO Data    RW Data    ZI Data      Debug   

      4540        352       1420         16       1088     227948   Grand Totals
      4540        352       1420         16       1088     227948   ELF Image Totals
      4540        352       1420         16          0          0   ROM Totals

==============================================================================

    Total RO  Size (Code + RO Data)                 5960 (   5.82kB)
    Total RW  Size (RW Data + ZI Data)              1104 (   1.08kB)
    Total ROM Size (Code + RO Data + RW Data)       5976 (   5.84kB)

==============================================================================

